=== RUN   TestCallback
=== RUN   TestCallback/invalid_zone
=== RUN   TestCallback/count_failed
--- PASS: TestCallback (0.00s)
    --- PASS: TestCallback/invalid_zone (0.00s)
    --- PASS: TestCallback/count_failed (0.00s)
=== RUN   TestCleanup
--- PASS: TestCleanup (0.00s)
=== RUN   TestOverflow
    logger.go:256: time=2026-03-17T14:34:51.366Z level=INFO source=/app/pkg/act/act.go:479 msg="Making a sweep of presented metrics" startTime=750 limit=300 target=450
    logger.go:256: time=2026-03-17T14:34:51.366Z level=INFO source=/app/pkg/act/act.go:528 msg="Removed extra metrics" startTime=750 limit=300 target=450 removed=450
--- PASS: TestOverflow (0.00s)
=== RUN   TestCallback_WithFailed
--- PASS: TestCallback_WithFailed (0.00s)
=== RUN   TestReconcileServices
--- PASS: TestReconcileServices (0.00s)
PASS
ok  	github.com/cilium/cilium/pkg/act	0.045s
?   	github.com/cilium/cilium/pkg/alibabacloud/api	[no test files]
?   	github.com/cilium/cilium/pkg/alibabacloud/api/mock	[no test files]
=== RUN   TestENIIPAMCapacityAccounting
--- PASS: TestENIIPAMCapacityAccounting (0.00s)
=== RUN   TestGetMaximumAllocatableIPv4
--- PASS: TestGetMaximumAllocatableIPv4 (0.00s)
=== RUN   TestCreateInterface
    logger.go:256: time=2026-03-17T14:36:14.425Z level=INFO source=/app/pkg/alibabacloud/eni/instances.go:140 msg="Synchronized ENI information" subsys=eni numInstances=3 numVPCs=1 numVSwitches=2 numSecurityGroups=1
    logger.go:256: time=2026-03-17T14:36:14.426Z level=INFO source=/app/pkg/ipam/node_manager.go:393 msg="Discovered new CiliumNode custom resource" name=node1
    logger.go:256: time=2026-03-17T14:36:14.426Z level=INFO source=/app/pkg/ipam/node_manager.go:393 msg="Discovered new CiliumNode custom resource" name=node2
    logger.go:256: time=2026-03-17T14:36:14.426Z level=INFO source=/app/pkg/alibabacloud/eni/node.go:141 msg="No more IPs available, creating new ENI" securityGroupIDs=[sg-1] vSwitchID=vsw-1 toAllocate=10
    logger.go:256: time=2026-03-17T14:36:14.426Z level=WARN source=/app/pkg/ipam/node.go:710 msg="Unable to compute pending pods, will not surge-allocate" name=node2 instanceID=i-2 error="pod store uninitialized"
    logger.go:256: time=2026-03-17T14:36:14.429Z level=INFO source=/app/pkg/ipam/node.go:740 msg="Resolving IP deficit of node" name=node2 instanceID=i-2 selectedInterface="" selectedPoolID="" maxIPsToAllocate=8 availableForAllocation=0 emptyInterfaceSlots=2 available=0 used=0 neededIPs=8 remainingInterfaces=2
    logger.go:256: time=2026-03-17T14:36:14.429Z level=INFO source=/app/pkg/alibabacloud/eni/node.go:141 msg="No more IPs available, creating new ENI" name=node2 instanceID=i-2 securityGroupIDs=[sg-2] vSwitchID=vsw-2 toAllocate=8
    logger.go:256: time=2026-03-17T14:36:14.427Z level=WARN source=/app/pkg/ipam/node.go:710 msg="Unable to compute pending pods, will not surge-allocate" name=node1 instanceID=i-1 error="pod store uninitialized"
    logger.go:256: time=2026-03-17T14:36:14.433Z level=INFO source=/app/pkg/ipam/node.go:740 msg="Resolving IP deficit of node" name=node1 instanceID=i-1 selectedInterface="" selectedPoolID="" maxIPsToAllocate=8 availableForAllocation=0 emptyInterfaceSlots=2 available=0 used=0 neededIPs=8 remainingInterfaces=2
    logger.go:256: time=2026-03-17T14:36:14.436Z level=INFO source=/app/pkg/alibabacloud/eni/node.go:159 msg="Created new ENI" securityGroupIDs=[sg-1] vSwitchID=vsw-1 toAllocate=10 eniID=2eeb196b-a8af-4794-81b5-79833e36dcb3
    logger.go:256: time=2026-03-17T14:36:14.436Z level=INFO source=/app/pkg/alibabacloud/eni/node.go:191 msg="Attached ENI to instance" securityGroupIDs=[sg-1] vSwitchID=vsw-1 toAllocate=10
    logger.go:256: time=2026-03-17T14:36:14.439Z level=INFO source=/app/pkg/alibabacloud/eni/node.go:141 msg="No more IPs available, creating new ENI" securityGroupIDs=[sg-1] vSwitchID=vsw-1 toAllocate=10
    logger.go:256: time=2026-03-17T14:36:14.439Z level=INFO source=/app/pkg/alibabacloud/eni/node.go:141 msg="No more IPs available, creating new ENI" name=node1 instanceID=i-1 securityGroupIDs=[sg-1] vSwitchID=vsw-1 toAllocate=8
    logger.go:256: time=2026-03-17T14:36:14.439Z level=INFO source=/app/pkg/alibabacloud/eni/node.go:159 msg="Created new ENI" name=node2 instanceID=i-2 securityGroupIDs=[sg-2] vSwitchID=vsw-2 toAllocate=8 eniID=8df0935e-7967-4f91-80fd-812498b1b8a5
    logger.go:256: time=2026-03-17T14:36:14.447Z level=INFO source=/app/pkg/alibabacloud/eni/node.go:159 msg="Created new ENI" securityGroupIDs=[sg-1] vSwitchID=vsw-1 toAllocate=10 eniID=d4810222-6373-4053-8d73-03459c1b8f78
    logger.go:256: time=2026-03-17T14:36:14.447Z level=INFO source=/app/pkg/alibabacloud/eni/node.go:191 msg="Attached ENI to instance" securityGroupIDs=[sg-1] vSwitchID=vsw-1 toAllocate=10
--- PASS: TestCreateInterface (0.02s)
=== RUN   TestCandidateAndEmptyInterfaces
    logger.go:256: time=2026-03-17T14:36:14.447Z level=INFO source=/app/pkg/alibabacloud/eni/instances.go:140 msg="Synchronized ENI information" subsys=eni numInstances=3 numVPCs=1 numVSwitches=2 numSecurityGroups=1
    logger.go:256: time=2026-03-17T14:36:14.448Z level=INFO source=/app/pkg/ipam/node_manager.go:393 msg="Discovered new CiliumNode custom resource" name=node3
    logger.go:256: time=2026-03-17T14:36:14.448Z level=WARN source=/app/pkg/ipam/node.go:710 msg="Unable to compute pending pods, will not surge-allocate" name=node3 instanceID=i-3 error="pod store uninitialized"
    logger.go:256: time=2026-03-17T14:36:14.448Z level=INFO source=/app/pkg/ipam/node.go:740 msg="Resolving IP deficit of node" name=node3 instanceID=i-3 selectedInterface="" selectedPoolID="" maxIPsToAllocate=1 availableForAllocation=0 emptyInterfaceSlots=1 available=0 used=0 neededIPs=1 remainingInterfaces=1
    logger.go:256: time=2026-03-17T14:36:14.448Z level=INFO source=/app/pkg/alibabacloud/eni/node.go:141 msg="No more IPs available, creating new ENI" name=node3 instanceID=i-3 securityGroupIDs=[sg-2] vSwitchID=vsw-2 toAllocate=1
    logger.go:256: time=2026-03-17T14:36:14.449Z level=INFO source=/app/pkg/alibabacloud/eni/node.go:159 msg="Created new ENI" name=node3 instanceID=i-3 securityGroupIDs=[sg-2] vSwitchID=vsw-2 toAllocate=1 eniID=044b3b5b-d6fc-4898-b952-708f40ac0403
    logger.go:256: time=2026-03-17T14:36:14.450Z level=INFO source=/app/pkg/alibabacloud/eni/node.go:191 msg="Attached ENI to instance" name=node3 instanceID=i-3 securityGroupIDs=[sg-2] vSwitchID=vsw-2 toAllocate=1
    logger.go:256: time=2026-03-17T14:36:14.450Z level=INFO source=/app/pkg/alibabacloud/eni/instances.go:158 msg="Synchronized ENI information for the corresponding instance" subsys=eni instanceID=i-3 numVPCs=1 numVSwitches=2 numSecurityGroups=1
--- PASS: TestCandidateAndEmptyInterfaces (1.00s)
=== RUN   TestPrepareIPAllocation
    logger.go:256: time=2026-03-17T14:36:15.449Z level=INFO source=/app/pkg/alibabacloud/eni/instances.go:140 msg="Synchronized ENI information" subsys=eni numInstances=3 numVPCs=1 numVSwitches=2 numSecurityGroups=1
    logger.go:256: time=2026-03-17T14:36:15.449Z level=INFO source=/app/pkg/ipam/node_manager.go:393 msg="Discovered new CiliumNode custom resource" name=node1
    logger.go:256: time=2026-03-17T14:36:15.449Z level=INFO source=/app/pkg/alibabacloud/eni/node.go:141 msg="No more IPs available, creating new ENI" securityGroupIDs=[sg-1] vSwitchID=vsw-1 toAllocate=10
    logger.go:256: time=2026-03-17T14:36:15.449Z level=WARN source=/app/pkg/ipam/node_manager.go:336 msg="Unable to maintain ip pool of node" name=node1 instanceID=i-1 error="instances API is unstable. Blocking mutating operations. See logs for details."
    logger.go:256: time=2026-03-17T14:36:15.453Z level=INFO source=/app/pkg/alibabacloud/eni/node.go:159 msg="Created new ENI" securityGroupIDs=[sg-1] vSwitchID=vsw-1 toAllocate=10 eniID=25a7b2a8-46ff-45f6-bf8c-a673d84107ff
    logger.go:256: time=2026-03-17T14:36:15.453Z level=INFO source=/app/pkg/alibabacloud/eni/node.go:191 msg="Attached ENI to instance" securityGroupIDs=[sg-1] vSwitchID=vsw-1 toAllocate=10
--- PASS: TestPrepareIPAllocation (0.00s)
=== RUN   TestNode_allocENIIndex
--- PASS: TestNode_allocENIIndex (0.00s)
PASS
ok  	github.com/cilium/cilium/pkg/alibabacloud/eni	1.096s
?   	github.com/cilium/cilium/pkg/alibabacloud/eni/limits	[no test files]
?   	github.com/cilium/cilium/pkg/alibabacloud/eni/types	[no test files]
?   	github.com/cilium/cilium/pkg/alibabacloud/metadata	[no test files]
?   	github.com/cilium/cilium/pkg/alibabacloud/types	[no test files]
=== RUN   TestGetENIIndexFromTags
=== RUN   TestGetENIIndexFromTags/default_0
=== RUN   TestGetENIIndexFromTags/index_1
--- PASS: TestGetENIIndexFromTags (0.00s)
    --- PASS: TestGetENIIndexFromTags/default_0 (0.00s)
    --- PASS: TestGetENIIndexFromTags/index_1 (0.00s)
=== RUN   TestFillTagWithENIIndex
=== RUN   TestFillTagWithENIIndex/index_1
--- PASS: TestFillTagWithENIIndex (0.00s)
    --- PASS: TestFillTagWithENIIndex/index_1 (0.00s)
PASS
ok  	github.com/cilium/cilium/pkg/alibabacloud/utils	0.008s
=== RUN   TestAlignChecker
--- PASS: TestAlignChecker (0.00s)
PASS
ok  	github.com/cilium/cilium/pkg/alignchecker	0.009s
=== RUN   TestSelectID
--- PASS: TestSelectID (0.00s)
=== RUN   TestPrefixMask
--- PASS: TestPrefixMask (0.00s)
=== RUN   TestAllocateCached
    logger.go:256: time=2026-03-17T14:36:16.811Z level=WARN source=/app/pkg/allocator/allocator.go:743 msg="Key allocation attempt failed" subsys=allocator error="no more available IDs in configured space" key=key0257 attempt=0
    logger.go:256: time=2026-03-17T14:36:16.832Z level=WARN source=/app/pkg/allocator/allocator.go:743 msg="Key allocation attempt failed" subsys=allocator error="no more available IDs in configured space" key=key0257 attempt=1
    logger.go:256: time=2026-03-17T14:36:16.853Z level=WARN source=/app/pkg/allocator/allocator.go:743 msg="Key allocation attempt failed" subsys=allocator error="no more available IDs in configured space" key=key0257 attempt=2
    logger.go:256: time=2026-03-17T14:36:16.875Z level=WARN source=/app/pkg/allocator/allocator.go:743 msg="Key allocation attempt failed" subsys=allocator error="no more available IDs in configured space" key=key0257 attempt=3
    logger.go:256: time=2026-03-17T14:36:16.895Z level=WARN source=/app/pkg/allocator/allocator.go:743 msg="Key allocation attempt failed" subsys=allocator error="no more available IDs in configured space" key=key0257 attempt=4
    logger.go:256: time=2026-03-17T14:36:16.916Z level=WARN source=/app/pkg/allocator/allocator.go:743 msg="Key allocation attempt failed" subsys=allocator error="no more available IDs in configured space" key=key0257 attempt=5
    logger.go:256: time=2026-03-17T14:36:16.937Z level=WARN source=/app/pkg/allocator/allocator.go:743 msg="Key allocation attempt failed" subsys=allocator error="no more available IDs in configured space" key=key0257 attempt=6
    logger.go:256: time=2026-03-17T14:36:16.958Z level=WARN source=/app/pkg/allocator/allocator.go:743 msg="Key allocation attempt failed" subsys=allocator error="no more available IDs in configured space" key=key0257 attempt=7
    logger.go:256: time=2026-03-17T14:36:16.978Z level=WARN source=/app/pkg/allocator/allocator.go:743 msg="Key allocation attempt failed" subsys=allocator error="no more available IDs in configured space" key=key0257 attempt=8
    logger.go:256: time=2026-03-17T14:36:16.999Z level=WARN source=/app/pkg/allocator/allocator.go:743 msg="Key allocation attempt failed" subsys=allocator error="no more available IDs in configured space" key=key0257 attempt=9
    logger.go:256: time=2026-03-17T14:36:17.019Z level=WARN source=/app/pkg/allocator/allocator.go:743 msg="Key allocation attempt failed" subsys=allocator error="no more available IDs in configured space" key=key0257 attempt=10
    logger.go:256: time=2026-03-17T14:36:17.040Z level=WARN source=/app/pkg/allocator/allocator.go:743 msg="Key allocation attempt failed" subsys=allocator error="no more available IDs in configured space" key=key0257 attempt=11
    logger.go:256: time=2026-03-17T14:36:17.060Z level=WARN source=/app/pkg/allocator/allocator.go:743 msg="Key allocation attempt failed" subsys=allocator error="no more available IDs in configured space" key=key0257 attempt=12
    logger.go:256: time=2026-03-17T14:36:17.089Z level=WARN source=/app/pkg/allocator/allocator.go:743 msg="Key allocation attempt failed" subsys=allocator error="no more available IDs in configured space" key=key0257 attempt=13
    logger.go:256: time=2026-03-17T14:36:17.109Z level=WARN source=/app/pkg/allocator/allocator.go:743 msg="Key allocation attempt failed" subsys=allocator error="no more available IDs in configured space" key=key0257 attempt=14
    logger.go:256: time=2026-03-17T14:36:17.130Z level=WARN source=/app/pkg/allocator/allocator.go:743 msg="Key allocation attempt failed" subsys=allocator error="no more available IDs in configured space" key=key0257 attempt=15
--- PASS: TestAllocateCached (0.37s)
=== RUN   TestObserveAllocatorChanges
--- PASS: TestObserveAllocatorChanges (0.00s)
=== RUN   TestHandleK8sDelete
    logger.go:256: time=2026-03-17T14:36:17.172Z level=WARN source=/app/pkg/allocator/allocator.go:997 msg="Error updating key" subsys=allocator key=foo ID=1234
    logger.go:256: time=2026-03-17T14:36:17.173Z level=ERROR source=/app/pkg/allocator/cache.go:227 msg="OnDelete MasterKeyProtection update for key" subsys=allocator error="updateKey failed: 2" ID=1234
    logger.go:256: time=2026-03-17T14:36:17.179Z level=INFO source=/app/pkg/allocator/cache.go:234 msg="OnDelete MasterKeyProtection update succeeded" subsys=allocator ID=1234
--- PASS: TestHandleK8sDelete (0.01s)
=== RUN   TestWatchRemoteKVStore
    logger.go:256: time=2026-03-17T14:36:17.179Z level=INFO source=/app/pkg/allocator/allocator.go:1111 msg="Starting remote kvstore watcher" clusterName=remote
    logger.go:256: time=2026-03-17T14:36:17.179Z level=INFO source=/app/pkg/allocator/allocator.go:1144 msg="Remote kvstore watcher successfully synchronized and registered" clusterName=remote
    logger.go:256: time=2026-03-17T14:36:17.190Z level=INFO source=/app/pkg/allocator/allocator.go:1171 msg="Stopped remote kvstore watcher" clusterName=remote
    logger.go:256: time=2026-03-17T14:36:17.190Z level=INFO source=/app/pkg/allocator/allocator.go:1111 msg="Starting remote kvstore watcher" clusterName=remote
    logger.go:256: time=2026-03-17T14:36:17.190Z level=INFO source=/app/pkg/allocator/allocator.go:1144 msg="Remote kvstore watcher successfully synchronized and registered" clusterName=remote
    logger.go:256: time=2026-03-17T14:36:17.190Z level=INFO source=/app/pkg/allocator/allocator.go:1171 msg="Stopped remote kvstore watcher" clusterName=remote
    logger.go:256: time=2026-03-17T14:36:17.190Z level=INFO source=/app/pkg/allocator/allocator.go:1111 msg="Starting remote kvstore watcher" clusterName=remote
    logger.go:256: time=2026-03-17T14:36:17.190Z level=INFO source=/app/pkg/allocator/allocator.go:1184 msg="Remote kvstore watcher unregistered" clusterName=remote
--- PASS: TestWatchRemoteKVStore (0.01s)
=== RUN   TestCacheValidators
    logger.go:256: time=2026-03-17T14:36:17.190Z level=WARN source=/app/pkg/allocator/cache.go:141 msg="Skipping event for invalid identity" subsys=allocator error=invalid identity=11 event=upsert
    logger.go:256: time=2026-03-17T14:36:17.190Z level=WARN source=/app/pkg/allocator/cache.go:173 msg="Skipping event for invalid identity" subsys=allocator error=invalid identity=11 event=delete
--- PASS: TestCacheValidators (0.00s)
=== RUN   TestSyncLocalKeys
--- PASS: TestSyncLocalKeys (0.00s)
=== RUN   TestSyncLocalKeysWithIdentityAllocations
    logger.go:256: time=2026-03-17T14:36:17.221Z level=WARN source=/app/pkg/allocator/allocator.go:743 msg="Key allocation attempt failed" subsys=allocator error="unable to allocate ID 12646 for key extra-key-0035: identity already exists" key=extra-key-0035 attempt=0
    logger.go:256: time=2026-03-17T14:36:17.221Z level=WARN source=/app/pkg/allocator/allocator.go:1021 msg="Releasing now unused key that was re-recreated" subsys=allocator key=initial-key-0202 ID=13143
    logger.go:256: time=2026-03-17T14:36:17.221Z level=WARN source=/app/pkg/allocator/allocator.go:1028 msg="Error releasing unused key" subsys=allocator error="identity does not exist" key=initial-key-0202 ID=13143
    logger.go:256: time=2026-03-17T14:36:17.267Z level=WARN source=/app/pkg/allocator/allocator.go:743 msg="Key allocation attempt failed" subsys=allocator error="unable to allocate ID 12918 for key extra-key-0247: identity already exists" key=extra-key-0247 attempt=0
    logger.go:256: time=2026-03-17T14:36:17.309Z level=WARN source=/app/pkg/allocator/allocator.go:743 msg="Key allocation attempt failed" subsys=allocator error="unable to allocate ID 3576 for key extra-key-0259: identity already exists" key=extra-key-0259 attempt=0
    logger.go:256: time=2026-03-17T14:36:17.361Z level=WARN source=/app/pkg/allocator/allocator.go:743 msg="Key allocation attempt failed" subsys=allocator error="unable to allocate ID 42836 for key extra-key-0431: identity already exists" key=extra-key-0431 attempt=0
    logger.go:256: time=2026-03-17T14:36:17.415Z level=WARN source=/app/pkg/allocator/allocator.go:1021 msg="Releasing now unused key that was re-recreated" subsys=allocator key=extra-key-0385 ID=14058
    logger.go:256: time=2026-03-17T14:36:17.415Z level=WARN source=/app/pkg/allocator/allocator.go:1028 msg="Error releasing unused key" subsys=allocator error="identity does not exist" key=extra-key-0385 ID=14058
--- PASS: TestSyncLocalKeysWithIdentityAllocations (0.22s)
=== RUN   TestLocalKeys
--- PASS: TestLocalKeys (0.00s)
PASS
ok  	github.com/cilium/cilium/pkg/allocator	0.652s
=== RUN   TestGetAnnotationIncludeExternal
--- PASS: TestGetAnnotationIncludeExternal (0.00s)
=== RUN   TestGetAnnotationShared
--- PASS: TestGetAnnotationShared (0.00s)
=== RUN   TestGetAnnotationServiceAffinity
--- PASS: TestGetAnnotationServiceAffinity (0.00s)
=== RUN   TestGet
=== RUN   TestGet/the_searched_annotation_is_not_present
=== RUN   TestGet/the_searched_annotation_is_present_(preferred_key)
=== RUN   TestGet/the_searched_annotation_is_present_(alias)
=== RUN   TestGet/the_searched_annotation_is_present_(both_preferred_and_alias_keys)
=== RUN   TestGet/the_searched_annotation_is_present_(both_alias_keys)
--- PASS: TestGet (0.00s)
    --- PASS: TestGet/the_searched_annotation_is_not_present (0.00s)
    --- PASS: TestGet/the_searched_annotation_is_present_(preferred_key) (0.00s)
    --- PASS: TestGet/the_searched_annotation_is_present_(alias) (0.00s)
    --- PASS: TestGet/the_searched_annotation_is_present_(both_preferred_and_alias_keys) (0.00s)
    --- PASS: TestGet/the_searched_annotation_is_present_(both_alias_keys) (0.00s)
PASS
ok  	github.com/cilium/cilium/pkg/annotation	0.011s
=== RUN   TestParseSpecPaths
=== RUN   TestParseSpecPaths/Basic_GET_BGP
=== RUN   TestParseSpecPaths/PUT_endpoints_by_ID
=== RUN   TestParseSpecPaths/DELETE_LRP_by_ID_with_suffix
=== RUN   TestParseSpecPaths/POST_kebab-case
=== RUN   TestParseSpecPaths/Multiple_endpoints_PATCH_and_PUT
=== RUN   TestParseSpecPaths/Multiple_methods_PATCH_and_PUT_ipam
--- PASS: TestParseSpecPaths (0.00s)
    --- PASS: TestParseSpecPaths/Basic_GET_BGP (0.00s)
    --- PASS: TestParseSpecPaths/PUT_endpoints_by_ID (0.00s)
    --- PASS: TestParseSpecPaths/DELETE_LRP_by_ID_with_suffix (0.00s)
    --- PASS: TestParseSpecPaths/POST_kebab-case (0.00s)
    --- PASS: TestParseSpecPaths/Multiple_endpoints_PATCH_and_PUT (0.00s)
    --- PASS: TestParseSpecPaths/Multiple_methods_PATCH_and_PUT_ipam (0.00s)
=== RUN   TestAllowedFlagsToDeniedPaths
=== RUN   TestAllowedFlagsToDeniedPaths/deny_all
=== RUN   TestAllowedFlagsToDeniedPaths/wildcard:_allow_all
=== RUN   TestAllowedFlagsToDeniedPaths/wildcard:_allow_gets
=== RUN   TestAllowedFlagsToDeniedPaths/allow_invalid_option
=== RUN   TestAllowedFlagsToDeniedPaths/deny_all_empty_string
=== RUN   TestAllowedFlagsToDeniedPaths/wildcard:_invalid_prefix
=== RUN   TestAllowedFlagsToDeniedPaths/wildcard:_invalid_multiple_wildcard
--- PASS: TestAllowedFlagsToDeniedPaths (0.00s)
    --- PASS: TestAllowedFlagsToDeniedPaths/deny_all (0.00s)
    --- PASS: TestAllowedFlagsToDeniedPaths/wildcard:_allow_all (0.00s)
    --- PASS: TestAllowedFlagsToDeniedPaths/wildcard:_allow_gets (0.00s)
    --- PASS: TestAllowedFlagsToDeniedPaths/allow_invalid_option (0.00s)
    --- PASS: TestAllowedFlagsToDeniedPaths/deny_all_empty_string (0.00s)
    --- PASS: TestAllowedFlagsToDeniedPaths/wildcard:_invalid_prefix (0.00s)
    --- PASS: TestAllowedFlagsToDeniedPaths/wildcard:_invalid_multiple_wildcard (0.00s)
PASS
ok  	github.com/cilium/cilium/pkg/api	0.010s
=== RUN   TestSetDelay
--- PASS: TestSetDelay (0.00s)
=== RUN   TestRateLimitBurst
--- PASS: TestRateLimitBurst (0.00s)
=== RUN   TestRateLimitWait
--- PASS: TestRateLimitWait (0.15s)
PASS
ok  	github.com/cilium/cilium/pkg/api/helpers	0.158s
?   	github.com/cilium/cilium/pkg/api/metrics	[no test files]
=== RUN   TestMock
--- PASS: TestMock (0.00s)
PASS
ok  	github.com/cilium/cilium/pkg/api/metrics/mock	0.012s
=== RUN   Test_alwaysFailAuthHandler_authenticate
=== RUN   Test_alwaysFailAuthHandler_authenticate/Always_fail
--- PASS: Test_alwaysFailAuthHandler_authenticate (0.00s)
    --- PASS: Test_alwaysFailAuthHandler_authenticate/Always_fail (0.00s)
=== RUN   Test_authMapCache_restoreCache
--- PASS: Test_authMapCache_restoreCache (0.00s)
=== RUN   Test_authMapCache_allReturnsCopy
--- PASS: Test_authMapCache_allReturnsCopy (0.00s)
=== RUN   Test_authMapCache_Delete
    logger.go:256: time=2026-03-17T14:36:30.972Z level=WARN source=/app/pkg/auth/authmap_cache.go:96 msg="Failed to delete already deleted auth entry" key="localIdentity=3000, remoteIdentity=2000, remoteNodeID=10, authType=disabled"
--- PASS: Test_authMapCache_Delete (0.00s)
=== RUN   Test_authMapCache_DeleteIf
    logger.go:256: time=2026-03-17T14:36:30.972Z level=WARN source=/app/pkg/auth/authmap_cache.go:120 msg="Failed to delete already deleted auth entry" key="localIdentity=3000, remoteIdentity=2000, remoteNodeID=10, authType=disabled"
--- PASS: Test_authMapCache_DeleteIf (0.00s)
=== RUN   Test_authMapGarbageCollector_cleanupIdentities
--- PASS: Test_authMapGarbageCollector_cleanupIdentities (0.00s)
=== RUN   Test_authMapGarbageCollector_cleanupNodes
--- PASS: Test_authMapGarbageCollector_cleanupNodes (0.00s)
=== RUN   Test_authMapGarbageCollector_cleanupPolicies
--- PASS: Test_authMapGarbageCollector_cleanupPolicies (0.00s)
=== RUN   Test_authMapGarbageCollector_cleanupExpired
--- PASS: Test_authMapGarbageCollector_cleanupExpired (0.00s)
=== RUN   Test_authMapGarbageCollector_cleanup
--- PASS: Test_authMapGarbageCollector_cleanup (0.00s)
=== RUN   Test_authMapGarbageCollector_cleanupEndpoints
--- PASS: Test_authMapGarbageCollector_cleanupEndpoints (0.00s)
=== RUN   Test_authMapGarbageCollector_cleanupEndpointsNoopCase
--- PASS: Test_authMapGarbageCollector_cleanupEndpointsNoopCase (0.00s)
=== RUN   Test_authMapGarbageCollector_HandleNodeEventError
--- PASS: Test_authMapGarbageCollector_HandleNodeEventError (0.00s)
=== RUN   Test_authMapGarbageCollector_HandleIdentityEventError
--- PASS: Test_authMapGarbageCollector_HandleIdentityEventError (0.00s)
=== RUN   Test_newAuthManager_clashingAuthHandlers
--- PASS: Test_newAuthManager_clashingAuthHandlers (0.00s)
=== RUN   Test_newAuthManager
--- PASS: Test_newAuthManager (0.00s)
=== RUN   Test_authManager_authenticate
=== RUN   Test_authManager_authenticate/missing_handler_for_auth_type
=== RUN   Test_authManager_authenticate/missing_node_IP_for_node_ID
=== RUN   Test_authManager_authenticate/successful_auth
--- PASS: Test_authManager_authenticate (0.00s)
    --- PASS: Test_authManager_authenticate/missing_handler_for_auth_type (0.00s)
    --- PASS: Test_authManager_authenticate/missing_node_IP_for_node_ID (0.00s)
    --- PASS: Test_authManager_authenticate/successful_auth (0.00s)
=== RUN   Test_authManager_handleAuthRequest
--- PASS: Test_authManager_handleAuthRequest (0.00s)
=== RUN   Test_authManager_handleAuthRequest_reservedRemoteIdentity
    logger.go:256: time=2026-03-17T14:36:30.974Z level=INFO source=/app/pkg/auth/manager.go:93 msg="Reserved identity, skipping authentication as reserved identities are not compatible with authentication" key="localIdentity=100, remoteIdentity=10, remoteNodeID=0, authType=Unknown-auth-type-100"
--- PASS: Test_authManager_handleAuthRequest_reservedRemoteIdentity (0.00s)
=== RUN   Test_authManager_handleAuthRequest_reservedLocalIdentity
    logger.go:256: time=2026-03-17T14:36:30.974Z level=INFO source=/app/pkg/auth/manager.go:93 msg="Reserved identity, skipping authentication as reserved identities are not compatible with authentication" key="localIdentity=10, remoteIdentity=100, remoteNodeID=0, authType=Unknown-auth-type-100"
--- PASS: Test_authManager_handleAuthRequest_reservedLocalIdentity (0.00s)
=== RUN   Test_authManager_handleCertificateRotationEvent_Error
--- PASS: Test_authManager_handleCertificateRotationEvent_Error (0.00s)
=== RUN   Test_authManager_handleCertificateRotationEvent
--- PASS: Test_authManager_handleCertificateRotationEvent (0.00s)
=== RUN   Test_authManager_handleCertificateDeletionEvent
--- PASS: Test_authManager_handleCertificateDeletionEvent (0.00s)
=== RUN   Test_mutualAuthHandler_verifyPeerCertificate
=== RUN   Test_mutualAuthHandler_verifyPeerCertificate/valid_certificate_with_SNI_to_match_identity
=== RUN   Test_mutualAuthHandler_verifyPeerCertificate/valid_certificate_with_no_identity_provided
=== RUN   Test_mutualAuthHandler_verifyPeerCertificate/error_on_invalid_certificate_because_incorrect_identity_provided
=== RUN   Test_mutualAuthHandler_verifyPeerCertificate/error_on_invalid_certificate_signed_by_other_CA
=== RUN   Test_mutualAuthHandler_verifyPeerCertificate/error_on_invalid_certificate_signed_by_other_CA_with_no_identity_provided
=== RUN   Test_mutualAuthHandler_verifyPeerCertificate/error_on_no_certificates_in_verifiedChains
=== RUN   Test_mutualAuthHandler_verifyPeerCertificate/error_on_empty_caBundle_provided
--- PASS: Test_mutualAuthHandler_verifyPeerCertificate (0.00s)
    --- PASS: Test_mutualAuthHandler_verifyPeerCertificate/valid_certificate_with_SNI_to_match_identity (0.00s)
    --- PASS: Test_mutualAuthHandler_verifyPeerCertificate/valid_certificate_with_no_identity_provided (0.00s)
    --- PASS: Test_mutualAuthHandler_verifyPeerCertificate/error_on_invalid_certificate_because_incorrect_identity_provided (0.00s)
    --- PASS: Test_mutualAuthHandler_verifyPeerCertificate/error_on_invalid_certificate_signed_by_other_CA (0.00s)
    --- PASS: Test_mutualAuthHandler_verifyPeerCertificate/error_on_invalid_certificate_signed_by_other_CA_with_no_identity_provided (0.00s)
    --- PASS: Test_mutualAuthHandler_verifyPeerCertificate/error_on_no_certificates_in_verifiedChains (0.00s)
    --- PASS: Test_mutualAuthHandler_verifyPeerCertificate/error_on_empty_caBundle_provided (0.00s)
=== RUN   Test_mutualAuthHandler_GetCertificateForIncomingConnection
=== RUN   Test_mutualAuthHandler_GetCertificateForIncomingConnection/valid_certificate_with_SNI_to_match_identity
=== RUN   Test_mutualAuthHandler_GetCertificateForIncomingConnection/no_certificate_for_non_existing_endpoint_identity
=== RUN   Test_mutualAuthHandler_GetCertificateForIncomingConnection/no_certificate_for_non_existing_security_identity
=== RUN   Test_mutualAuthHandler_GetCertificateForIncomingConnection/no_certificate_for_random_non_existing_domain
--- PASS: Test_mutualAuthHandler_GetCertificateForIncomingConnection (0.00s)
    --- PASS: Test_mutualAuthHandler_GetCertificateForIncomingConnection/valid_certificate_with_SNI_to_match_identity (0.00s)
    --- PASS: Test_mutualAuthHandler_GetCertificateForIncomingConnection/no_certificate_for_non_existing_endpoint_identity (0.00s)
    --- PASS: Test_mutualAuthHandler_GetCertificateForIncomingConnection/no_certificate_for_non_existing_security_identity (0.00s)
    --- PASS: Test_mutualAuthHandler_GetCertificateForIncomingConnection/no_certificate_for_random_non_existing_domain (0.00s)
=== RUN   Test_mutualAuthHandler_authenticate
    logger.go:256: time=2026-03-17T14:36:30.986Z level=INFO source=/app/pkg/auth/mutual_authhandler.go:250 msg="Starting mutual auth handler"
    logger.go:256: time=2026-03-17T14:36:30.987Z level=INFO source=/app/pkg/auth/mutual_authhandler.go:183 msg="Started mutual auth listener" port=44109
=== RUN   Test_mutualAuthHandler_authenticate/authenticate_two_valid_identities
=== RUN   Test_mutualAuthHandler_authenticate/error_on_authenticate_when_remote_identity_is_not_valid
=== NAME  Test_mutualAuthHandler_authenticate
    logger.go:256: time=2026-03-17T14:36:31.001Z level=ERROR source=/app/pkg/auth/mutual_authhandler.go:218 msg="failed to perform TLS handshake" error="no certificate for spiffe://spiffe.cilium/identity/9999"
=== RUN   Test_mutualAuthHandler_authenticate/error_on__authenticate_when_local_identity_is_not_valid
=== RUN   Test_mutualAuthHandler_authenticate/error_on_authenticate_when_auth_request_is_bad
=== NAME  Test_mutualAuthHandler_authenticate
    logger.go:256: time=2026-03-17T14:36:31.004Z level=ERROR source=/app/pkg/auth/mutual_authhandler.go:218 msg="failed to perform TLS handshake" error="failed to get identity for SNI unknown.spiffe.cilium: strconv.ParseUint: parsing \"unknown\": invalid syntax"
    logger.go:256: time=2026-03-17T14:36:31.004Z level=INFO source=/app/pkg/auth/mutual_authhandler.go:262 msg="Stopping mutual auth handler"
--- PASS: Test_mutualAuthHandler_authenticate (0.02s)
    --- PASS: Test_mutualAuthHandler_authenticate/authenticate_two_valid_identities (0.01s)
    --- PASS: Test_mutualAuthHandler_authenticate/error_on_authenticate_when_remote_identity_is_not_valid (0.00s)
    --- PASS: Test_mutualAuthHandler_authenticate/error_on__authenticate_when_local_identity_is_not_valid (0.00s)
    --- PASS: Test_mutualAuthHandler_authenticate/error_on_authenticate_when_auth_request_is_bad (0.00s)
PASS
ok  	github.com/cilium/cilium/pkg/auth	0.125s
?   	github.com/cilium/cilium/pkg/auth/certs	[no test files]
=== RUN   TestSpireDelegateClient_NumericIdentityToSNI
=== RUN   TestSpireDelegateClient_NumericIdentityToSNI/convert_valid_numeric_identity
--- PASS: TestSpireDelegateClient_NumericIdentityToSNI (0.00s)
    --- PASS: TestSpireDelegateClient_NumericIdentityToSNI/convert_valid_numeric_identity (0.00s)
=== RUN   TestSpireDelegateClient_SNIToNumericIdentity
=== RUN   TestSpireDelegateClient_SNIToNumericIdentity/convert_valid_SNI
=== RUN   TestSpireDelegateClient_SNIToNumericIdentity/error_on_convert_invalid_SNI_under_trust_domain
=== RUN   TestSpireDelegateClient_SNIToNumericIdentity/error_on_convert_invalid_SNI_outside_trust_domain
--- PASS: TestSpireDelegateClient_SNIToNumericIdentity (0.00s)
    --- PASS: TestSpireDelegateClient_SNIToNumericIdentity/convert_valid_SNI (0.00s)
    --- PASS: TestSpireDelegateClient_SNIToNumericIdentity/error_on_convert_invalid_SNI_under_trust_domain (0.00s)
    --- PASS: TestSpireDelegateClient_SNIToNumericIdentity/error_on_convert_invalid_SNI_outside_trust_domain (0.00s)
=== RUN   TestSpireDelegateClient_sniToSPIFFEID
=== RUN   TestSpireDelegateClient_sniToSPIFFEID/convert_valid_numeric_identity
--- PASS: TestSpireDelegateClient_sniToSPIFFEID (0.00s)
    --- PASS: TestSpireDelegateClient_sniToSPIFFEID/convert_valid_numeric_identity (0.00s)
=== RUN   TestSpireDelegateClient_ValidateIdentity
=== RUN   TestSpireDelegateClient_ValidateIdentity/validate_with_correct_SPIFFE_ID
=== RUN   TestSpireDelegateClient_ValidateIdentity/not_validate_with_incorrect_SPIFFE_ID
=== RUN   TestSpireDelegateClient_ValidateIdentity/error_on_validate_with_incorrect_SPIFFE_cert
=== RUN   TestSpireDelegateClient_ValidateIdentity/error_on_validate_with_non_SPIFFE_cert
--- PASS: TestSpireDelegateClient_ValidateIdentity (0.00s)
    --- PASS: TestSpireDelegateClient_ValidateIdentity/validate_with_correct_SPIFFE_ID (0.00s)
    --- PASS: TestSpireDelegateClient_ValidateIdentity/not_validate_with_incorrect_SPIFFE_ID (0.00s)
    --- PASS: TestSpireDelegateClient_ValidateIdentity/error_on_validate_with_incorrect_SPIFFE_cert (0.00s)
    --- PASS: TestSpireDelegateClient_ValidateIdentity/error_on_validate_with_non_SPIFFE_cert (0.00s)
=== RUN   TestSpireDelegateClient_GetTrustBundle
=== RUN   TestSpireDelegateClient_GetTrustBundle/get_trust_bundle
=== RUN   TestSpireDelegateClient_GetTrustBundle/error_on_no_trust_bundle
--- PASS: TestSpireDelegateClient_GetTrustBundle (0.00s)
    --- PASS: TestSpireDelegateClient_GetTrustBundle/get_trust_bundle (0.00s)
    --- PASS: TestSpireDelegateClient_GetTrustBundle/error_on_no_trust_bundle (0.00s)
=== RUN   TestSpireDelegateClient_GetCertificateForIdentity
=== RUN   TestSpireDelegateClient_GetCertificateForIdentity/get_certificate_for_numeric_identity
=== RUN   TestSpireDelegateClient_GetCertificateForIdentity/error_on_no_certificate_for_numeric_identity
=== RUN   TestSpireDelegateClient_GetCertificateForIdentity/error_on_no_certchain_for_numeric_identity
=== RUN   TestSpireDelegateClient_GetCertificateForIdentity/error_on_no_private_key_for_numeric_identity
--- PASS: TestSpireDelegateClient_GetCertificateForIdentity (0.02s)
    --- PASS: TestSpireDelegateClient_GetCertificateForIdentity/get_certificate_for_numeric_identity (0.00s)
    --- PASS: TestSpireDelegateClient_GetCertificateForIdentity/error_on_no_certificate_for_numeric_identity (0.00s)
    --- PASS: TestSpireDelegateClient_GetCertificateForIdentity/error_on_no_certchain_for_numeric_identity (0.00s)
    --- PASS: TestSpireDelegateClient_GetCertificateForIdentity/error_on_no_private_key_for_numeric_identity (0.00s)
=== RUN   TestSpireDelegateClient_SubscribeToRotatedIdentities
=== RUN   TestSpireDelegateClient_SubscribeToRotatedIdentities/receive_no_event_on_a_new_ID
=== RUN   TestSpireDelegateClient_SubscribeToRotatedIdentities/receive_1_updated_event
--- PASS: TestSpireDelegateClient_SubscribeToRotatedIdentities (0.00s)
    --- PASS: TestSpireDelegateClient_SubscribeToRotatedIdentities/receive_no_event_on_a_new_ID (0.00s)
    --- PASS: TestSpireDelegateClient_SubscribeToRotatedIdentities/receive_1_updated_event (0.00s)
PASS
ok  	github.com/cilium/cilium/pkg/auth/spire	0.047s
=== RUN   TestNewSubnetsFilters
=== RUN   TestNewSubnetsFilters/empty_arguments
=== RUN   TestNewSubnetsFilters/ids_only
=== RUN   TestNewSubnetsFilters/tags_only
=== RUN   TestNewSubnetsFilters/tags_and_ids
--- PASS: TestNewSubnetsFilters (0.00s)
    --- PASS: TestNewSubnetsFilters/empty_arguments (0.00s)
    --- PASS: TestNewSubnetsFilters/ids_only (0.00s)
    --- PASS: TestNewSubnetsFilters/tags_only (0.00s)
    --- PASS: TestNewSubnetsFilters/tags_and_ids (0.00s)
=== RUN   TestNewTagsFilters
=== RUN   TestNewTagsFilters/empty_arguments
=== RUN   TestNewTagsFilters/tags
--- PASS: TestNewTagsFilters (0.00s)
    --- PASS: TestNewTagsFilters/empty_arguments (0.00s)
    --- PASS: TestNewTagsFilters/tags (0.00s)
PASS
ok  	github.com/cilium/cilium/pkg/aws/ec2	0.009s
=== RUN   TestMock
--- PASS: TestMock (0.00s)
=== RUN   TestSetMockError
--- PASS: TestSetMockError (0.00s)
=== RUN   TestSetLimiter
--- PASS: TestSetLimiter (0.00s)
=== RUN   TestGetNextSubnet
--- PASS: TestGetNextSubnet (0.00s)
=== RUN   TestPrefixToIps
--- PASS: TestPrefixToIps (0.00s)
=== RUN   TestPrefixCeil
--- PASS: TestPrefixCeil (0.00s)
=== RUN   TestGetRouteTables
--- PASS: TestGetRouteTables (0.00s)
PASS
ok  	github.com/cilium/cilium/pkg/aws/ec2/mock	0.009s
=== RUN   TestStartENIGarbageCollector
    logger.go:256: time=2026-03-17T14:37:25.607Z level=INFO source=/app/pkg/aws/eni/eni_gc.go:38 msg="Starting to garbage collect detached ENIs" subsys=eni
--- PASS: TestStartENIGarbageCollector (0.04s)
=== RUN   TestGetSubnet
    logger.go:256: time=2026-03-17T14:37:25.649Z level=INFO source=/app/pkg/aws/eni/limits/limits.go:173 msg="Initial EC2 API limits update completed successfully" subsys=aws-eni-limits
    logger.go:256: time=2026-03-17T14:37:25.650Z level=INFO source=/app/pkg/aws/eni/instances.go:246 msg="Synchronized ENI information" subsys=eni numInstances=2 numVPCs=2 numSubnets=2 numRouteTables=2 numSecurityGroups=2
    logger.go:256: time=2026-03-17T14:37:25.650Z level=INFO source=/app/pkg/aws/eni/instances.go:246 msg="Synchronized ENI information" subsys=eni numInstances=2 numVPCs=2 numSubnets=3 numRouteTables=2 numSecurityGroups=4
--- PASS: TestGetSubnet (0.00s)
=== RUN   TestFindSubnetByIDs
    logger.go:256: time=2026-03-17T14:37:25.650Z level=INFO source=/app/pkg/aws/eni/limits/limits.go:173 msg="Initial EC2 API limits update completed successfully" subsys=aws-eni-limits
    logger.go:256: time=2026-03-17T14:37:25.650Z level=INFO source=/app/pkg/aws/eni/instances.go:246 msg="Synchronized ENI information" subsys=eni numInstances=2 numVPCs=2 numSubnets=3 numRouteTables=2 numSecurityGroups=2
    logger.go:256: time=2026-03-17T14:37:25.650Z level=INFO source=/app/pkg/aws/eni/instances.go:246 msg="Synchronized ENI information" subsys=eni numInstances=2 numVPCs=2 numSubnets=3 numRouteTables=2 numSecurityGroups=4
--- PASS: TestFindSubnetByIDs (0.00s)
=== RUN   TestFindSubnetByTags
    logger.go:256: time=2026-03-17T14:37:25.650Z level=INFO source=/app/pkg/aws/eni/limits/limits.go:173 msg="Initial EC2 API limits update completed successfully" subsys=aws-eni-limits
    logger.go:256: time=2026-03-17T14:37:25.651Z level=INFO source=/app/pkg/aws/eni/instances.go:246 msg="Synchronized ENI information" subsys=eni numInstances=2 numVPCs=2 numSubnets=2 numRouteTables=2 numSecurityGroups=2
    logger.go:256: time=2026-03-17T14:37:25.651Z level=INFO source=/app/pkg/aws/eni/instances.go:246 msg="Synchronized ENI information" subsys=eni numInstances=2 numVPCs=2 numSubnets=3 numRouteTables=2 numSecurityGroups=4
--- PASS: TestFindSubnetByTags (0.00s)
=== RUN   TestGetSecurityGroupByTags
    logger.go:256: time=2026-03-17T14:37:25.651Z level=INFO source=/app/pkg/aws/eni/limits/limits.go:173 msg="Initial EC2 API limits update completed successfully" subsys=aws-eni-limits
    logger.go:256: time=2026-03-17T14:37:25.651Z level=INFO source=/app/pkg/aws/eni/instances.go:246 msg="Synchronized ENI information" subsys=eni numInstances=2 numVPCs=2 numSubnets=2 numRouteTables=2 numSecurityGroups=2
    logger.go:256: time=2026-03-17T14:37:25.651Z level=INFO source=/app/pkg/aws/eni/instances.go:246 msg="Synchronized ENI information" subsys=eni numInstances=2 numVPCs=2 numSubnets=3 numRouteTables=2 numSecurityGroups=4
    logger.go:256: time=2026-03-17T14:37:25.651Z level=INFO source=/app/pkg/aws/eni/instances.go:246 msg="Synchronized ENI information" subsys=eni numInstances=2 numVPCs=2 numSubnets=3 numRouteTables=2 numSecurityGroups=4
--- PASS: TestGetSecurityGroupByTags (0.00s)
=== RUN   TestGetNodeNames
    logger.go:256: time=2026-03-17T14:37:25.651Z level=INFO source=/app/pkg/aws/eni/limits/limits.go:173 msg="Initial EC2 API limits update completed successfully" subsys=aws-eni-limits
    logger.go:256: time=2026-03-17T14:37:25.651Z level=INFO source=/app/pkg/aws/eni/instances.go:246 msg="Synchronized ENI information" subsys=eni numInstances=0 numVPCs=1 numSubnets=1 numRouteTables=2 numSecurityGroups=2
    logger.go:256: time=2026-03-17T14:37:25.651Z level=INFO source=/app/pkg/ipam/node_manager.go:393 msg="Discovered new CiliumNode custom resource" name=node1
    logger.go:256: time=2026-03-17T14:37:25.651Z level=WARN source=/app/pkg/ipam/node.go:476 msg="Instance limits not found." name=node1 instanceID="" error="Limits not found"
    logger.go:256: time=2026-03-17T14:37:25.652Z level=INFO source=/app/pkg/aws/eni/instances.go:246 msg="Synchronized ENI information" subsys=eni numInstances=0 numVPCs=1 numSubnets=1 numRouteTables=2 numSecurityGroups=2
    logger.go:256: time=2026-03-17T14:37:25.652Z level=INFO source=/app/pkg/ipam/node_manager.go:393 msg="Discovered new CiliumNode custom resource" name=node2
    logger.go:256: time=2026-03-17T14:37:25.652Z level=WARN source=/app/pkg/ipam/node.go:476 msg="Instance limits not found." name=node2 instanceID="" error="Limits not found"
--- PASS: TestGetNodeNames (0.00s)
=== RUN   TestNodeManagerGet
    logger.go:256: time=2026-03-17T14:37:25.652Z level=INFO source=/app/pkg/aws/eni/limits/limits.go:173 msg="Initial EC2 API limits update completed successfully" subsys=aws-eni-limits
    logger.go:256: time=2026-03-17T14:37:25.652Z level=INFO source=/app/pkg/aws/eni/instances.go:246 msg="Synchronized ENI information" subsys=eni numInstances=0 numVPCs=1 numSubnets=1 numRouteTables=2 numSecurityGroups=2
    logger.go:256: time=2026-03-17T14:37:25.652Z level=INFO source=/app/pkg/ipam/node_manager.go:393 msg="Discovered new CiliumNode custom resource" name=node1
    logger.go:256: time=2026-03-17T14:37:25.652Z level=WARN source=/app/pkg/ipam/node.go:476 msg="Instance limits not found." name=node1 instanceID="" error="Limits not found"
--- PASS: TestNodeManagerGet (0.00s)
=== RUN   TestNodeManagerDefaultAllocation
    logger.go:256: time=2026-03-17T14:37:25.653Z level=INFO source=/app/pkg/aws/eni/limits/limits.go:173 msg="Initial EC2 API limits update completed successfully" subsys=aws-eni-limits
    logger.go:256: time=2026-03-17T14:37:25.653Z level=INFO source=/app/pkg/aws/eni/instances.go:246 msg="Synchronized ENI information" subsys=eni numInstances=1 numVPCs=1 numSubnets=1 numRouteTables=2 numSecurityGroups=2
    logger.go:256: time=2026-03-17T14:37:25.654Z level=INFO source=/app/pkg/ipam/node_manager.go:393 msg="Discovered new CiliumNode custom resource" name=node1
    logger.go:256: time=2026-03-17T14:37:25.654Z level=WARN source=/app/pkg/ipam/node.go:710 msg="Unable to compute pending pods, will not surge-allocate" name=node1 instanceID=i-testNodeManagerDefaultAllocation-0 error="pod store uninitialized"
    logger.go:256: time=2026-03-17T14:37:25.654Z level=INFO source=/app/pkg/ipam/node.go:740 msg="Resolving IP deficit of node" name=node1 instanceID=i-testNodeManagerDefaultAllocation-0 selectedInterface=9d747936-8642-478e-83d4-4a61e4a53dc3 selectedPoolID=s-1 maxIPsToAllocate=8 availableForAllocation=9 emptyInterfaceSlots=2 available=0 used=0 neededIPs=8 remainingInterfaces=3
    logger.go:256: time=2026-03-17T14:37:25.654Z level=INFO source=/app/pkg/aws/eni/instances.go:268 msg="Synchronized ENI information for the corresponding instance" subsys=eni instanceID=i-testNodeManagerDefaultAllocation-0
    logger.go:256: time=2026-03-17T14:37:25.664Z level=WARN source=/app/pkg/ipam/node.go:710 msg="Unable to compute pending pods, will not surge-allocate" name=node1 instanceID=i-testNodeManagerDefaultAllocation-0 error="pod store uninitialized"
    logger.go:256: time=2026-03-17T14:37:25.664Z level=INFO source=/app/pkg/ipam/node.go:740 msg="Resolving IP deficit of node" name=node1 instanceID=i-testNodeManagerDefaultAllocation-0 selectedInterface=9d747936-8642-478e-83d4-4a61e4a53dc3 selectedPoolID=s-1 maxIPsToAllocate=7 availableForAllocation=1 emptyInterfaceSlots=2 available=8 used=7 neededIPs=7 remainingInterfaces=3
    logger.go:256: time=2026-03-17T14:37:25.664Z level=INFO source=/app/pkg/aws/eni/instances.go:268 msg="Synchronized ENI information for the corresponding instance" subsys=eni instanceID=i-testNodeManagerDefaultAllocation-0
    logger.go:256: time=2026-03-17T14:37:25.675Z level=WARN source=/app/pkg/ipam/node.go:710 msg="Unable to compute pending pods, will not surge-allocate" name=node1 instanceID=i-testNodeManagerDefaultAllocation-0 error="pod store uninitialized"
    logger.go:256: time=2026-03-17T14:37:25.675Z level=INFO source=/app/pkg/ipam/node.go:740 msg="Resolving IP deficit of node" name=node1 instanceID=i-testNodeManagerDefaultAllocation-0 selectedInterface="" selectedPoolID="" maxIPsToAllocate=6 availableForAllocation=0 emptyInterfaceSlots=2 available=9 used=7 neededIPs=6 remainingInterfaces=2
    logger.go:256: time=2026-03-17T14:37:25.675Z level=WARN source=/app/pkg/aws/eni/node.go:1037 msg="ENI NodeSubnet and  subnet are not in the same route tables, and you might have unexpected traffic routing" subsys=eni subnetID="" subnetID=s-1
    logger.go:256: time=2026-03-17T14:37:25.675Z level=INFO source=/app/pkg/aws/eni/node.go:622 msg="No more IPs available, creating new ENI" name=node1 instanceID=i-testNodeManagerDefaultAllocation-0 securityGroupIDs="[sg1 sg2]" subnetID=s-1 addresses=6 isPrefixDelegated=false
    logger.go:256: time=2026-03-17T14:37:25.675Z level=INFO source=/app/pkg/aws/eni/node.go:642 msg="Created new ENI" name=node1 instanceID=i-testNodeManagerDefaultAllocation-0 securityGroupIDs="[sg1 sg2]" subnetID=s-1 addresses=6 isPrefixDelegated=false eniID=1fce9861-4d82-4336-9d15-73b225fe6816
    logger.go:256: time=2026-03-17T14:37:25.676Z level=INFO source=/app/pkg/aws/eni/node.go:682 msg="Attached ENI to instance" name=node1 instanceID=i-testNodeManagerDefaultAllocation-0 securityGroupIDs="[sg1 sg2]" subnetID=s-1 addresses=6 isPrefixDelegated=false attachmentID="" index=1
    logger.go:256: time=2026-03-17T14:37:25.676Z level=INFO source=/app/pkg/aws/eni/instances.go:268 msg="Synchronized ENI information for the corresponding instance" subsys=eni instanceID=i-testNodeManagerDefaultAllocation-0
--- PASS: TestNodeManagerDefaultAllocation (0.03s)
=== RUN   TestNodeManagerPrefixDelegation
    logger.go:256: time=2026-03-17T14:37:25.686Z level=INFO source=/app/pkg/aws/eni/limits/limits.go:173 msg="Initial EC2 API limits update completed successfully" subsys=aws-eni-limits
    logger.go:256: time=2026-03-17T14:37:25.686Z level=INFO source=/app/pkg/aws/eni/instances.go:246 msg="Synchronized ENI information" subsys=eni numInstances=1 numVPCs=1 numSubnets=1 numRouteTables=2 numSecurityGroups=2
    logger.go:256: time=2026-03-17T14:37:25.686Z level=INFO source=/app/pkg/ipam/node_manager.go:393 msg="Discovered new CiliumNode custom resource" name=node1
    logger.go:256: time=2026-03-17T14:37:25.686Z level=WARN source=/app/pkg/ipam/node.go:710 msg="Unable to compute pending pods, will not surge-allocate" name=node1 instanceID=i-testNodeManagerDefaultAllocation-0 error="pod store uninitialized"
    logger.go:256: time=2026-03-17T14:37:25.686Z level=INFO source=/app/pkg/ipam/node.go:740 msg="Resolving IP deficit of node" name=node1 instanceID=i-testNodeManagerDefaultAllocation-0 selectedInterface=014d0bdb-9ca7-46ec-9731-d84333c0bcce selectedPoolID=s-1 maxIPsToAllocate=4 availableForAllocation=128 emptyInterfaceSlots=2 available=16 used=12 neededIPs=4 remainingInterfaces=3
    logger.go:256: time=2026-03-17T14:37:25.686Z level=INFO source=/app/pkg/aws/eni/instances.go:268 msg="Synchronized ENI information for the corresponding instance" subsys=eni instanceID=i-testNodeManagerDefaultAllocation-0
    logger.go:256: time=2026-03-17T14:37:25.697Z level=WARN source=/app/pkg/ipam/node.go:710 msg="Unable to compute pending pods, will not surge-allocate" name=node1 instanceID=i-testNodeManagerDefaultAllocation-0 error="pod store uninitialized"
    logger.go:256: time=2026-03-17T14:37:25.697Z level=INFO source=/app/pkg/ipam/node.go:740 msg="Resolving IP deficit of node" name=node1 instanceID=i-testNodeManagerDefaultAllocation-0 selectedInterface=014d0bdb-9ca7-46ec-9731-d84333c0bcce selectedPoolID=s-1 maxIPsToAllocate=1 availableForAllocation=112 emptyInterfaceSlots=2 available=32 used=25 neededIPs=1 remainingInterfaces=3
    logger.go:256: time=2026-03-17T14:37:25.697Z level=WARN source=/app/pkg/aws/eni/node.go:423 msg="Subnet might be out of prefixes, Cilium will not allocate prefixes on this node anymore" subsys=eni node=node1
    logger.go:256: time=2026-03-17T14:37:25.697Z level=INFO source=/app/pkg/aws/eni/instances.go:268 msg="Synchronized ENI information for the corresponding instance" subsys=eni instanceID=i-testNodeManagerDefaultAllocation-0
--- PASS: TestNodeManagerPrefixDelegation (0.02s)
=== RUN   TestNodeManagerENIWithSGTags
    logger.go:256: time=2026-03-17T14:37:25.707Z level=INFO source=/app/pkg/aws/eni/limits/limits.go:173 msg="Initial EC2 API limits update completed successfully" subsys=aws-eni-limits
    logger.go:256: time=2026-03-17T14:37:25.707Z level=INFO source=/app/pkg/aws/eni/instances.go:246 msg="Synchronized ENI information" subsys=eni numInstances=1 numVPCs=1 numSubnets=1 numRouteTables=2 numSecurityGroups=2
    logger.go:256: time=2026-03-17T14:37:25.707Z level=INFO source=/app/pkg/ipam/node_manager.go:393 msg="Discovered new CiliumNode custom resource" name=node1
    logger.go:256: time=2026-03-17T14:37:25.707Z level=WARN source=/app/pkg/ipam/node.go:710 msg="Unable to compute pending pods, will not surge-allocate" name=node1 instanceID=i-testNodeManagerDefaultAllocation-0 error="pod store uninitialized"
    logger.go:256: time=2026-03-17T14:37:25.707Z level=INFO source=/app/pkg/ipam/node.go:740 msg="Resolving IP deficit of node" name=node1 instanceID=i-testNodeManagerDefaultAllocation-0 selectedInterface=3f348f71-f4e2-42c0-8f10-084e9c1ff9d5 selectedPoolID=s-1 maxIPsToAllocate=8 availableForAllocation=9 emptyInterfaceSlots=2 available=0 used=0 neededIPs=8 remainingInterfaces=3
    logger.go:256: time=2026-03-17T14:37:25.707Z level=INFO source=/app/pkg/aws/eni/instances.go:268 msg="Synchronized ENI information for the corresponding instance" subsys=eni instanceID=i-testNodeManagerDefaultAllocation-0
    logger.go:256: time=2026-03-17T14:37:25.718Z level=WARN source=/app/pkg/ipam/node.go:710 msg="Unable to compute pending pods, will not surge-allocate" name=node1 instanceID=i-testNodeManagerDefaultAllocation-0 error="pod store uninitialized"
    logger.go:256: time=2026-03-17T14:37:25.718Z level=INFO source=/app/pkg/ipam/node.go:740 msg="Resolving IP deficit of node" name=node1 instanceID=i-testNodeManagerDefaultAllocation-0 selectedInterface=3f348f71-f4e2-42c0-8f10-084e9c1ff9d5 selectedPoolID=s-1 maxIPsToAllocate=7 availableForAllocation=1 emptyInterfaceSlots=2 available=8 used=7 neededIPs=7 remainingInterfaces=3
    logger.go:256: time=2026-03-17T14:37:25.718Z level=INFO source=/app/pkg/aws/eni/instances.go:268 msg="Synchronized ENI information for the corresponding instance" subsys=eni instanceID=i-testNodeManagerDefaultAllocation-0
    logger.go:256: time=2026-03-17T14:37:25.728Z level=WARN source=/app/pkg/ipam/node.go:710 msg="Unable to compute pending pods, will not surge-allocate" name=node1 instanceID=i-testNodeManagerDefaultAllocation-0 error="pod store uninitialized"
    logger.go:256: time=2026-03-17T14:37:25.728Z level=INFO source=/app/pkg/ipam/node.go:740 msg="Resolving IP deficit of node" name=node1 instanceID=i-testNodeManagerDefaultAllocation-0 selectedInterface="" selectedPoolID="" maxIPsToAllocate=6 availableForAllocation=0 emptyInterfaceSlots=2 available=9 used=7 neededIPs=6 remainingInterfaces=2
    logger.go:256: time=2026-03-17T14:37:25.728Z level=WARN source=/app/pkg/aws/eni/node.go:1037 msg="ENI NodeSubnet and  subnet are not in the same route tables, and you might have unexpected traffic routing" subsys=eni subnetID="" subnetID=s-1
    logger.go:256: time=2026-03-17T14:37:25.728Z level=INFO source=/app/pkg/aws/eni/node.go:622 msg="No more IPs available, creating new ENI" name=node1 instanceID=i-testNodeManagerDefaultAllocation-0 securityGroupIDs=[sg-1] subnetID=s-1 addresses=6 isPrefixDelegated=false
    logger.go:256: time=2026-03-17T14:37:25.728Z level=INFO source=/app/pkg/aws/eni/node.go:642 msg="Created new ENI" name=node1 instanceID=i-testNodeManagerDefaultAllocation-0 securityGroupIDs=[sg-1] subnetID=s-1 addresses=6 isPrefixDelegated=false eniID=07a118e8-a124-4726-a517-da465cd4af02
    logger.go:256: time=2026-03-17T14:37:25.728Z level=INFO source=/app/pkg/aws/eni/node.go:682 msg="Attached ENI to instance" name=node1 instanceID=i-testNodeManagerDefaultAllocation-0 securityGroupIDs=[sg-1] subnetID=s-1 addresses=6 isPrefixDelegated=false attachmentID="" index=1
    logger.go:256: time=2026-03-17T14:37:25.729Z level=INFO source=/app/pkg/aws/eni/instances.go:268 msg="Synchronized ENI information for the corresponding instance" subsys=eni instanceID=i-testNodeManagerDefaultAllocation-0
--- PASS: TestNodeManagerENIWithSGTags (0.03s)
=== RUN   TestNodeManagerMinAllocate20
    logger.go:256: time=2026-03-17T14:37:25.739Z level=INFO source=/app/pkg/aws/eni/limits/limits.go:173 msg="Initial EC2 API limits update completed successfully" subsys=aws-eni-limits
    logger.go:256: time=2026-03-17T14:37:25.739Z level=INFO source=/app/pkg/aws/eni/instances.go:246 msg="Synchronized ENI information" subsys=eni numInstances=1 numVPCs=1 numSubnets=1 numRouteTables=2 numSecurityGroups=2
    logger.go:256: time=2026-03-17T14:37:25.739Z level=INFO source=/app/pkg/ipam/node_manager.go:393 msg="Discovered new CiliumNode custom resource" name=node2
    logger.go:256: time=2026-03-17T14:37:25.739Z level=WARN source=/app/pkg/ipam/node.go:710 msg="Unable to compute pending pods, will not surge-allocate" name=node2 instanceID=i-testNodeManagerMinAllocate20-1 error="pod store uninitialized"
    logger.go:256: time=2026-03-17T14:37:25.739Z level=INFO source=/app/pkg/ipam/node.go:740 msg="Resolving IP deficit of node" name=node2 instanceID=i-testNodeManagerMinAllocate20-1 selectedInterface=de4b0627-3f81-48da-9505-cb7d4c1cc6ec selectedPoolID=s-1 maxIPsToAllocate=10 availableForAllocation=29 emptyInterfaceSlots=7 available=0 used=0 neededIPs=10 remainingInterfaces=8
    logger.go:256: time=2026-03-17T14:37:25.739Z level=INFO source=/app/pkg/aws/eni/instances.go:268 msg="Synchronized ENI information for the corresponding instance" subsys=eni instanceID=i-testNodeManagerMinAllocate20-1
    logger.go:256: time=2026-03-17T14:37:25.750Z level=WARN source=/app/pkg/ipam/node.go:710 msg="Unable to compute pending pods, will not surge-allocate" name=node2 instanceID=i-testNodeManagerMinAllocate20-1 error="pod store uninitialized"
    logger.go:256: time=2026-03-17T14:37:25.750Z level=INFO source=/app/pkg/ipam/node.go:740 msg="Resolving IP deficit of node" name=node2 instanceID=i-testNodeManagerMinAllocate20-1 selectedInterface=de4b0627-3f81-48da-9505-cb7d4c1cc6ec selectedPoolID=s-1 maxIPsToAllocate=10 availableForAllocation=19 emptyInterfaceSlots=7 available=10 used=8 neededIPs=10 remainingInterfaces=8
    logger.go:256: time=2026-03-17T14:37:25.750Z level=INFO source=/app/pkg/aws/eni/instances.go:268 msg="Synchronized ENI information for the corresponding instance" subsys=eni instanceID=i-testNodeManagerMinAllocate20-1
--- PASS: TestNodeManagerMinAllocate20 (0.02s)
=== RUN   TestNodeManagerMinAllocateAndPreallocate
    logger.go:256: time=2026-03-17T14:37:25.760Z level=INFO source=/app/pkg/aws/eni/limits/limits.go:173 msg="Initial EC2 API limits update completed successfully" subsys=aws-eni-limits
    logger.go:256: time=2026-03-17T14:37:25.760Z level=INFO source=/app/pkg/aws/eni/instances.go:246 msg="Synchronized ENI information" subsys=eni numInstances=1 numVPCs=1 numSubnets=1 numRouteTables=2 numSecurityGroups=2
    logger.go:256: time=2026-03-17T14:37:25.760Z level=INFO source=/app/pkg/ipam/node_manager.go:393 msg="Discovered new CiliumNode custom resource" name=node2
    logger.go:256: time=2026-03-17T14:37:25.760Z level=WARN source=/app/pkg/ipam/node.go:710 msg="Unable to compute pending pods, will not surge-allocate" name=node2 instanceID=i-testNodeManagerMinAllocateAndPreallocate-1 error="pod store uninitialized"
    logger.go:256: time=2026-03-17T14:37:25.761Z level=INFO source=/app/pkg/ipam/node.go:740 msg="Resolving IP deficit of node" name=node2 instanceID=i-testNodeManagerMinAllocateAndPreallocate-1 selectedInterface=973167c2-1fd7-49bd-9cec-39b3bf3bb44f selectedPoolID=s-1 maxIPsToAllocate=10 availableForAllocation=9 emptyInterfaceSlots=2 available=0 used=0 neededIPs=10 remainingInterfaces=3
    logger.go:256: time=2026-03-17T14:37:25.761Z level=INFO source=/app/pkg/aws/eni/instances.go:268 msg="Synchronized ENI information for the corresponding instance" subsys=eni instanceID=i-testNodeManagerMinAllocateAndPreallocate-1
    logger.go:256: time=2026-03-17T14:37:25.771Z level=WARN source=/app/pkg/ipam/node.go:710 msg="Unable to compute pending pods, will not surge-allocate" name=node2 instanceID=i-testNodeManagerMinAllocateAndPreallocate-1 error="pod store uninitialized"
    logger.go:256: time=2026-03-17T14:37:25.771Z level=INFO source=/app/pkg/ipam/node.go:740 msg="Resolving IP deficit of node" name=node2 instanceID=i-testNodeManagerMinAllocateAndPreallocate-1 selectedInterface="" selectedPoolID="" maxIPsToAllocate=1 availableForAllocation=0 emptyInterfaceSlots=2 available=9 used=0 neededIPs=1 remainingInterfaces=2
    logger.go:256: time=2026-03-17T14:37:25.771Z level=WARN source=/app/pkg/aws/eni/node.go:1037 msg="ENI NodeSubnet and  subnet are not in the same route tables, and you might have unexpected traffic routing" subsys=eni subnetID="" subnetID=s-1
    logger.go:256: time=2026-03-17T14:37:25.771Z level=INFO source=/app/pkg/aws/eni/node.go:622 msg="No more IPs available, creating new ENI" name=node2 instanceID=i-testNodeManagerMinAllocateAndPreallocate-1 securityGroupIDs="[sg1 sg2]" subnetID=s-1 addresses=1 isPrefixDelegated=false
    logger.go:256: time=2026-03-17T14:37:25.771Z level=INFO source=/app/pkg/aws/eni/node.go:642 msg="Created new ENI" name=node2 instanceID=i-testNodeManagerMinAllocateAndPreallocate-1 securityGroupIDs="[sg1 sg2]" subnetID=s-1 addresses=1 isPrefixDelegated=false eniID=cd86a9c4-6163-4266-b8d3-481372b50c43
    logger.go:256: time=2026-03-17T14:37:25.771Z level=INFO source=/app/pkg/aws/eni/node.go:682 msg="Attached ENI to instance" name=node2 instanceID=i-testNodeManagerMinAllocateAndPreallocate-1 securityGroupIDs="[sg1 sg2]" subnetID=s-1 addresses=1 isPrefixDelegated=false attachmentID="" index=1
    logger.go:256: time=2026-03-17T14:37:25.771Z level=INFO source=/app/pkg/aws/eni/instances.go:268 msg="Synchronized ENI information for the corresponding instance" subsys=eni instanceID=i-testNodeManagerMinAllocateAndPreallocate-1
    logger.go:256: time=2026-03-17T14:37:25.781Z level=INFO source=/app/pkg/aws/eni/instances.go:246 msg="Synchronized ENI information" subsys=eni numInstances=1 numVPCs=1 numSubnets=1 numRouteTables=2 numSecurityGroups=2
    logger.go:256: time=2026-03-17T14:37:25.782Z level=WARN source=/app/pkg/ipam/node.go:710 msg="Unable to compute pending pods, will not surge-allocate" name=node2 instanceID=i-testNodeManagerMinAllocateAndPreallocate-1 error="pod store uninitialized"
    logger.go:256: time=2026-03-17T14:37:25.782Z level=INFO source=/app/pkg/ipam/node.go:740 msg="Resolving IP deficit of node" name=node2 instanceID=i-testNodeManagerMinAllocateAndPreallocate-1 selectedInterface=cd86a9c4-6163-4266-b8d3-481372b50c43 selectedPoolID=s-1 maxIPsToAllocate=1 availableForAllocation=8 emptyInterfaceSlots=1 available=10 used=10 neededIPs=1 remainingInterfaces=2
    logger.go:256: time=2026-03-17T14:37:25.782Z level=INFO source=/app/pkg/aws/eni/instances.go:268 msg="Synchronized ENI information for the corresponding instance" subsys=eni instanceID=i-testNodeManagerMinAllocateAndPreallocate-1
--- PASS: TestNodeManagerMinAllocateAndPreallocate (0.03s)
=== RUN   TestNodeManagerReleaseAddress
    logger.go:256: time=2026-03-17T14:37:25.792Z level=INFO source=/app/pkg/aws/eni/limits/limits.go:173 msg="Initial EC2 API limits update completed successfully" subsys=aws-eni-limits
    logger.go:256: time=2026-03-17T14:37:25.792Z level=INFO source=/app/pkg/aws/eni/instances.go:246 msg="Synchronized ENI information" subsys=eni numInstances=1 numVPCs=1 numSubnets=1 numRouteTables=2 numSecurityGroups=2
    logger.go:256: time=2026-03-17T14:37:25.792Z level=INFO source=/app/pkg/ipam/node_manager.go:393 msg="Discovered new CiliumNode custom resource" name=node3
    logger.go:256: time=2026-03-17T14:37:25.792Z level=WARN source=/app/pkg/ipam/node.go:710 msg="Unable to compute pending pods, will not surge-allocate" name=node3 instanceID=i-testNodeManagerReleaseAddress-1 error="pod store uninitialized"
    logger.go:256: time=2026-03-17T14:37:25.793Z level=INFO source=/app/pkg/ipam/node.go:740 msg="Resolving IP deficit of node" name=node3 instanceID=i-testNodeManagerReleaseAddress-1 selectedInterface=c190eb22-eeaa-47a8-927e-8449aedf2380 selectedPoolID=s-1 maxIPsToAllocate=13 availableForAllocation=14 emptyInterfaceSlots=3 available=0 used=0 neededIPs=10 remainingInterfaces=4
    logger.go:256: time=2026-03-17T14:37:25.793Z level=INFO source=/app/pkg/aws/eni/instances.go:268 msg="Synchronized ENI information for the corresponding instance" subsys=eni instanceID=i-testNodeManagerReleaseAddress-1
    logger.go:256: time=2026-03-17T14:37:25.803Z level=WARN source=/app/pkg/ipam/node.go:710 msg="Unable to compute pending pods, will not surge-allocate" name=node3 instanceID=i-testNodeManagerReleaseAddress-1 error="pod store uninitialized"
    logger.go:256: time=2026-03-17T14:37:25.803Z level=INFO source=/app/pkg/ipam/node.go:740 msg="Resolving IP deficit of node" name=node3 instanceID=i-testNodeManagerReleaseAddress-1 selectedInterface=c190eb22-eeaa-47a8-927e-8449aedf2380 selectedPoolID=s-1 maxIPsToAllocate=5 availableForAllocation=1 emptyInterfaceSlots=3 available=13 used=13 neededIPs=2 remainingInterfaces=4
    logger.go:256: time=2026-03-17T14:37:25.803Z level=INFO source=/app/pkg/aws/eni/instances.go:268 msg="Synchronized ENI information for the corresponding instance" subsys=eni instanceID=i-testNodeManagerReleaseAddress-1
    logger.go:256: time=2026-03-17T14:37:25.813Z level=WARN source=/app/pkg/ipam/node.go:710 msg="Unable to compute pending pods, will not surge-allocate" name=node3 instanceID=i-testNodeManagerReleaseAddress-1 error="pod store uninitialized"
    logger.go:256: time=2026-03-17T14:37:25.814Z level=INFO source=/app/pkg/ipam/node.go:740 msg="Resolving IP deficit of node" name=node3 instanceID=i-testNodeManagerReleaseAddress-1 selectedInterface="" selectedPoolID="" maxIPsToAllocate=4 availableForAllocation=0 emptyInterfaceSlots=3 available=14 used=13 neededIPs=1 remainingInterfaces=3
    logger.go:256: time=2026-03-17T14:37:25.814Z level=WARN source=/app/pkg/aws/eni/node.go:1037 msg="ENI NodeSubnet and  subnet are not in the same route tables, and you might have unexpected traffic routing" subsys=eni subnetID="" subnetID=s-1
    logger.go:256: time=2026-03-17T14:37:25.814Z level=INFO source=/app/pkg/aws/eni/node.go:622 msg="No more IPs available, creating new ENI" name=node3 instanceID=i-testNodeManagerReleaseAddress-1 securityGroupIDs="[sg1 sg2]" subnetID=s-1 addresses=4 isPrefixDelegated=false
    logger.go:256: time=2026-03-17T14:37:25.814Z level=INFO source=/app/pkg/aws/eni/node.go:642 msg="Created new ENI" name=node3 instanceID=i-testNodeManagerReleaseAddress-1 securityGroupIDs="[sg1 sg2]" subnetID=s-1 addresses=4 isPrefixDelegated=false eniID=f4791c3b-21ab-48bb-bd48-327d0a175e85
    logger.go:256: time=2026-03-17T14:37:25.814Z level=INFO source=/app/pkg/aws/eni/node.go:682 msg="Attached ENI to instance" name=node3 instanceID=i-testNodeManagerReleaseAddress-1 securityGroupIDs="[sg1 sg2]" subnetID=s-1 addresses=4 isPrefixDelegated=false attachmentID="" index=1
    logger.go:256: time=2026-03-17T14:37:25.814Z level=INFO source=/app/pkg/aws/eni/instances.go:268 msg="Synchronized ENI information for the corresponding instance" subsys=eni instanceID=i-testNodeManagerReleaseAddress-1
    logger.go:256: time=2026-03-17T14:37:27.832Z level=INFO source=/app/pkg/aws/eni/instances.go:246 msg="Synchronized ENI information" subsys=eni numInstances=1 numVPCs=1 numSubnets=1 numRouteTables=2 numSecurityGroups=2
    logger.go:256: time=2026-03-17T14:37:30.833Z level=INFO source=/app/pkg/aws/eni/instances.go:246 msg="Synchronized ENI information" subsys=eni numInstances=1 numVPCs=1 numSubnets=1 numRouteTables=2 numSecurityGroups=2
    logger.go:256: time=2026-03-17T14:37:31.835Z level=INFO source=/app/pkg/aws/eni/instances.go:246 msg="Synchronized ENI information" subsys=eni numInstances=1 numVPCs=1 numSubnets=1 numRouteTables=2 numSecurityGroups=2
    logger.go:256: time=2026-03-17T14:37:31.835Z level=INFO source=/app/pkg/aws/eni/instances.go:268 msg="Synchronized ENI information for the corresponding instance" subsys=eni instanceID=i-testNodeManagerReleaseAddress-1
--- PASS: TestNodeManagerReleaseAddress (6.05s)
=== RUN   TestNodeManagerENIExcludeInterfaceTags
    logger.go:256: time=2026-03-17T14:37:31.838Z level=INFO source=/app/pkg/aws/eni/limits/limits.go:173 msg="Initial EC2 API limits update completed successfully" subsys=aws-eni-limits
    logger.go:256: time=2026-03-17T14:37:31.838Z level=INFO source=/app/pkg/aws/eni/instances.go:246 msg="Synchronized ENI information" subsys=eni numInstances=1 numVPCs=1 numSubnets=1 numRouteTables=2 numSecurityGroups=2
    logger.go:256: time=2026-03-17T14:37:31.838Z level=INFO source=/app/pkg/ipam/node_manager.go:393 msg="Discovered new CiliumNode custom resource" name=node1
    logger.go:256: time=2026-03-17T14:37:31.839Z level=WARN source=/app/pkg/ipam/node.go:710 msg="Unable to compute pending pods, will not surge-allocate" name=node1 instanceID=i-testNodeManagerDefaultAllocation-0 error="pod store uninitialized"
    logger.go:256: time=2026-03-17T14:37:31.839Z level=INFO source=/app/pkg/ipam/node.go:740 msg="Resolving IP deficit of node" name=node1 instanceID=i-testNodeManagerDefaultAllocation-0 selectedInterface="" selectedPoolID="" maxIPsToAllocate=8 availableForAllocation=0 emptyInterfaceSlots=2 available=0 used=0 neededIPs=8 remainingInterfaces=2
    logger.go:256: time=2026-03-17T14:37:31.839Z level=WARN source=/app/pkg/aws/eni/node.go:1037 msg="ENI NodeSubnet and  subnet are not in the same route tables, and you might have unexpected traffic routing" subsys=eni subnetID="" subnetID=s-1
    logger.go:256: time=2026-03-17T14:37:31.839Z level=INFO source=/app/pkg/aws/eni/node.go:622 msg="No more IPs available, creating new ENI" name=node1 instanceID=i-testNodeManagerDefaultAllocation-0 securityGroupIDs="[sg1 sg2]" subnetID=s-1 addresses=8 isPrefixDelegated=false
    logger.go:256: time=2026-03-17T14:37:31.839Z level=INFO source=/app/pkg/aws/eni/node.go:642 msg="Created new ENI" name=node1 instanceID=i-testNodeManagerDefaultAllocation-0 securityGroupIDs="[sg1 sg2]" subnetID=s-1 addresses=8 isPrefixDelegated=false eniID=93227370-2292-4e51-bd9e-15fc050967b2
    logger.go:256: time=2026-03-17T14:37:31.839Z level=INFO source=/app/pkg/aws/eni/node.go:682 msg="Attached ENI to instance" name=node1 instanceID=i-testNodeManagerDefaultAllocation-0 securityGroupIDs="[sg1 sg2]" subnetID=s-1 addresses=8 isPrefixDelegated=false attachmentID="" index=1
    logger.go:256: time=2026-03-17T14:37:31.839Z level=INFO source=/app/pkg/aws/eni/instances.go:268 msg="Synchronized ENI information for the corresponding instance" subsys=eni instanceID=i-testNodeManagerDefaultAllocation-0
    logger.go:256: time=2026-03-17T14:37:31.849Z level=INFO source=/app/pkg/aws/eni/instances.go:246 msg="Synchronized ENI information" subsys=eni numInstances=1 numVPCs=1 numSubnets=1 numRouteTables=2 numSecurityGroups=2
    logger.go:256: time=2026-03-17T14:37:31.849Z level=WARN source=/app/pkg/ipam/node.go:710 msg="Unable to compute pending pods, will not surge-allocate" name=node1 instanceID=i-testNodeManagerDefaultAllocation-0 error="pod store uninitialized"
    logger.go:256: time=2026-03-17T14:37:31.849Z level=INFO source=/app/pkg/ipam/node.go:740 msg="Resolving IP deficit of node" name=node1 instanceID=i-testNodeManagerDefaultAllocation-0 selectedInterface=93227370-2292-4e51-bd9e-15fc050967b2 selectedPoolID=s-1 maxIPsToAllocate=7 availableForAllocation=1 emptyInterfaceSlots=1 available=8 used=7 neededIPs=7 remainingInterfaces=2
    logger.go:256: time=2026-03-17T14:37:31.849Z level=INFO source=/app/pkg/aws/eni/instances.go:268 msg="Synchronized ENI information for the corresponding instance" subsys=eni instanceID=i-testNodeManagerDefaultAllocation-0
    logger.go:256: time=2026-03-17T14:37:31.860Z level=WARN source=/app/pkg/ipam/node.go:710 msg="Unable to compute pending pods, will not surge-allocate" name=node1 instanceID=i-testNodeManagerDefaultAllocation-0 error="pod store uninitialized"
    logger.go:256: time=2026-03-17T14:37:31.860Z level=INFO source=/app/pkg/ipam/node.go:740 msg="Resolving IP deficit of node" name=node1 instanceID=i-testNodeManagerDefaultAllocation-0 selectedInterface="" selectedPoolID="" maxIPsToAllocate=6 availableForAllocation=0 emptyInterfaceSlots=1 available=9 used=7 neededIPs=6 remainingInterfaces=1
    logger.go:256: time=2026-03-17T14:37:31.860Z level=WARN source=/app/pkg/aws/eni/node.go:1037 msg="ENI NodeSubnet and  subnet are not in the same route tables, and you might have unexpected traffic routing" subsys=eni subnetID="" subnetID=s-1
    logger.go:256: time=2026-03-17T14:37:31.860Z level=INFO source=/app/pkg/aws/eni/node.go:622 msg="No more IPs available, creating new ENI" name=node1 instanceID=i-testNodeManagerDefaultAllocation-0 securityGroupIDs="[sg1 sg2]" subnetID=s-1 addresses=6 isPrefixDelegated=false
    logger.go:256: time=2026-03-17T14:37:31.860Z level=INFO source=/app/pkg/aws/eni/node.go:642 msg="Created new ENI" name=node1 instanceID=i-testNodeManagerDefaultAllocation-0 securityGroupIDs="[sg1 sg2]" subnetID=s-1 addresses=6 isPrefixDelegated=false eniID=8223f8da-3aaf-4925-a5bd-857f2479d396
    logger.go:256: time=2026-03-17T14:37:31.860Z level=INFO source=/app/pkg/aws/eni/node.go:682 msg="Attached ENI to instance" name=node1 instanceID=i-testNodeManagerDefaultAllocation-0 securityGroupIDs="[sg1 sg2]" subnetID=s-1 addresses=6 isPrefixDelegated=false attachmentID="" index=2
    logger.go:256: time=2026-03-17T14:37:31.860Z level=INFO source=/app/pkg/aws/eni/instances.go:268 msg="Synchronized ENI information for the corresponding instance" subsys=eni instanceID=i-testNodeManagerDefaultAllocation-0
--- PASS: TestNodeManagerENIExcludeInterfaceTags (0.03s)
=== RUN   TestNodeManagerExceedENICapacity
    logger.go:256: time=2026-03-17T14:37:31.870Z level=INFO source=/app/pkg/aws/eni/limits/limits.go:173 msg="Initial EC2 API limits update completed successfully" subsys=aws-eni-limits
    logger.go:256: time=2026-03-17T14:37:31.870Z level=INFO source=/app/pkg/aws/eni/instances.go:246 msg="Synchronized ENI information" subsys=eni numInstances=1 numVPCs=1 numSubnets=1 numRouteTables=2 numSecurityGroups=2
    logger.go:256: time=2026-03-17T14:37:31.870Z level=INFO source=/app/pkg/ipam/node_manager.go:393 msg="Discovered new CiliumNode custom resource" name=node2
    logger.go:256: time=2026-03-17T14:37:31.870Z level=WARN source=/app/pkg/ipam/node.go:710 msg="Unable to compute pending pods, will not surge-allocate" name=node2 instanceID=i-testNodeManagerExceedENICapacity-1 error="pod store uninitialized"
    logger.go:256: time=2026-03-17T14:37:31.870Z level=INFO source=/app/pkg/ipam/node.go:740 msg="Resolving IP deficit of node" name=node2 instanceID=i-testNodeManagerExceedENICapacity-1 selectedInterface=7f6d7c82-af7c-440a-a2c9-4e2034973524 selectedPoolID=s-1 maxIPsToAllocate=20 availableForAllocation=14 emptyInterfaceSlots=2 available=0 used=0 neededIPs=20 remainingInterfaces=3
    logger.go:256: time=2026-03-17T14:37:31.871Z level=INFO source=/app/pkg/aws/eni/instances.go:268 msg="Synchronized ENI information for the corresponding instance" subsys=eni instanceID=i-testNodeManagerExceedENICapacity-1
    logger.go:256: time=2026-03-17T14:37:31.881Z level=WARN source=/app/pkg/ipam/node.go:710 msg="Unable to compute pending pods, will not surge-allocate" name=node2 instanceID=i-testNodeManagerExceedENICapacity-1 error="pod store uninitialized"
    logger.go:256: time=2026-03-17T14:37:31.881Z level=INFO source=/app/pkg/ipam/node.go:740 msg="Resolving IP deficit of node" name=node2 instanceID=i-testNodeManagerExceedENICapacity-1 selectedInterface="" selectedPoolID="" maxIPsToAllocate=6 availableForAllocation=0 emptyInterfaceSlots=2 available=14 used=0 neededIPs=6 remainingInterfaces=2
    logger.go:256: time=2026-03-17T14:37:31.881Z level=WARN source=/app/pkg/aws/eni/node.go:1037 msg="ENI NodeSubnet and  subnet are not in the same route tables, and you might have unexpected traffic routing" subsys=eni subnetID="" subnetID=s-1
    logger.go:256: time=2026-03-17T14:37:31.881Z level=INFO source=/app/pkg/aws/eni/node.go:622 msg="No more IPs available, creating new ENI" name=node2 instanceID=i-testNodeManagerExceedENICapacity-1 securityGroupIDs="[sg1 sg2]" subnetID=s-1 addresses=6 isPrefixDelegated=false
    logger.go:256: time=2026-03-17T14:37:31.881Z level=INFO source=/app/pkg/aws/eni/node.go:642 msg="Created new ENI" name=node2 instanceID=i-testNodeManagerExceedENICapacity-1 securityGroupIDs="[sg1 sg2]" subnetID=s-1 addresses=6 isPrefixDelegated=false eniID=06b9fbdf-9cef-4385-8d6c-82091d867fc7
    logger.go:256: time=2026-03-17T14:37:31.881Z level=INFO source=/app/pkg/aws/eni/node.go:682 msg="Attached ENI to instance" name=node2 instanceID=i-testNodeManagerExceedENICapacity-1 securityGroupIDs="[sg1 sg2]" subnetID=s-1 addresses=6 isPrefixDelegated=false attachmentID="" index=1
    logger.go:256: time=2026-03-17T14:37:31.881Z level=INFO source=/app/pkg/aws/eni/instances.go:268 msg="Synchronized ENI information for the corresponding instance" subsys=eni instanceID=i-testNodeManagerExceedENICapacity-1
    logger.go:256: time=2026-03-17T14:37:31.891Z level=INFO source=/app/pkg/aws/eni/instances.go:246 msg="Synchronized ENI information" subsys=eni numInstances=1 numVPCs=1 numSubnets=1 numRouteTables=2 numSecurityGroups=2
    logger.go:256: time=2026-03-17T14:37:31.892Z level=WARN source=/app/pkg/ipam/node.go:710 msg="Unable to compute pending pods, will not surge-allocate" name=node2 instanceID=i-testNodeManagerExceedENICapacity-1 error="pod store uninitialized"
    logger.go:256: time=2026-03-17T14:37:31.892Z level=INFO source=/app/pkg/ipam/node.go:740 msg="Resolving IP deficit of node" name=node2 instanceID=i-testNodeManagerExceedENICapacity-1 selectedInterface=06b9fbdf-9cef-4385-8d6c-82091d867fc7 selectedPoolID=s-1 maxIPsToAllocate=22 availableForAllocation=8 emptyInterfaceSlots=1 available=20 used=40 neededIPs=22 remainingInterfaces=2
    logger.go:256: time=2026-03-17T14:37:31.892Z level=INFO source=/app/pkg/aws/eni/instances.go:268 msg="Synchronized ENI information for the corresponding instance" subsys=eni instanceID=i-testNodeManagerExceedENICapacity-1
    logger.go:256: time=2026-03-17T14:37:31.903Z level=INFO source=/app/pkg/ipam/node.go:740 msg="Resolving IP deficit of node" name=node2 instanceID=i-testNodeManagerExceedENICapacity-1 selectedInterface="" selectedPoolID="" maxIPsToAllocate=14 availableForAllocation=0 emptyInterfaceSlots=1 available=28 used=40 neededIPs=14 remainingInterfaces=1
    logger.go:256: time=2026-03-17T14:37:31.903Z level=WARN source=/app/pkg/aws/eni/node.go:1037 msg="ENI NodeSubnet and  subnet are not in the same route tables, and you might have unexpected traffic routing" subsys=eni subnetID="" subnetID=s-1
    logger.go:256: time=2026-03-17T14:37:31.903Z level=INFO source=/app/pkg/aws/eni/node.go:622 msg="No more IPs available, creating new ENI" name=node2 instanceID=i-testNodeManagerExceedENICapacity-1 securityGroupIDs="[sg1 sg2]" subnetID=s-1 addresses=14 isPrefixDelegated=false
    logger.go:256: time=2026-03-17T14:37:31.903Z level=INFO source=/app/pkg/aws/eni/node.go:642 msg="Created new ENI" name=node2 instanceID=i-testNodeManagerExceedENICapacity-1 securityGroupIDs="[sg1 sg2]" subnetID=s-1 addresses=14 isPrefixDelegated=false eniID=f3a5c1f0-0d62-4176-8c45-5475a9bd9248
    logger.go:256: time=2026-03-17T14:37:31.903Z level=INFO source=/app/pkg/aws/eni/node.go:682 msg="Attached ENI to instance" name=node2 instanceID=i-testNodeManagerExceedENICapacity-1 securityGroupIDs="[sg1 sg2]" subnetID=s-1 addresses=14 isPrefixDelegated=false attachmentID="" index=2
    logger.go:256: time=2026-03-17T14:37:31.903Z level=INFO source=/app/pkg/aws/eni/instances.go:268 msg="Synchronized ENI information for the corresponding instance" subsys=eni instanceID=i-testNodeManagerExceedENICapacity-1
--- PASS: TestNodeManagerExceedENICapacity (0.04s)
=== RUN   TestInterfaceCreatedInInitialSubnet
    logger.go:256: time=2026-03-17T14:37:31.913Z level=INFO source=/app/pkg/aws/eni/limits/limits.go:173 msg="Initial EC2 API limits update completed successfully" subsys=aws-eni-limits
    logger.go:256: time=2026-03-17T14:37:31.913Z level=INFO source=/app/pkg/aws/eni/instances.go:246 msg="Synchronized ENI information" subsys=eni numInstances=1 numVPCs=1 numSubnets=2 numRouteTables=2 numSecurityGroups=2
    logger.go:256: time=2026-03-17T14:37:31.913Z level=INFO source=/app/pkg/ipam/node_manager.go:393 msg="Discovered new CiliumNode custom resource" name=node1
    logger.go:256: time=2026-03-17T14:37:31.913Z level=WARN source=/app/pkg/ipam/node.go:710 msg="Unable to compute pending pods, will not surge-allocate" name=node1 instanceID=i-testCreateInterfaceInCorrectSubnet-1 error="pod store uninitialized"
    logger.go:256: time=2026-03-17T14:37:31.913Z level=INFO source=/app/pkg/ipam/node.go:740 msg="Resolving IP deficit of node" name=node1 instanceID=i-testCreateInterfaceInCorrectSubnet-1 selectedInterface=880620f4-f4e3-4172-b43d-94cc90938558 selectedPoolID=s-1 maxIPsToAllocate=16 availableForAllocation=14 emptyInterfaceSlots=2 available=0 used=0 neededIPs=16 remainingInterfaces=3
    logger.go:256: time=2026-03-17T14:37:31.913Z level=INFO source=/app/pkg/aws/eni/instances.go:268 msg="Synchronized ENI information for the corresponding instance" subsys=eni instanceID=i-testCreateInterfaceInCorrectSubnet-1
    logger.go:256: time=2026-03-17T14:37:31.923Z level=WARN source=/app/pkg/ipam/node.go:710 msg="Unable to compute pending pods, will not surge-allocate" name=node1 instanceID=i-testCreateInterfaceInCorrectSubnet-1 error="pod store uninitialized"
    logger.go:256: time=2026-03-17T14:37:31.923Z level=INFO source=/app/pkg/ipam/node.go:740 msg="Resolving IP deficit of node" name=node1 instanceID=i-testCreateInterfaceInCorrectSubnet-1 selectedInterface="" selectedPoolID="" maxIPsToAllocate=2 availableForAllocation=0 emptyInterfaceSlots=2 available=14 used=0 neededIPs=2 remainingInterfaces=2
    logger.go:256: time=2026-03-17T14:37:31.924Z level=INFO source=/app/pkg/aws/eni/node.go:622 msg="No more IPs available, creating new ENI" name=node1 instanceID=i-testCreateInterfaceInCorrectSubnet-1 securityGroupIDs="[sg1 sg2]" subnetID=s-1 addresses=2 isPrefixDelegated=false
    logger.go:256: time=2026-03-17T14:37:31.924Z level=INFO source=/app/pkg/aws/eni/node.go:642 msg="Created new ENI" name=node1 instanceID=i-testCreateInterfaceInCorrectSubnet-1 securityGroupIDs="[sg1 sg2]" subnetID=s-1 addresses=2 isPrefixDelegated=false eniID=8fb3a20b-35f5-4151-bd0b-19496c893792
    logger.go:256: time=2026-03-17T14:37:31.924Z level=INFO source=/app/pkg/aws/eni/node.go:682 msg="Attached ENI to instance" name=node1 instanceID=i-testCreateInterfaceInCorrectSubnet-1 securityGroupIDs="[sg1 sg2]" subnetID=s-1 addresses=2 isPrefixDelegated=false attachmentID="" index=1
    logger.go:256: time=2026-03-17T14:37:31.924Z level=INFO source=/app/pkg/aws/eni/instances.go:268 msg="Synchronized ENI information for the corresponding instance" subsys=eni instanceID=i-testCreateInterfaceInCorrectSubnet-1
--- PASS: TestInterfaceCreatedInInitialSubnet (0.02s)
=== RUN   TestNodeManagerManyNodes
    node_manager_test.go:734: This test is flaky, see https://github.com/cilium/cilium/issues/11560
--- SKIP: TestNodeManagerManyNodes (0.00s)
=== RUN   TestNodeManagerInstanceNotRunning
    logger.go:256: time=2026-03-17T14:37:31.934Z level=INFO source=/app/pkg/aws/eni/limits/limits.go:173 msg="Initial EC2 API limits update completed successfully" subsys=aws-eni-limits
    logger.go:256: time=2026-03-17T14:37:31.934Z level=INFO source=/app/pkg/aws/eni/instances.go:246 msg="Synchronized ENI information" subsys=eni numInstances=1 numVPCs=1 numSubnets=1 numRouteTables=2 numSecurityGroups=2
    logger.go:256: time=2026-03-17T14:37:31.934Z level=INFO source=/app/pkg/ipam/node_manager.go:393 msg="Discovered new CiliumNode custom resource" name=node1
    logger.go:256: time=2026-03-17T14:37:31.934Z level=WARN source=/app/pkg/ipam/node.go:710 msg="Unable to compute pending pods, will not surge-allocate" name=node1 instanceID=i-testNodeManagerInstanceNotRunning-0 error="pod store uninitialized"
    logger.go:256: time=2026-03-17T14:37:31.934Z level=INFO source=/app/pkg/ipam/node.go:740 msg="Resolving IP deficit of node" name=node1 instanceID=i-testNodeManagerInstanceNotRunning-0 selectedInterface="" selectedPoolID="" maxIPsToAllocate=8 availableForAllocation=0 emptyInterfaceSlots=1 available=0 used=0 neededIPs=8 remainingInterfaces=1
    logger.go:256: time=2026-03-17T14:37:31.934Z level=WARN source=/app/pkg/aws/eni/node.go:1037 msg="ENI NodeSubnet and  subnet are not in the same route tables, and you might have unexpected traffic routing" subsys=eni subnetID="" subnetID=s-1
    logger.go:256: time=2026-03-17T14:37:31.934Z level=INFO source=/app/pkg/aws/eni/node.go:622 msg="No more IPs available, creating new ENI" name=node1 instanceID=i-testNodeManagerInstanceNotRunning-0 securityGroupIDs="[sg1 sg2]" subnetID=s-1 addresses=8 isPrefixDelegated=false
    logger.go:256: time=2026-03-17T14:37:31.935Z level=INFO source=/app/pkg/aws/eni/node.go:642 msg="Created new ENI" name=node1 instanceID=i-testNodeManagerInstanceNotRunning-0 securityGroupIDs="[sg1 sg2]" subnetID=s-1 addresses=8 isPrefixDelegated=false eniID=3dbd965b-48d7-4a0e-8201-c777d932552e
    logger.go:256: time=2026-03-17T14:37:31.935Z level=INFO source=/app/pkg/ipam/node.go:219 msg="Set running false" name=node1 instanceID=i-testNodeManagerInstanceNotRunning-0
    logger.go:256: time=2026-03-17T14:37:31.935Z level=INFO source=/app/pkg/aws/eni/node.go:503 msg="Marking node as not running" subsys=eni
    logger.go:256: time=2026-03-17T14:37:31.935Z level=INFO source=/app/pkg/ipam/node.go:587 msg="Unable to create interface on instance" name=node1 instanceID=i-testNodeManagerInstanceNotRunning-0 error="unable to attach ENI at index 1: foo is not 'running' foo"
    logger.go:256: time=2026-03-17T14:37:31.935Z level=WARN source=/app/pkg/ipam/node_manager.go:336 msg="Unable to maintain ip pool of node" name=node1 instanceID=i-testNodeManagerInstanceNotRunning-0 error="unable to attach ENI at index 1: foo is not 'running' foo"
    logger.go:256: time=2026-03-17T14:37:31.935Z level=INFO source=/app/pkg/aws/eni/instances.go:268 msg="Synchronized ENI information for the corresponding instance" subsys=eni instanceID=i-testNodeManagerInstanceNotRunning-0
--- PASS: TestNodeManagerInstanceNotRunning (0.01s)
=== RUN   TestInstanceBeenDeleted
    logger.go:256: time=2026-03-17T14:37:31.945Z level=INFO source=/app/pkg/aws/eni/limits/limits.go:173 msg="Initial EC2 API limits update completed successfully" subsys=aws-eni-limits
    logger.go:256: time=2026-03-17T14:37:31.945Z level=INFO source=/app/pkg/aws/eni/instances.go:246 msg="Synchronized ENI information" subsys=eni numInstances=1 numVPCs=1 numSubnets=1 numRouteTables=2 numSecurityGroups=2
    logger.go:256: time=2026-03-17T14:37:31.945Z level=INFO source=/app/pkg/ipam/node_manager.go:393 msg="Discovered new CiliumNode custom resource" name=node1
    logger.go:256: time=2026-03-17T14:37:31.945Z level=INFO source=/app/pkg/aws/eni/instances.go:246 msg="Synchronized ENI information" subsys=eni numInstances=0 numVPCs=1 numSubnets=1 numRouteTables=2 numSecurityGroups=2
    logger.go:256: time=2026-03-17T14:37:31.945Z level=WARN source=/app/pkg/ipam/node.go:478 msg="Instance not found! Please delete corresponding ciliumnode if instance has already been deleted." name=node1 instanceID=i-testInstanceBeenDeleted-0 error="unable to retrieve ENIs"
--- PASS: TestInstanceBeenDeleted (0.00s)
=== RUN   TestNodeManagerStaticIP
    logger.go:256: time=2026-03-17T14:37:31.945Z level=INFO source=/app/pkg/aws/eni/limits/limits.go:173 msg="Initial EC2 API limits update completed successfully" subsys=aws-eni-limits
    logger.go:256: time=2026-03-17T14:37:31.946Z level=INFO source=/app/pkg/aws/eni/instances.go:246 msg="Synchronized ENI information" subsys=eni numInstances=1 numVPCs=1 numSubnets=1 numRouteTables=2 numSecurityGroups=2
    logger.go:256: time=2026-03-17T14:37:31.946Z level=INFO source=/app/pkg/ipam/node_manager.go:393 msg="Discovered new CiliumNode custom resource" name=node1
    logger.go:256: time=2026-03-17T14:37:31.946Z level=WARN source=/app/pkg/ipam/node.go:710 msg="Unable to compute pending pods, will not surge-allocate" name=node1 instanceID=i-testNodeManagerStaticIP-0 error="pod store uninitialized"
    logger.go:256: time=2026-03-17T14:37:31.946Z level=INFO source=/app/pkg/ipam/node.go:740 msg="Resolving IP deficit of node" name=node1 instanceID=i-testNodeManagerStaticIP-0 selectedInterface=3a1b0493-3bcb-4e25-8c86-17e353af7570 selectedPoolID=s-1 maxIPsToAllocate=8 availableForAllocation=9 emptyInterfaceSlots=2 available=0 used=0 neededIPs=8 remainingInterfaces=3
    logger.go:256: time=2026-03-17T14:37:31.946Z level=INFO source=/app/pkg/aws/eni/instances.go:268 msg="Synchronized ENI information for the corresponding instance" subsys=eni instanceID=i-testNodeManagerStaticIP-0
    logger.go:256: time=2026-03-17T14:37:31.956Z level=WARN source=/app/pkg/ipam/node.go:710 msg="Unable to compute pending pods, will not surge-allocate" name=node1 instanceID=i-testNodeManagerStaticIP-0 error="pod store uninitialized"
    logger.go:256: time=2026-03-17T14:37:31.956Z level=INFO source=/app/pkg/ipam/node.go:740 msg="Resolving IP deficit of node" name=node1 instanceID=i-testNodeManagerStaticIP-0 selectedInterface=3a1b0493-3bcb-4e25-8c86-17e353af7570 selectedPoolID=s-1 maxIPsToAllocate=1 availableForAllocation=1 emptyInterfaceSlots=2 available=8 used=1 neededIPs=1 remainingInterfaces=3
    logger.go:256: time=2026-03-17T14:37:31.956Z level=INFO source=/app/pkg/aws/eni/instances.go:268 msg="Synchronized ENI information for the corresponding instance" subsys=eni instanceID=i-testNodeManagerStaticIP-0
--- PASS: TestNodeManagerStaticIP (0.02s)
=== RUN   TestNodeManagerStaticIPAlreadyAssociated
    logger.go:256: time=2026-03-17T14:37:31.967Z level=INFO source=/app/pkg/aws/eni/limits/limits.go:173 msg="Initial EC2 API limits update completed successfully" subsys=aws-eni-limits
    logger.go:256: time=2026-03-17T14:37:31.967Z level=INFO source=/app/pkg/aws/eni/instances.go:246 msg="Synchronized ENI information" subsys=eni numInstances=1 numVPCs=1 numSubnets=1 numRouteTables=2 numSecurityGroups=2
    logger.go:256: time=2026-03-17T14:37:31.967Z level=INFO source=/app/pkg/ipam/node_manager.go:393 msg="Discovered new CiliumNode custom resource" name=node1
    logger.go:256: time=2026-03-17T14:37:31.967Z level=WARN source=/app/pkg/ipam/node.go:710 msg="Unable to compute pending pods, will not surge-allocate" name=node1 instanceID=i-testNodeManagerStaticIPAlreadyAssociated-0 error="pod store uninitialized"
    logger.go:256: time=2026-03-17T14:37:31.967Z level=INFO source=/app/pkg/ipam/node.go:740 msg="Resolving IP deficit of node" name=node1 instanceID=i-testNodeManagerStaticIPAlreadyAssociated-0 selectedInterface=258f2e68-658a-4321-ace7-579fa30b38ff selectedPoolID=s-1 maxIPsToAllocate=8 availableForAllocation=9 emptyInterfaceSlots=2 available=0 used=0 neededIPs=8 remainingInterfaces=3
    logger.go:256: time=2026-03-17T14:37:31.967Z level=INFO source=/app/pkg/aws/eni/instances.go:268 msg="Synchronized ENI information for the corresponding instance" subsys=eni instanceID=i-testNodeManagerStaticIPAlreadyAssociated-0
--- PASS: TestNodeManagerStaticIPAlreadyAssociated (0.01s)
=== RUN   TestENIIPAMCapacityAccounting
    logger.go:256: time=2026-03-17T14:37:31.978Z level=INFO source=/app/pkg/aws/eni/limits/limits.go:173 msg="Initial EC2 API limits update completed successfully" subsys=aws-eni-limits
--- PASS: TestENIIPAMCapacityAccounting (0.00s)
=== RUN   TestGetMaximumAllocatableIPv4
    logger.go:256: time=2026-03-17T14:37:31.978Z level=INFO source=/app/pkg/aws/eni/limits/limits.go:173 msg="Initial EC2 API limits update completed successfully" subsys=aws-eni-limits
    logger.go:256: time=2026-03-17T14:37:31.978Z level=WARN source=/app/pkg/aws/eni/node.go:809 msg="Could not determine first interface index, maximum allocatable ipv4 addresses will be 0 (unlimited) this could lead to ip allocation overflows if the max-allocate flag is not set" firstInterfaceIndex=unknown
    logger.go:256: time=2026-03-17T14:37:31.978Z level=WARN source=/app/pkg/aws/eni/node.go:830 msg="Instance type network adapters limit is lower than the configured FirstInterfaceIndex, maximum allocatable ipv4 addresses will be 0 (unlimited) this could lead to ip allocation overflows if the max-allocate flag is not set" adaptersLimit=3 firstInterfaceIndex=4
    logger.go:256: time=2026-03-17T14:37:31.978Z level=WARN source=/app/pkg/aws/eni/node.go:820 msg="Could not determined instance limits, maximum allocatable ipv4 addresses will be 0 (unlimited) this could lead to ip allocation overflows if the max-allocate flag is not set" adaptersLimit=unknown firstInterfaceIndex=unknown
--- PASS: TestGetMaximumAllocatableIPv4 (0.00s)
=== RUN   Test_findSubnetInSameRouteTableWithNodeSubnet
--- PASS: Test_findSubnetInSameRouteTableWithNodeSubnet (0.00s)
=== RUN   Test_findSubnetInSameRouteTableWithNodeSubnet_UntrackedSubnets
--- PASS: Test_findSubnetInSameRouteTableWithNodeSubnet_UntrackedSubnets (0.00s)
=== RUN   Test_checkSubnetInSameRouteTableWithNodeSubnet
=== RUN   Test_checkSubnetInSameRouteTableWithNodeSubnet/same_route_table
=== RUN   Test_checkSubnetInSameRouteTableWithNodeSubnet/different_route_table
--- PASS: Test_checkSubnetInSameRouteTableWithNodeSubnet (0.00s)
    --- PASS: Test_checkSubnetInSameRouteTableWithNodeSubnet/same_route_table (0.00s)
    --- PASS: Test_checkSubnetInSameRouteTableWithNodeSubnet/different_route_table (0.00s)
=== RUN   TestIsPrefixDelegated
=== RUN   TestIsPrefixDelegated/xen_instance
    logger.go:256: time=2026-03-17T14:37:31.978Z level=INFO source=/app/pkg/aws/eni/limits/limits.go:173 msg="Initial EC2 API limits update completed successfully" subsys=aws-eni-limits
=== RUN   TestIsPrefixDelegated/metal_instance
    logger.go:256: time=2026-03-17T14:37:31.979Z level=INFO source=/app/pkg/aws/eni/limits/limits.go:173 msg="Initial EC2 API limits update completed successfully" subsys=aws-eni-limits
=== RUN   TestIsPrefixDelegated/nitro_instance
    logger.go:256: time=2026-03-17T14:37:31.979Z level=INFO source=/app/pkg/aws/eni/limits/limits.go:173 msg="Initial EC2 API limits update completed successfully" subsys=aws-eni-limits
--- PASS: TestIsPrefixDelegated (0.00s)
    --- PASS: TestIsPrefixDelegated/xen_instance (0.00s)
    --- PASS: TestIsPrefixDelegated/metal_instance (0.00s)
    --- PASS: TestIsPrefixDelegated/nitro_instance (0.00s)
PASS
ok  	github.com/cilium/cilium/pkg/aws/eni	6.426s
=== RUN   TestGet
    logger.go:256: time=2026-03-17T14:37:32.821Z level=INFO source=/app/pkg/aws/eni/limits/limits.go:173 msg="Initial EC2 API limits update completed successfully" subsys=aws-eni-limits
--- PASS: TestGet (1.00s)
=== RUN   TestInitEC2APIUpdateTrigger
    logger.go:256: time=2026-03-17T14:37:33.821Z level=INFO source=/app/pkg/aws/eni/limits/limits.go:173 msg="Initial EC2 API limits update completed successfully" subsys=aws-eni-limits
--- PASS: TestInitEC2APIUpdateTrigger (0.00s)
PASS
ok  	github.com/cilium/cilium/pkg/aws/eni/limits	1.019s
?   	github.com/cilium/cilium/pkg/aws/eni/types	[no test files]
?   	github.com/cilium/cilium/pkg/aws/metadata	[no test files]
?   	github.com/cilium/cilium/pkg/aws/metadata/mock	[no test files]
?   	github.com/cilium/cilium/pkg/aws/types	[no test files]
=== RUN   TestAvailableIPs
--- PASS: TestAvailableIPs (0.00s)
=== RUN   TestFindPublicIPPrefixByTags
--- PASS: TestFindPublicIPPrefixByTags (0.00s)
=== RUN   TestIsPublicIPProvisionFailed
=== RUN   TestIsPublicIPProvisionFailed/success
=== RUN   TestIsPublicIPProvisionFailed/failure
--- PASS: TestIsPublicIPProvisionFailed (0.00s)
    --- PASS: TestIsPublicIPProvisionFailed/success (0.00s)
    --- PASS: TestIsPublicIPProvisionFailed/failure (0.00s)
=== RUN   TestParseSubnetID
=== RUN   TestParseSubnetID/valid_subnet_ID
=== RUN   TestParseSubnetID/valid_subnet_ID_with_different_names
=== RUN   TestParseSubnetID/invalid_format_-_missing_subscription
=== RUN   TestParseSubnetID/invalid_format_-_missing_resource_group
=== RUN   TestParseSubnetID/invalid_format_-_missing_virtual_network
=== RUN   TestParseSubnetID/invalid_format_-_missing_subnet
=== RUN   TestParseSubnetID/empty_subnet_ID
=== RUN   TestParseSubnetID/invalid_provider_namespace
--- PASS: TestParseSubnetID (0.00s)
    --- PASS: TestParseSubnetID/valid_subnet_ID (0.00s)
    --- PASS: TestParseSubnetID/valid_subnet_ID_with_different_names (0.00s)
    --- PASS: TestParseSubnetID/invalid_format_-_missing_subscription (0.00s)
    --- PASS: TestParseSubnetID/invalid_format_-_missing_resource_group (0.00s)
    --- PASS: TestParseSubnetID/invalid_format_-_missing_virtual_network (0.00s)
    --- PASS: TestParseSubnetID/invalid_format_-_missing_subnet (0.00s)
    --- PASS: TestParseSubnetID/empty_subnet_ID (0.00s)
    --- PASS: TestParseSubnetID/invalid_provider_namespace (0.00s)
PASS
ok  	github.com/cilium/cilium/pkg/azure/api	0.008s
=== RUN   TestMock
--- PASS: TestMock (0.00s)
=== RUN   TestSetMockError
--- PASS: TestSetMockError (0.00s)
=== RUN   TestSetLimiter
--- PASS: TestSetLimiter (0.00s)
PASS
ok  	github.com/cilium/cilium/pkg/azure/api/mock	0.010s
=== RUN   TestSubnetDiscovery
    logger.go:256: time=2026-03-17T14:38:08.381Z level=INFO source=/app/pkg/azure/ipam/instances.go:204 msg="Synchronized Azure IPAM information using targeted subnet discovery" subsys=azure numInstances=2 numSubnets=1 targetedSubnets=1
    logger.go:256: time=2026-03-17T14:38:08.381Z level=INFO source=/app/pkg/azure/ipam/instances.go:204 msg="Synchronized Azure IPAM information using targeted subnet discovery" subsys=azure numInstances=2 numSubnets=2 targetedSubnets=2
--- PASS: TestSubnetDiscovery (0.00s)
=== RUN   TestExtractSubnetIDs
--- PASS: TestExtractSubnetIDs (0.00s)
=== RUN   TestIpamPreAllocate8
    logger.go:256: time=2026-03-17T14:38:08.383Z level=INFO source=/app/pkg/azure/ipam/instances.go:204 msg="Synchronized Azure IPAM information using targeted subnet discovery" subsys=azure numInstances=1 numSubnets=1 targetedSubnets=1
    logger.go:256: time=2026-03-17T14:38:08.383Z level=INFO source=/app/pkg/ipam/node_manager.go:393 msg="Discovered new CiliumNode custom resource" name=node1
    logger.go:256: time=2026-03-17T14:38:08.383Z level=WARN source=/app/pkg/ipam/node.go:710 msg="Unable to compute pending pods, will not surge-allocate" name=node1 instanceID=/subscriptions/xxx/resourceGroups/g1/providers/Microsoft.Compute/virtualMachineScaleSets/vmss11/virtualMachines/vm1 error="pod store uninitialized"
    logger.go:256: time=2026-03-17T14:38:08.383Z level=INFO source=/app/pkg/ipam/node.go:740 msg="Resolving IP deficit of node" name=node1 instanceID=/subscriptions/xxx/resourceGroups/g1/providers/Microsoft.Compute/virtualMachineScaleSets/vmss11/virtualMachines/vm1 selectedInterface=/subscriptions/xxx/resourceGroups/g1/providers/Microsoft.Compute/virtualMachineScaleSets/vmss11/virtualMachines/vm1/networkInterfaces/vmss11 selectedPoolID=subnet-1 maxIPsToAllocate=7 availableForAllocation=255 emptyInterfaceSlots=0 available=1 used=0 neededIPs=7 remainingInterfaces=1
    logger.go:256: time=2026-03-17T14:38:08.387Z level=INFO source=/app/pkg/azure/ipam/instances.go:141 msg="Synchronized Azure IPAM information for the corresponding instance using targeted subnet discovery" subsys=azure instanceID=/subscriptions/xxx/resourceGroups/g1/providers/Microsoft.Compute/virtualMachineScaleSets/vmss11/virtualMachines/vm1 numSubnets=1 targetedSubnets=1
    logger.go:256: time=2026-03-17T14:38:08.394Z level=WARN source=/app/pkg/ipam/node.go:710 msg="Unable to compute pending pods, will not surge-allocate" name=node1 instanceID=/subscriptions/xxx/resourceGroups/g1/providers/Microsoft.Compute/virtualMachineScaleSets/vmss11/virtualMachines/vm1 error="pod store uninitialized"
    logger.go:256: time=2026-03-17T14:38:08.394Z level=INFO source=/app/pkg/ipam/node.go:740 msg="Resolving IP deficit of node" name=node1 instanceID=/subscriptions/xxx/resourceGroups/g1/providers/Microsoft.Compute/virtualMachineScaleSets/vmss11/virtualMachines/vm1 selectedInterface=/subscriptions/xxx/resourceGroups/g1/providers/Microsoft.Compute/virtualMachineScaleSets/vmss11/virtualMachines/vm1/networkInterfaces/vmss11 selectedPoolID=subnet-1 maxIPsToAllocate=7 availableForAllocation=248 emptyInterfaceSlots=0 available=8 used=7 neededIPs=7 remainingInterfaces=1
    logger.go:256: time=2026-03-17T14:38:08.397Z level=INFO source=/app/pkg/azure/ipam/instances.go:141 msg="Synchronized Azure IPAM information for the corresponding instance using targeted subnet discovery" subsys=azure instanceID=/subscriptions/xxx/resourceGroups/g1/providers/Microsoft.Compute/virtualMachineScaleSets/vmss11/virtualMachines/vm1 numSubnets=1 targetedSubnets=1
--- PASS: TestIpamPreAllocate8 (0.02s)
=== RUN   TestIpamMinAllocate10
    logger.go:256: time=2026-03-17T14:38:08.406Z level=INFO source=/app/pkg/azure/ipam/instances.go:204 msg="Synchronized Azure IPAM information using targeted subnet discovery" subsys=azure numInstances=1 numSubnets=1 targetedSubnets=1
    logger.go:256: time=2026-03-17T14:38:08.406Z level=INFO source=/app/pkg/ipam/node_manager.go:393 msg="Discovered new CiliumNode custom resource" name=node1
    logger.go:256: time=2026-03-17T14:38:08.406Z level=WARN source=/app/pkg/ipam/node.go:710 msg="Unable to compute pending pods, will not surge-allocate" name=node1 instanceID=/subscriptions/xxx/resourceGroups/g1/providers/Microsoft.Compute/virtualMachineScaleSets/vmss11/virtualMachines/vm1 error="pod store uninitialized"
    logger.go:256: time=2026-03-17T14:38:08.406Z level=INFO source=/app/pkg/ipam/node.go:740 msg="Resolving IP deficit of node" name=node1 instanceID=/subscriptions/xxx/resourceGroups/g1/providers/Microsoft.Compute/virtualMachineScaleSets/vmss11/virtualMachines/vm1 selectedInterface=/subscriptions/xxx/resourceGroups/g1/providers/Microsoft.Compute/virtualMachineScaleSets/vmss11/virtualMachines/vm1/networkInterfaces/vmss11 selectedPoolID=subnet-1 maxIPsToAllocate=9 availableForAllocation=255 emptyInterfaceSlots=0 available=1 used=0 neededIPs=9 remainingInterfaces=1
    logger.go:256: time=2026-03-17T14:38:08.406Z level=INFO source=/app/pkg/azure/ipam/instances.go:141 msg="Synchronized Azure IPAM information for the corresponding instance using targeted subnet discovery" subsys=azure instanceID=/subscriptions/xxx/resourceGroups/g1/providers/Microsoft.Compute/virtualMachineScaleSets/vmss11/virtualMachines/vm1 numSubnets=1 targetedSubnets=1
    logger.go:256: time=2026-03-17T14:38:08.416Z level=WARN source=/app/pkg/ipam/node.go:710 msg="Unable to compute pending pods, will not surge-allocate" name=node1 instanceID=/subscriptions/xxx/resourceGroups/g1/providers/Microsoft.Compute/virtualMachineScaleSets/vmss11/virtualMachines/vm1 error="pod store uninitialized"
    logger.go:256: time=2026-03-17T14:38:08.416Z level=INFO source=/app/pkg/ipam/node.go:740 msg="Resolving IP deficit of node" name=node1 instanceID=/subscriptions/xxx/resourceGroups/g1/providers/Microsoft.Compute/virtualMachineScaleSets/vmss11/virtualMachines/vm1 selectedInterface=/subscriptions/xxx/resourceGroups/g1/providers/Microsoft.Compute/virtualMachineScaleSets/vmss11/virtualMachines/vm1/networkInterfaces/vmss11 selectedPoolID=subnet-1 maxIPsToAllocate=5 availableForAllocation=246 emptyInterfaceSlots=0 available=10 used=7 neededIPs=5 remainingInterfaces=1
    logger.go:256: time=2026-03-17T14:38:08.416Z level=INFO source=/app/pkg/azure/ipam/instances.go:141 msg="Synchronized Azure IPAM information for the corresponding instance using targeted subnet discovery" subsys=azure instanceID=/subscriptions/xxx/resourceGroups/g1/providers/Microsoft.Compute/virtualMachineScaleSets/vmss11/virtualMachines/vm1 numSubnets=1 targetedSubnets=1
--- PASS: TestIpamMinAllocate10 (0.02s)
=== RUN   TestIpamManyNodes
=== RUN   TestIpamManyNodes/numNodes=100,_minAllocate=10
    logger.go:256: time=2026-03-17T14:38:08.427Z level=INFO source=/app/pkg/azure/ipam/instances.go:204 msg="Synchronized Azure IPAM information using targeted subnet discovery" subsys=azure numInstances=2 numSubnets=0 targetedSubnets=1
    logger.go:256: time=2026-03-17T14:38:08.427Z level=INFO source=/app/pkg/ipam/node_manager.go:393 msg="Discovered new CiliumNode custom resource" name=node0
    logger.go:256: time=2026-03-17T14:38:08.427Z level=INFO source=/app/pkg/ipam/node_manager.go:393 msg="Discovered new CiliumNode custom resource" name=node1
=== RUN   TestIpamManyNodes/numNodes=2,_minAllocate=1
    logger.go:256: time=2026-03-17T14:38:08.427Z level=INFO source=/app/pkg/azure/ipam/instances.go:204 msg="Synchronized Azure IPAM information using targeted subnet discovery" subsys=azure numInstances=2 numSubnets=0 targetedSubnets=1
    logger.go:256: time=2026-03-17T14:38:08.427Z level=INFO source=/app/pkg/ipam/node_manager.go:393 msg="Discovered new CiliumNode custom resource" name=node0
    logger.go:256: time=2026-03-17T14:38:08.427Z level=INFO source=/app/pkg/ipam/node_manager.go:393 msg="Discovered new CiliumNode custom resource" name=node1
--- PASS: TestIpamManyNodes (0.00s)
    --- PASS: TestIpamManyNodes/numNodes=100,_minAllocate=10 (0.00s)
    --- PASS: TestIpamManyNodes/numNodes=2,_minAllocate=1 (0.00s)
=== RUN   TestENIIPAMCapacityAccounting
--- PASS: TestENIIPAMCapacityAccounting (0.00s)
=== RUN   TestGetMaximumAllocatableIPv4
--- PASS: TestGetMaximumAllocatableIPv4 (0.00s)
PASS
ok  	github.com/cilium/cilium/pkg/azure/ipam	0.117s
=== RUN   TestForeachAddresses
--- PASS: TestForeachAddresses (0.00s)
=== RUN   TestExtractIDs
=== RUN   TestExtractIDs/VMSS_network_interface
=== RUN   TestExtractIDs/Standalone_VM_network_interface
--- PASS: TestExtractIDs (0.00s)
    --- PASS: TestExtractIDs/VMSS_network_interface (0.00s)
    --- PASS: TestExtractIDs/Standalone_VM_network_interface (0.00s)
PASS
ok  	github.com/cilium/cilium/pkg/azure/types	0.007s
=== RUN   TestJitter
--- PASS: TestJitter (0.00s)
=== RUN   TestNewNodeManager
--- PASS: TestNewNodeManager (0.00s)
=== RUN   TestClusterSizeDependantInterval
nodes      4        16       128       512      1024      2048
1:      2.7s      4.2s      8.1s      8.6s     13.7s      8.4s
2:      2.5s      8.5s     14.6s     15.4s     26.1s      8.7s
3:      5.6s     16.8s     21.5s     44.6s      7.6s     42.7s
4:      6.6s     24.7s     55.9s     52.9s     17.6s     18.8s
5:        8s     15.8s     1m46s     57.8s       22s   1m14.2s
6:     22.7s      9.8s      2m0s      2m0s      2m0s   1m43.3s
7:      2m0s      2m0s     53.2s     40.6s      2m0s      2m0s
8:      2m0s     44.9s      2m0s      2m0s      2m0s      2m0s
--- PASS: TestClusterSizeDependantInterval (0.00s)
=== RUN   TestJitterDistribution
1: 2s
2: 4s
3: 8s
4: 16s
5: 32s
6: 1m4s
7: 2m8s
8: 4m16s
--- PASS: TestJitterDistribution (0.00s)
PASS
ok  	github.com/cilium/cilium/pkg/backoff	0.011s
?   	github.com/cilium/cilium/pkg/bgp	[no test files]
?   	github.com/cilium/cilium/pkg/bgp/agent	[no test files]
=== RUN   TestEventCorrelation
--- PASS: TestEventCorrelation (0.00s)
PASS
ok  	github.com/cilium/cilium/pkg/bgp/agent/signaler	0.004s
=== RUN   TestRouteConversions
=== RUN   TestRouteConversions/IPv4_unicast_advertisement
=== RUN   TestRouteConversions/IPv6_unicast_advertisement
--- PASS: TestRouteConversions (0.00s)
    --- PASS: TestRouteConversions/IPv4_unicast_advertisement (0.00s)
    --- PASS: TestRouteConversions/IPv6_unicast_advertisement (0.00s)
=== RUN   TestFormatCaps
=== RUN   TestFormatCaps/test-software-version-cap-both
=== RUN   TestFormatCaps/test-default-cap-remote
=== RUN   TestFormatCaps/test-fqdn-cap-local
=== RUN   TestFormatCaps/test-graceful-restart-cap-both
=== RUN   TestFormatCaps/test-long-lived-graceful-restart-cap-both
=== RUN   TestFormatCaps/test-extended-nexthop-cap-both
=== RUN   TestFormatCaps/test-add-path-cap-both
--- PASS: TestFormatCaps (0.00s)
    --- PASS: TestFormatCaps/test-software-version-cap-both (0.00s)
    --- PASS: TestFormatCaps/test-default-cap-remote (0.00s)
    --- PASS: TestFormatCaps/test-fqdn-cap-local (0.00s)
    --- PASS: TestFormatCaps/test-graceful-restart-cap-both (0.00s)
    --- PASS: TestFormatCaps/test-long-lived-graceful-restart-cap-both (0.00s)
    --- PASS: TestFormatCaps/test-extended-nexthop-cap-both (0.00s)
    --- PASS: TestFormatCaps/test-add-path-cap-both (0.00s)
PASS
ok  	github.com/cilium/cilium/pkg/bgp/api	0.067s
?   	github.com/cilium/cilium/pkg/bgp/commands	[no test files]
=== RUN   TestPathConversions
=== RUN   TestPathConversions/IPv4_unicast_advertisement
=== RUN   TestPathConversions/IPv6_unicast_advertisement
--- PASS: TestPathConversions (0.00s)
    --- PASS: TestPathConversions/IPv4_unicast_advertisement (0.00s)
    --- PASS: TestPathConversions/IPv6_unicast_advertisement (0.00s)
=== RUN   TestToGoBGPPeer
=== RUN   TestToGoBGPPeer/Address_IPv4
=== RUN   TestToGoBGPPeer/Address_IPv6
=== RUN   TestToGoBGPPeer/ASN
=== RUN   TestToGoBGPPeer/AuthPassword
=== RUN   TestToGoBGPPeer/EbgpMultihop
=== RUN   TestToGoBGPPeer/Timers
=== RUN   TestToGoBGPPeer/Transport
=== RUN   TestToGoBGPPeer/GracefulRestart
=== RUN   TestToGoBGPPeer/AfiSafis
--- PASS: TestToGoBGPPeer (0.00s)
    --- PASS: TestToGoBGPPeer/Address_IPv4 (0.00s)
    --- PASS: TestToGoBGPPeer/Address_IPv6 (0.00s)
    --- PASS: TestToGoBGPPeer/ASN (0.00s)
    --- PASS: TestToGoBGPPeer/AuthPassword (0.00s)
    --- PASS: TestToGoBGPPeer/EbgpMultihop (0.00s)
    --- PASS: TestToGoBGPPeer/Timers (0.00s)
    --- PASS: TestToGoBGPPeer/Transport (0.00s)
    --- PASS: TestToGoBGPPeer/GracefulRestart (0.00s)
    --- PASS: TestToGoBGPPeer/AfiSafis (0.00s)
=== RUN   TestGlobalImportPolicy
--- PASS: TestGlobalImportPolicy (0.00s)
=== RUN   TestAddRemoveRoutePolicy
=== RUN   TestAddRemoveRoutePolicy/simple_policy
=== RUN   TestAddRemoveRoutePolicy/complex_policy
=== RUN   TestAddRemoveRoutePolicy/invalid_policy
--- PASS: TestAddRemoveRoutePolicy (0.00s)
    --- PASS: TestAddRemoveRoutePolicy/simple_policy (0.00s)
    --- PASS: TestAddRemoveRoutePolicy/complex_policy (0.00s)
    --- PASS: TestAddRemoveRoutePolicy/invalid_policy (0.00s)
=== RUN   TestGetPeerState
=== RUN   TestGetPeerState/test_add_neighbor
    logger.go:256: time=2026-03-17T14:38:12.317Z level=INFO source=/app/pkg/bgp/gobgp/logger.go:120 msg="Add a peer configuration" Topic=Peer Key=192.168.0.1 asn=64124 component=gobgp.BgpServerInstance subsys=bgp-control-plane
    logger.go:256: time=2026-03-17T14:38:12.318Z level=INFO source=/app/pkg/bgp/gobgp/logger.go:120 msg="Delete a peer configuration" Topic=Peer Key=192.168.0.1 asn=64124 component=gobgp.BgpServerInstance subsys=bgp-control-plane
=== RUN   TestGetPeerState/test_add_neighbor_with_port
    logger.go:256: time=2026-03-17T14:38:12.318Z level=INFO source=/app/pkg/bgp/gobgp/logger.go:120 msg="Add a peer configuration" Topic=Peer Key=192.168.0.1 asn=64124 component=gobgp.BgpServerInstance subsys=bgp-control-plane
    logger.go:256: time=2026-03-17T14:38:12.318Z level=INFO source=/app/pkg/bgp/gobgp/logger.go:120 msg="Delete a peer configuration" Key=192.168.0.1 Topic=Peer asn=64124 component=gobgp.BgpServerInstance subsys=bgp-control-plane
=== RUN   TestGetPeerState/test_add_+_update_neighbors
    logger.go:256: time=2026-03-17T14:38:12.318Z level=INFO source=/app/pkg/bgp/gobgp/logger.go:120 msg="Add a peer configuration" Topic=Peer Key=192.168.0.1 asn=64124 component=gobgp.BgpServerInstance subsys=bgp-control-plane
    logger.go:256: time=2026-03-17T14:38:12.318Z level=INFO source=/app/pkg/bgp/gobgp/logger.go:120 msg="Add a peer configuration" Topic=Peer Key=192.168.66.1 asn=64124 component=gobgp.BgpServerInstance subsys=bgp-control-plane
    logger.go:256: time=2026-03-17T14:38:12.319Z level=INFO source=/app/pkg/bgp/gobgp/logger.go:120 msg="Add a peer configuration" Topic=Peer Key=192.168.88.1 asn=64124 component=gobgp.BgpServerInstance subsys=bgp-control-plane
    logger.go:256: time=2026-03-17T14:38:12.319Z level=INFO source=/app/pkg/bgp/gobgp/logger.go:120 msg="Add a peer configuration" Topic=Peer Key=192.168.77.1 asn=64124 component=gobgp.BgpServerInstance subsys=bgp-control-plane
    logger.go:256: time=2026-03-17T14:38:12.319Z level=INFO source=/app/pkg/bgp/gobgp/logger.go:120 msg="Update timer configuration" Topic=Peer Key=192.168.0.1 Err=<nil> asn=64124 component=gobgp.BgpServerInstance subsys=bgp-control-plane
    logger.go:256: time=2026-03-17T14:38:12.319Z level=INFO source=/app/pkg/bgp/gobgp/logger.go:120 msg="Update timer configuration" Topic=Peer Key=192.168.66.1 Err=<nil> asn=64124 component=gobgp.BgpServerInstance subsys=bgp-control-plane
    logger.go:256: time=2026-03-17T14:38:12.319Z level=INFO source=/app/pkg/bgp/gobgp/logger.go:120 msg="Send operation notification" Topic=Operation Key=192.168.66.1 Op="Neighbor reset" asn=64124 component=gobgp.BgpServerInstance subsys=bgp-control-plane
    logger.go:256: time=2026-03-17T14:38:12.322Z level=INFO source=/app/pkg/bgp/gobgp/logger.go:120 msg="Delete a peer configuration" Key=192.168.0.1 Topic=Peer asn=64124 component=gobgp.BgpServerInstance subsys=bgp-control-plane
    logger.go:256: time=2026-03-17T14:38:12.323Z level=INFO source=/app/pkg/bgp/gobgp/logger.go:120 msg="Delete a peer configuration" Topic=Peer Key=192.168.66.1 asn=64124 component=gobgp.BgpServerInstance subsys=bgp-control-plane
    logger.go:256: time=2026-03-17T14:38:12.329Z level=INFO source=/app/pkg/bgp/gobgp/logger.go:120 msg="Delete a peer configuration" Topic=Peer Key=192.168.88.1 asn=64124 component=gobgp.BgpServerInstance subsys=bgp-control-plane
    logger.go:256: time=2026-03-17T14:38:12.329Z level=INFO source=/app/pkg/bgp/gobgp/logger.go:120 msg="Delete a peer configuration" Topic=Peer Key=192.168.77.1 asn=64124 component=gobgp.BgpServerInstance subsys=bgp-control-plane
=== RUN   TestGetPeerState/test_graceful_restart_-_update_enable
    logger.go:256: time=2026-03-17T14:38:12.329Z level=INFO source=/app/pkg/bgp/gobgp/logger.go:120 msg="Add a peer configuration" Key=192.168.0.1 Topic=Peer asn=64124 component=gobgp.BgpServerInstance subsys=bgp-control-plane
    logger.go:256: time=2026-03-17T14:38:12.329Z level=INFO source=/app/pkg/bgp/gobgp/logger.go:120 msg="Delete a peer configuration" Topic=Peer Key=192.168.0.1 asn=64124 component=gobgp.BgpServerInstance subsys=bgp-control-plane
    logger.go:256: time=2026-03-17T14:38:12.329Z level=INFO source=/app/pkg/bgp/gobgp/logger.go:120 msg="Add a peer configuration" Topic=Peer Key=192.168.0.1 asn=64124 component=gobgp.BgpServerInstance subsys=bgp-control-plane
    logger.go:256: time=2026-03-17T14:38:12.330Z level=INFO source=/app/pkg/bgp/gobgp/logger.go:120 msg="Delete a peer configuration" Topic=Peer Key=192.168.0.1 asn=64124 component=gobgp.BgpServerInstance subsys=bgp-control-plane
=== RUN   TestGetPeerState/test_graceful_restart_-_update_restart_time
    logger.go:256: time=2026-03-17T14:38:12.330Z level=INFO source=/app/pkg/bgp/gobgp/logger.go:120 msg="Add a peer configuration" Topic=Peer Key=192.168.0.1 asn=64124 component=gobgp.BgpServerInstance subsys=bgp-control-plane
    logger.go:256: time=2026-03-17T14:38:12.330Z level=INFO source=/app/pkg/bgp/gobgp/logger.go:120 msg="Delete a peer configuration" Topic=Peer Key=192.168.0.1 asn=64124 component=gobgp.BgpServerInstance subsys=bgp-control-plane
    logger.go:256: time=2026-03-17T14:38:12.330Z level=INFO source=/app/pkg/bgp/gobgp/logger.go:120 msg="Add a peer configuration" Topic=Peer Key=192.168.0.1 asn=64124 component=gobgp.BgpServerInstance subsys=bgp-control-plane
    logger.go:256: time=2026-03-17T14:38:12.330Z level=INFO source=/app/pkg/bgp/gobgp/logger.go:120 msg="Delete a peer configuration" Key=192.168.0.1 Topic=Peer asn=64124 component=gobgp.BgpServerInstance subsys=bgp-control-plane
=== RUN   TestGetPeerState/test_invalid_neighbor_update
    logger.go:256: time=2026-03-17T14:38:12.331Z level=INFO source=/app/pkg/bgp/gobgp/logger.go:120 msg="Add a peer configuration" Topic=Peer Key=192.168.0.1 asn=64124 component=gobgp.BgpServerInstance subsys=bgp-control-plane
    logger.go:256: time=2026-03-17T14:38:12.331Z level=INFO source=/app/pkg/bgp/gobgp/logger.go:120 msg="Delete a peer configuration" Topic=Peer Key=192.168.0.1 asn=64124 component=gobgp.BgpServerInstance subsys=bgp-control-plane
--- PASS: TestGetPeerState (0.01s)
    --- PASS: TestGetPeerState/test_add_neighbor (0.00s)
    --- PASS: TestGetPeerState/test_add_neighbor_with_port (0.00s)
    --- PASS: TestGetPeerState/test_add_+_update_neighbors (0.01s)
    --- PASS: TestGetPeerState/test_graceful_restart_-_update_enable (0.00s)
    --- PASS: TestGetPeerState/test_graceful_restart_-_update_restart_time (0.00s)
    --- PASS: TestGetPeerState/test_invalid_neighbor_update (0.00s)
=== RUN   TestGetRoutes
    logger.go:256: time=2026-03-17T14:38:12.331Z level=INFO source=/app/pkg/bgp/gobgp/logger.go:120 msg="Add a peer configuration" Topic=Peer Key=192.168.0.1 asn=65000 component=gobgp.BgpServerInstance subsys=bgp-control-plane
    logger.go:256: time=2026-03-17T14:38:12.331Z level=INFO source=/app/pkg/bgp/gobgp/logger.go:120 msg="Delete a peer configuration" Topic=Peer Key=192.168.0.1 asn=65000 component=gobgp.BgpServerInstance subsys=bgp-control-plane
--- PASS: TestGetRoutes (0.00s)
PASS
ok  	github.com/cilium/cilium/pkg/bgp/gobgp	0.043s
=== RUN   TestGetRoutesLegacy
=== RUN   TestGetRoutesLegacy/single_IPv4_prefix_-_retrieve_IPv4
    logger.go:256: time=2026-03-17T14:38:14.068Z level=INFO source=/app/pkg/bgp/gobgp/logger.go:120 msg="Add a peer configuration" Topic=Peer Key=5.6.7.8 asn=64125 component=gobgp.BgpServerInstance subsys=bgp-control-plane
=== RUN   TestGetRoutesLegacy/single_IPv4_prefix_-_retrieve_IPv6
    logger.go:256: time=2026-03-17T14:38:14.070Z level=INFO source=/app/pkg/bgp/gobgp/logger.go:120 msg="Add a peer configuration" Topic=Peer Key=5.6.7.8 asn=64125 component=gobgp.BgpServerInstance subsys=bgp-control-plane
=== RUN   TestGetRoutesLegacy/single_IPv6_prefix_-_retrieve_IPv6
    logger.go:256: time=2026-03-17T14:38:14.070Z level=INFO source=/app/pkg/bgp/gobgp/logger.go:120 msg="Add a peer configuration" Topic=Peer Key=5.6.7.8 asn=64125 component=gobgp.BgpServerInstance subsys=bgp-control-plane
=== RUN   TestGetRoutesLegacy/mixed_IPv4_&_IPv6_prefixes_-_retrieve_IPv6
    logger.go:256: time=2026-03-17T14:38:14.075Z level=INFO source=/app/pkg/bgp/gobgp/logger.go:120 msg="Add a peer configuration" Topic=Peer Key=5.6.7.8 asn=64125 component=gobgp.BgpServerInstance subsys=bgp-control-plane
=== RUN   TestGetRoutesLegacy/incorrect_ASN
    logger.go:256: time=2026-03-17T14:38:14.076Z level=INFO source=/app/pkg/bgp/gobgp/logger.go:120 msg="Add a peer configuration" Topic=Peer Key=5.6.7.8 asn=64125 component=gobgp.BgpServerInstance subsys=bgp-control-plane
=== RUN   TestGetRoutesLegacy/unspecified_neighbor_for_adj-rib-out
    logger.go:256: time=2026-03-17T14:38:14.076Z level=INFO source=/app/pkg/bgp/gobgp/logger.go:120 msg="Add a peer configuration" Topic=Peer Key=5.6.7.8 asn=64125 component=gobgp.BgpServerInstance subsys=bgp-control-plane
=== RUN   TestGetRoutesLegacy/valid_neighbor
    logger.go:256: time=2026-03-17T14:38:14.078Z level=INFO source=/app/pkg/bgp/gobgp/logger.go:120 msg="Add a peer configuration" Topic=Peer Key=5.6.7.8 asn=64125 component=gobgp.BgpServerInstance subsys=bgp-control-plane
=== RUN   TestGetRoutesLegacy/non-existing_neighbor
    logger.go:256: time=2026-03-17T14:38:14.078Z level=INFO source=/app/pkg/bgp/gobgp/logger.go:120 msg="Add a peer configuration" Topic=Peer Key=5.6.7.8 asn=64125 component=gobgp.BgpServerInstance subsys=bgp-control-plane
--- PASS: TestGetRoutesLegacy (0.01s)
    --- PASS: TestGetRoutesLegacy/single_IPv4_prefix_-_retrieve_IPv4 (0.00s)
    --- PASS: TestGetRoutesLegacy/single_IPv4_prefix_-_retrieve_IPv6 (0.00s)
    --- PASS: TestGetRoutesLegacy/single_IPv6_prefix_-_retrieve_IPv6 (0.00s)
    --- PASS: TestGetRoutesLegacy/mixed_IPv4_&_IPv6_prefixes_-_retrieve_IPv6 (0.00s)
    --- PASS: TestGetRoutesLegacy/incorrect_ASN (0.00s)
    --- PASS: TestGetRoutesLegacy/unspecified_neighbor_for_adj-rib-out (0.00s)
    --- PASS: TestGetRoutesLegacy/valid_neighbor (0.00s)
    --- PASS: TestGetRoutesLegacy/non-existing_neighbor (0.00s)
=== RUN   TestStatedbReconcileErrors
=== RUN   TestStatedbReconcileErrors/No_reconciler_error
=== RUN   TestStatedbReconcileErrors/Both_reconcilers_return_error,_for_two_instances
=== RUN   TestStatedbReconcileErrors/Reconcilers_recover_from_previous_error_condition
=== RUN   TestStatedbReconcileErrors/Maximum_5_errors_allowed_per_instance
=== RUN   TestStatedbReconcileErrors/abort_reconcile_error_only_logged_once
--- PASS: TestStatedbReconcileErrors (0.00s)
    --- PASS: TestStatedbReconcileErrors/No_reconciler_error (0.00s)
    --- PASS: TestStatedbReconcileErrors/Both_reconcilers_return_error,_for_two_instances (0.00s)
    --- PASS: TestStatedbReconcileErrors/Reconcilers_recover_from_previous_error_condition (0.00s)
    --- PASS: TestStatedbReconcileErrors/Maximum_5_errors_allowed_per_instance (0.00s)
    --- PASS: TestStatedbReconcileErrors/abort_reconcile_error_only_logged_once (0.00s)
PASS
ok  	github.com/cilium/cilium/pkg/bgp/manager	0.079s
?   	github.com/cilium/cilium/pkg/bgp/manager/instance	[no test files]
=== RUN   TestCRDConditions
=== RUN   TestCRDConditions/new_error_conditions
    logger.go:256: time=2026-03-17T14:38:22.883Z level=DEBUG source=/app/vendor/github.com/cilium/hive/cell/invoke.go:38 msg=Invoking function="reconciler.newCRDStatusFixture.func6 (.../manager/reconciler/crd_status_test.go:117)"
    logger.go:256: time=2026-03-17T14:38:22.884Z level=DEBUG source=/app/vendor/github.com/cilium/hive/cell/invoke.go:59 msg=Invoked duration=546.633µs function="reconciler.newCRDStatusFixture.func6 (.../manager/reconciler/crd_status_test.go:117)"
    logger.go:256: time=2026-03-17T14:38:22.884Z level=DEBUG source=/app/vendor/github.com/cilium/hive/cell/invoke.go:38 msg=Invoking function="reconciler.newCRDStatusFixture.func7 (.../manager/reconciler/crd_status_test.go:122)"
    logger.go:256: time=2026-03-17T14:38:22.884Z level=DEBUG source=/app/vendor/github.com/cilium/hive/cell/invoke.go:59 msg=Invoked duration=14.328µs function="reconciler.newCRDStatusFixture.func7 (.../manager/reconciler/crd_status_test.go:122)"
    logger.go:256: time=2026-03-17T14:38:22.884Z level=DEBUG source=/app/vendor/github.com/cilium/hive/cell/invoke.go:38 msg=Invoking function="health.metricPublisher (.../hive/health/metrics.go:59)"
    logger.go:256: time=2026-03-17T14:38:22.884Z level=DEBUG source=/app/vendor/github.com/cilium/hive/cell/invoke.go:59 msg=Invoked duration=209.743µs function="health.metricPublisher (.../hive/health/metrics.go:59)"
    logger.go:256: time=2026-03-17T14:38:22.884Z level=INFO source=/app/vendor/github.com/cilium/hive/hive.go:385 msg="Starting hive"
    logger.go:256: time=2026-03-17T14:38:22.884Z level=DEBUG source=/app/vendor/github.com/cilium/hive/cell/lifecycle.go:139 msg="Executing start hook" function="statedb.newHiveDB.func1 (.../cilium/statedb/cell.go:34) (statedb)"
    logger.go:256: time=2026-03-17T14:38:22.884Z level=DEBUG source=/app/vendor/github.com/cilium/hive/cell/lifecycle.go:149 msg="Start hook executed" function="statedb.newHiveDB.func1 (.../cilium/statedb/cell.go:34) (statedb)" duration=4.578µs
    logger.go:256: time=2026-03-17T14:38:22.884Z level=DEBUG source=/app/vendor/github.com/cilium/hive/cell/lifecycle.go:139 msg="Executing start hook" function="*job.registry.Start (jobs)"
    logger.go:256: time=2026-03-17T14:38:22.884Z level=DEBUG source=/app/vendor/github.com/cilium/hive/cell/lifecycle.go:149 msg="Start hook executed" function="*job.registry.Start (jobs)" duration=407ns
    logger.go:256: time=2026-03-17T14:38:22.885Z level=DEBUG source=/app/vendor/github.com/cilium/hive/cell/lifecycle.go:139 msg="Executing start hook" function="*health.provider.Start (health)"
    logger.go:256: time=2026-03-17T14:38:22.885Z level=DEBUG source=/app/vendor/github.com/cilium/hive/cell/lifecycle.go:149 msg="Start hook executed" function="*health.provider.Start (health)" duration=198ns
    logger.go:256: time=2026-03-17T14:38:22.885Z level=DEBUG source=/app/vendor/github.com/cilium/hive/cell/lifecycle.go:139 msg="Executing start hook" function="*resource.resource[*github.com/cilium/cilium/pkg/k8s/apis/cilium.io/v2.CiliumNode].Start (k8s-resources)"
    logger.go:256: time=2026-03-17T14:38:22.885Z level=DEBUG source=/app/vendor/github.com/cilium/hive/cell/lifecycle.go:149 msg="Start hook executed" function="*resource.resource[*github.com/cilium/cilium/pkg/k8s/apis/cilium.io/v2.CiliumNode].Start (k8s-resources)" duration=2.954µs
    logger.go:256: time=2026-03-17T14:38:22.885Z level=DEBUG source=/app/vendor/github.com/cilium/hive/cell/lifecycle.go:139 msg="Executing start hook" function="*job.queuedJob.Start (jobs)" detail="bgp-crd-status-initialize (reconciler.NewStatusReconciler.func1 (.../manager/reconciler/crd_status.go:117))"
    logger.go:256: time=2026-03-17T14:38:22.885Z level=DEBUG source=/app/vendor/github.com/cilium/hive/cell/lifecycle.go:149 msg="Start hook executed" function="*job.queuedJob.Start (jobs)" detail="bgp-crd-status-initialize (reconciler.NewStatusReconciler.func1 (.../manager/reconciler/crd_status.go:117))" duration=4.698µs
    logger.go:256: time=2026-03-17T14:38:22.885Z level=DEBUG source=/app/vendor/github.com/cilium/hive/cell/lifecycle.go:139 msg="Executing start hook" function="*job.queuedJob.Start (jobs)" detail="bgp-crd-status-update-job (reconciler.NewStatusReconciler.func2 (.../manager/reconciler/crd_status.go:132))"
    logger.go:256: time=2026-03-17T14:38:22.885Z level=DEBUG source=/app/vendor/github.com/cilium/hive/cell/lifecycle.go:149 msg="Start hook executed" function="*job.queuedJob.Start (jobs)" detail="bgp-crd-status-update-job (reconciler.NewStatusReconciler.func2 (.../manager/reconciler/crd_status.go:132))" duration=2.751µs
    logger.go:256: time=2026-03-17T14:38:22.885Z level=DEBUG source=/app/vendor/github.com/cilium/hive/cell/lifecycle.go:139 msg="Executing start hook" function="*job.queuedJob.Start (jobs)" detail="bgp-reconcile-error-statedb-tracker (reconciler.NewStatusReconciler.func3 (.../manager/reconciler/crd_status.go:165))"
    logger.go:256: time=2026-03-17T14:38:22.885Z level=DEBUG source=/app/vendor/github.com/cilium/hive/cell/lifecycle.go:149 msg="Start hook executed" function="*job.queuedJob.Start (jobs)" detail="bgp-reconcile-error-statedb-tracker (reconciler.NewStatusReconciler.func3 (.../manager/reconciler/crd_status.go:165))" duration=3.979µs
    logger.go:256: time=2026-03-17T14:38:22.885Z level=DEBUG source=/app/vendor/github.com/cilium/hive/job/oneshot.go:136 msg="Starting one-shot job" name=bgp-crd-status-initialize func="reconciler.NewStatusReconciler.func1 (.../manager/reconciler/crd_status.go:117)"
    logger.go:256: time=2026-03-17T14:38:22.886Z level=DEBUG source=/app/vendor/github.com/cilium/hive/job/oneshot.go:136 msg="Starting one-shot job" name=bgp-crd-status-update-job func="reconciler.NewStatusReconciler.func2 (.../manager/reconciler/crd_status.go:132)"
    logger.go:256: time=2026-03-17T14:38:22.885Z level=DEBUG source=/app/vendor/github.com/cilium/hive/cell/lifecycle.go:139 msg="Executing start hook" function="*job.queuedJob.Start (jobs)" detail="module-status-metrics (health.metricPublisher.func2 (.../hive/health/metrics.go:78))"
    logger.go:256: time=2026-03-17T14:38:22.886Z level=DEBUG source=/app/vendor/github.com/cilium/hive/job/oneshot.go:136 msg="Starting one-shot job" module=health name=module-status-metrics func="health.metricPublisher.func2 (.../hive/health/metrics.go:78)"
    logger.go:256: time=2026-03-17T14:38:22.885Z level=DEBUG source=/app/pkg/hive/health/provider.go:89 msg="upserting health status" module=health lastLevel=none reporter-id=.job-bgp-crd-status-initialize status=".job-bgp-crd-status-initialize: [OK] Running"
    logger.go:256: time=2026-03-17T14:38:22.886Z level=DEBUG source=/app/pkg/bgp/manager/reconciler/crd_status.go:118 msg=Initializing reconciler=CRD_Status
    logger.go:256: time=2026-03-17T14:38:22.886Z level=DEBUG source=/app/vendor/github.com/cilium/hive/cell/lifecycle.go:149 msg="Start hook executed" function="*job.queuedJob.Start (jobs)" detail="module-status-metrics (health.metricPublisher.func2 (.../hive/health/metrics.go:78))" duration=386.017µs
    logger.go:256: time=2026-03-17T14:38:22.887Z level=INFO source=/app/vendor/github.com/cilium/hive/hive.go:389 msg="Started hive" duration=2.177212ms
    logger.go:256: time=2026-03-17T14:38:22.886Z level=DEBUG source=/app/pkg/hive/health/provider.go:89 msg="upserting health status" module=health lastLevel=none reporter-id=.job-bgp-crd-status-update-job status=".job-bgp-crd-status-update-job: [OK] Running"
    logger.go:256: time=2026-03-17T14:38:22.887Z level=DEBUG source=/app/pkg/bgp/manager/reconciler/crd_status.go:133 msg="Update job running" reconciler=CRD_Status
    logger.go:256: time=2026-03-17T14:38:22.887Z level=DEBUG source=/app/pkg/hive/health/provider.go:89 msg="upserting health status" module=health lastLevel=none reporter-id=health.job-module-status-metrics status="health.job-module-status-metrics: [OK] Running"
    logger.go:256: time=2026-03-17T14:38:22.887Z level=DEBUG source=/app/pkg/k8s/client/testutils/object_tracker.go:605 msg=Watch clientset=* gvr="cilium.io/v2, Resource=ciliumnodes" k8sNamespace="" resourceVersion=0 sendInitialEvents=true
    logger.go:256: time=2026-03-17T14:38:22.887Z level=DEBUG source=/app/pkg/k8s/client/testutils/object_tracker.go:360 msg=Create clientset=* obj="&{TypeMeta:{Kind: APIVersion:} ObjectMeta:{Name:node0 GenerateName: Namespace: SelfLink: UID: ResourceVersion: Generation:19 CreationTimestamp:0001-01-01 00:00:00 +0000 UTC DeletionTimestamp:<nil> DeletionGracePeriodSeconds:<nil> Labels:map[] Annotations:map[] OwnerReferences:[] Finalizers:[] ManagedFields:[]} Spec:{BGPInstances:[]} Status:{BGPInstances:[] Conditions:[]}}"
    logger.go:256: time=2026-03-17T14:38:22.888Z level=DEBUG source=/app/pkg/k8s/client/testutils/object_tracker.go:406 msg=Get clientset=* gvr="cilium.io/v2, Resource=ciliumbgpnodeconfigs" k8sNamespace="" name=node0 resourceVersion=1
    logger.go:256: time=2026-03-17T14:38:22.888Z level=DEBUG source=/app/pkg/k8s/client/testutils/object_tracker.go:360 msg=Create clientset=* obj="&{TypeMeta:{Kind: APIVersion:} ObjectMeta:{Name:node0 GenerateName: Namespace: SelfLink: UID: ResourceVersion: Generation:0 CreationTimestamp:0001-01-01 00:00:00 +0000 UTC DeletionTimestamp:<nil> DeletionGracePeriodSeconds:<nil> Labels:map[] Annotations:map[] OwnerReferences:[] Finalizers:[] ManagedFields:[]} Spec:{InstanceID: BootID: Addresses:[] HealthAddressing:{IPv4: IPv6:} IngressAddressing:{IPV4: IPV6:} Encryption:{Key:0} ENI:{InstanceID: InstanceType: MinAllocate:0 PreAllocate:0 MaxAboveWatermark:0 FirstInterfaceIndex:<nil> SecurityGroups:[] SecurityGroupTags:map[] SubnetIDs:[] SubnetTags:map[] NodeSubnetID: VpcID: AvailabilityZone: ExcludeInterfaceTags:map[] DeleteOnTermination:<nil> UsePrimaryAddress:<nil> DisablePrefixDelegation:<nil>} Azure:{InterfaceName:} AlibabaCloud:{InstanceType: AvailabilityZone: VPCID: CIDRBlock: VSwitches:[] VSwitchTags:map[] SecurityGroups:[] SecurityGroupTags:map[]} IPAM:{Pool:map[] IPv6Pool:map[] Pools:{Requested:[] Allocated:[]} PodCIDRs:[] MinAllocate:0 MaxAllocate:0 PreAllocate:0 MaxAboveWatermark:0 StaticIPTags:map[]} NodeIdentity:0} Status:{ENI:{ENIs:map[]} Azure:{Interfaces:[]} IPAM:{Used:map[] IPv6Used:map[] PodCIDRs:map[] OperatorStatus:{Error:} ReleaseIPs:map[] ReleaseIPv6s:map[] AssignedStaticIP:} AlibabaCloud:{ENIs:map[]}}}"
    logger.go:256: time=2026-03-17T14:38:22.888Z level=DEBUG source=/app/pkg/k8s/client/testutils/object_tracker.go:406 msg=Get clientset=* gvr="cilium.io/v2, Resource=ciliumnodes" k8sNamespace="" name=node0 resourceVersion=2
    logger.go:256: time=2026-03-17T14:38:22.888Z level=DEBUG source=/app/pkg/k8s/client/testutils/object_tracker.go:699 msg=InitialEvent gvr="cilium.io/v2, Resource=ciliumnodes" k8sNamespace="" name=node0 type=ADDED
    logger.go:256: time=2026-03-17T14:38:22.888Z level=DEBUG source=/app/pkg/k8s/client/testutils/object_tracker.go:722 msg=SendingBookmark resourceVersion=2
    logger.go:256: time=2026-03-17T14:38:22.891Z level=DEBUG source=/app/vendor/github.com/cilium/hive/job/oneshot.go:136 msg="Starting one-shot job" name=bgp-reconcile-error-statedb-tracker func="reconciler.NewStatusReconciler.func3 (.../manager/reconciler/crd_status.go:165)"
    logger.go:256: time=2026-03-17T14:38:22.891Z level=DEBUG source=/app/pkg/hive/health/provider.go:89 msg="upserting health status" module=health lastLevel=none reporter-id=.job-bgp-reconcile-error-statedb-tracker status=".job-bgp-reconcile-error-statedb-tracker: [OK] Running"
    logger.go:256: time=2026-03-17T14:38:22.892Z level=DEBUG source=/app/pkg/bgp/manager/reconciler/crd_status.go:166 msg="StateDB reconcile-error tracker running" reconciler=CRD_Status
    logger.go:256: time=2026-03-17T14:38:22.989Z level=DEBUG source=/app/pkg/k8s/client/testutils/object_tracker.go:406 msg=Get clientset=* gvr="cilium.io/v2, Resource=ciliumbgpnodeconfigs" k8sNamespace="" name=node0 resourceVersion=1
    logger.go:256: time=2026-03-17T14:38:23.090Z level=DEBUG source=/app/pkg/k8s/client/testutils/object_tracker.go:406 msg=Get clientset=* gvr="cilium.io/v2, Resource=ciliumbgpnodeconfigs" k8sNamespace="" name=node0 resourceVersion=1
    logger.go:256: time=2026-03-17T14:38:23.189Z level=DEBUG source=/app/pkg/k8s/client/testutils/object_tracker.go:406 msg=Get clientset=* gvr="cilium.io/v2, Resource=ciliumbgpnodeconfigs" k8sNamespace="" name=node0 resourceVersion=1
    logger.go:256: time=2026-03-17T14:38:23.290Z level=DEBUG source=/app/pkg/k8s/client/testutils/object_tracker.go:406 msg=Get clientset=* gvr="cilium.io/v2, Resource=ciliumbgpnodeconfigs" k8sNamespace="" name=node0 resourceVersion=1
    logger.go:256: time=2026-03-17T14:38:23.390Z level=DEBUG source=/app/pkg/k8s/client/testutils/object_tracker.go:406 msg=Get clientset=* gvr="cilium.io/v2, Resource=ciliumbgpnodeconfigs" k8sNamespace="" name=node0 resourceVersion=1
    logger.go:256: time=2026-03-17T14:38:23.490Z level=DEBUG source=/app/pkg/k8s/client/testutils/object_tracker.go:406 msg=Get clientset=* gvr="cilium.io/v2, Resource=ciliumbgpnodeconfigs" k8sNamespace="" name=node0 resourceVersion=1
    logger.go:256: time=2026-03-17T14:38:23.499Z level=DEBUG source=/app/pkg/k8s/client/testutils/object_tracker.go:406 msg=Get clientset=* gvr="cilium.io/v2, Resource=ciliumbgpnodeconfigs" k8sNamespace="" name=node0 resourceVersion=1
    logger.go:256: time=2026-03-17T14:38:23.500Z level=DEBUG source=/app/pkg/k8s/client/testutils/object_tracker.go:568 msg=Patch clientset=* obj="&{TypeMeta:{Kind:CiliumBGPNodeConfig APIVersion:cilium.io/v2} ObjectMeta:{Name:node0 GenerateName: Namespace: SelfLink: UID: ResourceVersion:3 Generation:19 CreationTimestamp:0001-01-01 00:00:00 +0000 UTC DeletionTimestamp:<nil> DeletionGracePeriodSeconds:<nil> Labels:map[] Annotations:map[] OwnerReferences:[] Finalizers:[] ManagedFields:[]} Spec:{BGPInstances:[]} Status:{BGPInstances:[] Conditions:[{Type:cilium.io/BGPReconcileError Status:True ObservedGeneration:19 LastTransitionTime:2026-03-17 14:38:22 +0000 UTC Reason:BGPReconcileError Message:bgp-instance-0: error 00\nbgp-instance-0: error 01\nbgp-instance-1: error 10\n}]}}" resourceVersion=3
    logger.go:256: time=2026-03-17T14:38:23.501Z level=DEBUG source=/app/pkg/bgp/manager/reconciler/crd_status.go:485 msg="Updated resource status" reconciler=CRD_Status bgp_node_config=node0
    logger.go:256: time=2026-03-17T14:38:23.590Z level=DEBUG source=/app/pkg/k8s/client/testutils/object_tracker.go:406 msg=Get clientset=* gvr="cilium.io/v2, Resource=ciliumbgpnodeconfigs" k8sNamespace="" name=node0 resourceVersion=3
    logger.go:256: time=2026-03-17T14:38:23.590Z level=INFO source=/app/vendor/github.com/cilium/hive/hive.go:401 msg="Stopping hive"
    logger.go:256: time=2026-03-17T14:38:23.590Z level=DEBUG source=/app/vendor/github.com/cilium/hive/cell/lifecycle.go:184 msg="Executing stop hook" function="*job.queuedJob.Stop (jobs)" detail="module-status-metrics (health.metricPublisher.func2 (.../hive/health/metrics.go:78))"
    logger.go:256: time=2026-03-17T14:38:23.591Z level=DEBUG source=/app/pkg/hive/health/provider.go:144 msg="stopping health reporter" module=health reporter-id=health.job-module-status-metrics
    logger.go:256: time=2026-03-17T14:38:23.591Z level=DEBUG source=/app/vendor/github.com/cilium/hive/cell/lifecycle.go:194 msg="Stop hook executed" function="*job.queuedJob.Stop (jobs)" detail="module-status-metrics (health.metricPublisher.func2 (.../hive/health/metrics.go:78))" duration=718.116µs
    logger.go:256: time=2026-03-17T14:38:23.591Z level=DEBUG source=/app/vendor/github.com/cilium/hive/cell/lifecycle.go:184 msg="Executing stop hook" function="*job.queuedJob.Stop (jobs)" detail="bgp-reconcile-error-statedb-tracker (reconciler.NewStatusReconciler.func3 (.../manager/reconciler/crd_status.go:165))"
    logger.go:256: time=2026-03-17T14:38:23.592Z level=DEBUG source=/app/pkg/hive/health/provider.go:144 msg="stopping health reporter" module=health reporter-id=.job-bgp-reconcile-error-statedb-tracker
    logger.go:256: time=2026-03-17T14:38:23.592Z level=DEBUG source=/app/vendor/github.com/cilium/hive/cell/lifecycle.go:194 msg="Stop hook executed" function="*job.queuedJob.Stop (jobs)" detail="bgp-reconcile-error-statedb-tracker (reconciler.NewStatusReconciler.func3 (.../manager/reconciler/crd_status.go:165))" duration=208.105µs
    logger.go:256: time=2026-03-17T14:38:23.592Z level=DEBUG source=/app/vendor/github.com/cilium/hive/cell/lifecycle.go:184 msg="Executing stop hook" function="*job.queuedJob.Stop (jobs)" detail="bgp-crd-status-update-job (reconciler.NewStatusReconciler.func2 (.../manager/reconciler/crd_status.go:132))"
    logger.go:256: time=2026-03-17T14:38:23.592Z level=DEBUG source=/app/pkg/bgp/manager/reconciler/crd_status.go:159 msg="CRD status update job stopped" reconciler=CRD_Status
    logger.go:256: time=2026-03-17T14:38:23.592Z level=DEBUG source=/app/pkg/hive/health/provider.go:144 msg="stopping health reporter" module=health reporter-id=.job-bgp-crd-status-update-job
    logger.go:256: time=2026-03-17T14:38:23.592Z level=DEBUG source=/app/vendor/github.com/cilium/hive/cell/lifecycle.go:194 msg="Stop hook executed" function="*job.queuedJob.Stop (jobs)" detail="bgp-crd-status-update-job (reconciler.NewStatusReconciler.func2 (.../manager/reconciler/crd_status.go:132))" duration=80.579µs
    logger.go:256: time=2026-03-17T14:38:23.592Z level=DEBUG source=/app/vendor/github.com/cilium/hive/cell/lifecycle.go:184 msg="Executing stop hook" function="*job.queuedJob.Stop (jobs)" detail="bgp-crd-status-initialize (reconciler.NewStatusReconciler.func1 (.../manager/reconciler/crd_status.go:117))"
    logger.go:256: time=2026-03-17T14:38:23.592Z level=DEBUG source=/app/pkg/hive/health/provider.go:144 msg="stopping health reporter" module=health reporter-id=.job-bgp-crd-status-initialize
    logger.go:256: time=2026-03-17T14:38:23.592Z level=DEBUG source=/app/vendor/github.com/cilium/hive/cell/lifecycle.go:194 msg="Stop hook executed" function="*job.queuedJob.Stop (jobs)" detail="bgp-crd-status-initialize (reconciler.NewStatusReconciler.func1 (.../manager/reconciler/crd_status.go:117))" duration=56.208µs
    logger.go:256: time=2026-03-17T14:38:23.592Z level=DEBUG source=/app/vendor/github.com/cilium/hive/cell/lifecycle.go:184 msg="Executing stop hook" function="*resource.resource[*github.com/cilium/cilium/pkg/k8s/apis/cilium.io/v2.CiliumNode].Stop (k8s-resources)"
    logger.go:256: time=2026-03-17T14:38:23.592Z level=DEBUG source=/app/vendor/github.com/cilium/hive/cell/lifecycle.go:194 msg="Stop hook executed" function="*resource.resource[*github.com/cilium/cilium/pkg/k8s/apis/cilium.io/v2.CiliumNode].Stop (k8s-resources)" duration=57.734µs
    logger.go:256: time=2026-03-17T14:38:23.592Z level=DEBUG source=/app/vendor/github.com/cilium/hive/cell/lifecycle.go:184 msg="Executing stop hook" function="*health.provider.Stop (health)"
    logger.go:256: time=2026-03-17T14:38:23.592Z level=DEBUG source=/app/vendor/github.com/cilium/hive/cell/lifecycle.go:194 msg="Stop hook executed" function="*health.provider.Stop (health)" duration=130ns
    logger.go:256: time=2026-03-17T14:38:23.592Z level=DEBUG source=/app/vendor/github.com/cilium/hive/cell/lifecycle.go:184 msg="Executing stop hook" function="*job.registry.Stop (jobs)"
    logger.go:256: time=2026-03-17T14:38:23.592Z level=DEBUG source=/app/vendor/github.com/cilium/hive/cell/lifecycle.go:194 msg="Stop hook executed" function="*job.registry.Stop (jobs)" duration=6.153µs
    logger.go:256: time=2026-03-17T14:38:23.592Z level=DEBUG source=/app/vendor/github.com/cilium/hive/cell/lifecycle.go:184 msg="Executing stop hook" function="statedb.newHiveDB.func2 (.../cilium/statedb/cell.go:37) (statedb)"
    logger.go:256: time=2026-03-17T14:38:23.593Z level=DEBUG source=/app/vendor/github.com/cilium/hive/cell/lifecycle.go:194 msg="Stop hook executed" function="statedb.newHiveDB.func2 (.../cilium/statedb/cell.go:37) (statedb)" duration=316.567µs
    logger.go:256: time=2026-03-17T14:38:23.593Z level=INFO source=/app/vendor/github.com/cilium/hive/hive.go:405 msg="Stopped hive" duration=2.837611ms
=== RUN   TestCRDConditions/modify_previous_error_conditions
    logger.go:256: time=2026-03-17T14:38:23.600Z level=DEBUG source=/app/vendor/github.com/cilium/hive/cell/invoke.go:38 msg=Invoking function="reconciler.newCRDStatusFixture.func6 (.../manager/reconciler/crd_status_test.go:117)"
    logger.go:256: time=2026-03-17T14:38:23.600Z level=DEBUG source=/app/vendor/github.com/cilium/hive/cell/invoke.go:59 msg=Invoked duration=258.068µs function="reconciler.newCRDStatusFixture.func6 (.../manager/reconciler/crd_status_test.go:117)"
    logger.go:256: time=2026-03-17T14:38:23.600Z level=DEBUG source=/app/vendor/github.com/cilium/hive/cell/invoke.go:38 msg=Invoking function="reconciler.newCRDStatusFixture.func7 (.../manager/reconciler/crd_status_test.go:122)"
    logger.go:256: time=2026-03-17T14:38:23.600Z level=DEBUG source=/app/vendor/github.com/cilium/hive/cell/invoke.go:59 msg=Invoked duration=5.889µs function="reconciler.newCRDStatusFixture.func7 (.../manager/reconciler/crd_status_test.go:122)"
    logger.go:256: time=2026-03-17T14:38:23.600Z level=DEBUG source=/app/vendor/github.com/cilium/hive/cell/invoke.go:38 msg=Invoking function="health.metricPublisher (.../hive/health/metrics.go:59)"
    logger.go:256: time=2026-03-17T14:38:23.600Z level=DEBUG source=/app/vendor/github.com/cilium/hive/cell/invoke.go:59 msg=Invoked duration=101.423µs function="health.metricPublisher (.../hive/health/metrics.go:59)"
    logger.go:256: time=2026-03-17T14:38:23.600Z level=INFO source=/app/vendor/github.com/cilium/hive/hive.go:385 msg="Starting hive"
    logger.go:256: time=2026-03-17T14:38:23.600Z level=DEBUG source=/app/vendor/github.com/cilium/hive/cell/lifecycle.go:139 msg="Executing start hook" function="statedb.newHiveDB.func1 (.../cilium/statedb/cell.go:34) (statedb)"
    logger.go:256: time=2026-03-17T14:38:23.600Z level=DEBUG source=/app/vendor/github.com/cilium/hive/cell/lifecycle.go:149 msg="Start hook executed" function="statedb.newHiveDB.func1 (.../cilium/statedb/cell.go:34) (statedb)" duration=1.562µs
    logger.go:256: time=2026-03-17T14:38:23.600Z level=DEBUG source=/app/vendor/github.com/cilium/hive/cell/lifecycle.go:139 msg="Executing start hook" function="*job.registry.Start (jobs)"
    logger.go:256: time=2026-03-17T14:38:23.600Z level=DEBUG source=/app/vendor/github.com/cilium/hive/cell/lifecycle.go:149 msg="Start hook executed" function="*job.registry.Start (jobs)" duration=340ns
    logger.go:256: time=2026-03-17T14:38:23.600Z level=DEBUG source=/app/vendor/github.com/cilium/hive/cell/lifecycle.go:139 msg="Executing start hook" function="*health.provider.Start (health)"
    logger.go:256: time=2026-03-17T14:38:23.600Z level=DEBUG source=/app/vendor/github.com/cilium/hive/cell/lifecycle.go:149 msg="Start hook executed" function="*health.provider.Start (health)" duration=117ns
    logger.go:256: time=2026-03-17T14:38:23.600Z level=DEBUG source=/app/vendor/github.com/cilium/hive/cell/lifecycle.go:139 msg="Executing start hook" function="*resource.resource[*github.com/cilium/cilium/pkg/k8s/apis/cilium.io/v2.CiliumNode].Start (k8s-resources)"
    logger.go:256: time=2026-03-17T14:38:23.600Z level=DEBUG source=/app/vendor/github.com/cilium/hive/cell/lifecycle.go:149 msg="Start hook executed" function="*resource.resource[*github.com/cilium/cilium/pkg/k8s/apis/cilium.io/v2.CiliumNode].Start (k8s-resources)" duration=2.486µs
    logger.go:256: time=2026-03-17T14:38:23.600Z level=DEBUG source=/app/vendor/github.com/cilium/hive/cell/lifecycle.go:139 msg="Executing start hook" function="*job.queuedJob.Start (jobs)" detail="bgp-crd-status-initialize (reconciler.NewStatusReconciler.func1 (.../manager/reconciler/crd_status.go:117))"
    logger.go:256: time=2026-03-17T14:38:23.600Z level=DEBUG source=/app/vendor/github.com/cilium/hive/cell/lifecycle.go:149 msg="Start hook executed" function="*job.queuedJob.Start (jobs)" detail="bgp-crd-status-initialize (reconciler.NewStatusReconciler.func1 (.../manager/reconciler/crd_status.go:117))" duration=3.771µs
    logger.go:256: time=2026-03-17T14:38:23.600Z level=DEBUG source=/app/vendor/github.com/cilium/hive/cell/lifecycle.go:139 msg="Executing start hook" function="*job.queuedJob.Start (jobs)" detail="bgp-crd-status-update-job (reconciler.NewStatusReconciler.func2 (.../manager/reconciler/crd_status.go:132))"
    logger.go:256: time=2026-03-17T14:38:23.600Z level=DEBUG source=/app/vendor/github.com/cilium/hive/cell/lifecycle.go:149 msg="Start hook executed" function="*job.queuedJob.Start (jobs)" detail="bgp-crd-status-update-job (reconciler.NewStatusReconciler.func2 (.../manager/reconciler/crd_status.go:132))" duration=1.051µs
    logger.go:256: time=2026-03-17T14:38:23.600Z level=DEBUG source=/app/vendor/github.com/cilium/hive/cell/lifecycle.go:139 msg="Executing start hook" function="*job.queuedJob.Start (jobs)" detail="bgp-reconcile-error-statedb-tracker (reconciler.NewStatusReconciler.func3 (.../manager/reconciler/crd_status.go:165))"
    logger.go:256: time=2026-03-17T14:38:23.600Z level=DEBUG source=/app/vendor/github.com/cilium/hive/cell/lifecycle.go:149 msg="Start hook executed" function="*job.queuedJob.Start (jobs)" detail="bgp-reconcile-error-statedb-tracker (reconciler.NewStatusReconciler.func3 (.../manager/reconciler/crd_status.go:165))" duration=1.005µs
    logger.go:256: time=2026-03-17T14:38:23.600Z level=DEBUG source=/app/vendor/github.com/cilium/hive/cell/lifecycle.go:139 msg="Executing start hook" function="*job.queuedJob.Start (jobs)" detail="module-status-metrics (health.metricPublisher.func2 (.../hive/health/metrics.go:78))"
    logger.go:256: time=2026-03-17T14:38:23.600Z level=DEBUG source=/app/vendor/github.com/cilium/hive/cell/lifecycle.go:149 msg="Start hook executed" function="*job.queuedJob.Start (jobs)" detail="module-status-metrics (health.metricPublisher.func2 (.../hive/health/metrics.go:78))" duration=2.645µs
    logger.go:256: time=2026-03-17T14:38:23.600Z level=INFO source=/app/vendor/github.com/cilium/hive/hive.go:389 msg="Started hive" duration=304.265µs
    logger.go:256: time=2026-03-17T14:38:23.601Z level=DEBUG source=/app/vendor/github.com/cilium/hive/job/oneshot.go:136 msg="Starting one-shot job" module=health name=module-status-metrics func="health.metricPublisher.func2 (.../hive/health/metrics.go:78)"
    logger.go:256: time=2026-03-17T14:38:23.601Z level=DEBUG source=/app/pkg/hive/health/provider.go:89 msg="upserting health status" module=health lastLevel=none reporter-id=health.job-module-status-metrics status="health.job-module-status-metrics: [OK] Running"
    logger.go:256: time=2026-03-17T14:38:23.601Z level=DEBUG source=/app/vendor/github.com/cilium/hive/job/oneshot.go:136 msg="Starting one-shot job" name=bgp-crd-status-initialize func="reconciler.NewStatusReconciler.func1 (.../manager/reconciler/crd_status.go:117)"
    logger.go:256: time=2026-03-17T14:38:23.601Z level=DEBUG source=/app/pkg/hive/health/provider.go:89 msg="upserting health status" module=health lastLevel=none reporter-id=.job-bgp-crd-status-initialize status=".job-bgp-crd-status-initialize: [OK] Running"
    logger.go:256: time=2026-03-17T14:38:23.601Z level=DEBUG source=/app/pkg/bgp/manager/reconciler/crd_status.go:118 msg=Initializing reconciler=CRD_Status
    logger.go:256: time=2026-03-17T14:38:23.601Z level=DEBUG source=/app/vendor/github.com/cilium/hive/job/oneshot.go:136 msg="Starting one-shot job" name=bgp-crd-status-update-job func="reconciler.NewStatusReconciler.func2 (.../manager/reconciler/crd_status.go:132)"
    logger.go:256: time=2026-03-17T14:38:23.601Z level=DEBUG source=/app/pkg/hive/health/provider.go:89 msg="upserting health status" module=health lastLevel=none reporter-id=.job-bgp-crd-status-update-job status=".job-bgp-crd-status-update-job: [OK] Running"
    logger.go:256: time=2026-03-17T14:38:23.601Z level=DEBUG source=/app/pkg/bgp/manager/reconciler/crd_status.go:133 msg="Update job running" reconciler=CRD_Status
    logger.go:256: time=2026-03-17T14:38:23.601Z level=DEBUG source=/app/vendor/github.com/cilium/hive/job/oneshot.go:136 msg="Starting one-shot job" name=bgp-reconcile-error-statedb-tracker func="reconciler.NewStatusReconciler.func3 (.../manager/reconciler/crd_status.go:165)"
    logger.go:256: time=2026-03-17T14:38:23.601Z level=DEBUG source=/app/pkg/hive/health/provider.go:89 msg="upserting health status" module=health lastLevel=none reporter-id=.job-bgp-reconcile-error-statedb-tracker status=".job-bgp-reconcile-error-statedb-tracker: [OK] Running"
    logger.go:256: time=2026-03-17T14:38:23.601Z level=DEBUG source=/app/pkg/bgp/manager/reconciler/crd_status.go:166 msg="StateDB reconcile-error tracker running" reconciler=CRD_Status
    logger.go:256: time=2026-03-17T14:38:23.601Z level=DEBUG source=/app/pkg/k8s/client/testutils/object_tracker.go:605 msg=Watch clientset=* gvr="cilium.io/v2, Resource=ciliumnodes" k8sNamespace="" resourceVersion=0 sendInitialEvents=true
    logger.go:256: time=2026-03-17T14:38:23.601Z level=DEBUG source=/app/pkg/k8s/client/testutils/object_tracker.go:360 msg=Create clientset=* obj="&{TypeMeta:{Kind: APIVersion:} ObjectMeta:{Name:node0 GenerateName: Namespace: SelfLink: UID: ResourceVersion: Generation:0 CreationTimestamp:0001-01-01 00:00:00 +0000 UTC DeletionTimestamp:<nil> DeletionGracePeriodSeconds:<nil> Labels:map[] Annotations:map[] OwnerReferences:[] Finalizers:[] ManagedFields:[]} Spec:{BGPInstances:[]} Status:{BGPInstances:[] Conditions:[{Type:cilium.io/BGPReconcileError Status:True ObservedGeneration:0 LastTransitionTime:0001-01-01 00:00:00 +0000 UTC Reason:BGPReconcileError Message:bgp-instance-0: error 00\nbgp-instance-0: error 01\nbgp-instance-1: error 10\n}]}}"
    logger.go:256: time=2026-03-17T14:38:23.602Z level=DEBUG source=/app/pkg/k8s/client/testutils/object_tracker.go:406 msg=Get clientset=* gvr="cilium.io/v2, Resource=ciliumbgpnodeconfigs" k8sNamespace="" name=node0 resourceVersion=1
    logger.go:256: time=2026-03-17T14:38:23.602Z level=DEBUG source=/app/pkg/k8s/client/testutils/object_tracker.go:360 msg=Create clientset=* obj="&{TypeMeta:{Kind: APIVersion:} ObjectMeta:{Name:node0 GenerateName: Namespace: SelfLink: UID: ResourceVersion: Generation:0 CreationTimestamp:0001-01-01 00:00:00 +0000 UTC DeletionTimestamp:<nil> DeletionGracePeriodSeconds:<nil> Labels:map[] Annotations:map[] OwnerReferences:[] Finalizers:[] ManagedFields:[]} Spec:{InstanceID: BootID: Addresses:[] HealthAddressing:{IPv4: IPv6:} IngressAddressing:{IPV4: IPV6:} Encryption:{Key:0} ENI:{InstanceID: InstanceType: MinAllocate:0 PreAllocate:0 MaxAboveWatermark:0 FirstInterfaceIndex:<nil> SecurityGroups:[] SecurityGroupTags:map[] SubnetIDs:[] SubnetTags:map[] NodeSubnetID: VpcID: AvailabilityZone: ExcludeInterfaceTags:map[] DeleteOnTermination:<nil> UsePrimaryAddress:<nil> DisablePrefixDelegation:<nil>} Azure:{InterfaceName:} AlibabaCloud:{InstanceType: AvailabilityZone: VPCID: CIDRBlock: VSwitches:[] VSwitchTags:map[] SecurityGroups:[] SecurityGroupTags:map[]} IPAM:{Pool:map[] IPv6Pool:map[] Pools:{Requested:[] Allocated:[]} PodCIDRs:[] MinAllocate:0 MaxAllocate:0 PreAllocate:0 MaxAboveWatermark:0 StaticIPTags:map[]} NodeIdentity:0} Status:{ENI:{ENIs:map[]} Azure:{Interfaces:[]} IPAM:{Used:map[] IPv6Used:map[] PodCIDRs:map[] OperatorStatus:{Error:} ReleaseIPs:map[] ReleaseIPv6s:map[] AssignedStaticIP:} AlibabaCloud:{ENIs:map[]}}}"
    logger.go:256: time=2026-03-17T14:38:23.602Z level=DEBUG source=/app/pkg/k8s/client/testutils/object_tracker.go:406 msg=Get clientset=* gvr="cilium.io/v2, Resource=ciliumnodes" k8sNamespace="" name=node0 resourceVersion=2
    logger.go:256: time=2026-03-17T14:38:23.602Z level=DEBUG source=/app/pkg/k8s/client/testutils/object_tracker.go:699 msg=InitialEvent gvr="cilium.io/v2, Resource=ciliumnodes" k8sNamespace="" name=node0 type=ADDED
    logger.go:256: time=2026-03-17T14:38:23.602Z level=DEBUG source=/app/pkg/k8s/client/testutils/object_tracker.go:722 msg=SendingBookmark resourceVersion=2
    logger.go:256: time=2026-03-17T14:38:23.702Z level=DEBUG source=/app/pkg/k8s/client/testutils/object_tracker.go:406 msg=Get clientset=* gvr="cilium.io/v2, Resource=ciliumbgpnodeconfigs" k8sNamespace="" name=node0 resourceVersion=1
    logger.go:256: time=2026-03-17T14:38:23.805Z level=DEBUG source=/app/pkg/k8s/client/testutils/object_tracker.go:406 msg=Get clientset=* gvr="cilium.io/v2, Resource=ciliumbgpnodeconfigs" k8sNamespace="" name=node0 resourceVersion=1
    logger.go:256: time=2026-03-17T14:38:23.873Z level=DEBUG source=/app/pkg/k8s/client/testutils/object_tracker.go:406 msg=Get clientset=* gvr="cilium.io/v2, Resource=ciliumbgpnodeconfigs" k8sNamespace="" name=node0 resourceVersion=1
    logger.go:256: time=2026-03-17T14:38:23.874Z level=DEBUG source=/app/pkg/k8s/client/testutils/object_tracker.go:568 msg=Patch clientset=* obj="&{TypeMeta:{Kind:CiliumBGPNodeConfig APIVersion:cilium.io/v2} ObjectMeta:{Name:node0 GenerateName: Namespace: SelfLink: UID: ResourceVersion:3 Generation:0 CreationTimestamp:0001-01-01 00:00:00 +0000 UTC DeletionTimestamp:<nil> DeletionGracePeriodSeconds:<nil> Labels:map[] Annotations:map[] OwnerReferences:[] Finalizers:[] ManagedFields:[]} Spec:{BGPInstances:[]} Status:{BGPInstances:[] Conditions:[{Type:cilium.io/BGPReconcileError Status:True ObservedGeneration:0 LastTransitionTime:2026-03-17 14:38:23 +0000 UTC Reason:BGPReconcileError Message:bgp-instance-0: error 00\n}]}}" resourceVersion=3
    logger.go:256: time=2026-03-17T14:38:23.874Z level=DEBUG source=/app/pkg/bgp/manager/reconciler/crd_status.go:485 msg="Updated resource status" reconciler=CRD_Status bgp_node_config=node0
    logger.go:256: time=2026-03-17T14:38:23.903Z level=DEBUG source=/app/pkg/k8s/client/testutils/object_tracker.go:406 msg=Get clientset=* gvr="cilium.io/v2, Resource=ciliumbgpnodeconfigs" k8sNamespace="" name=node0 resourceVersion=3
    logger.go:256: time=2026-03-17T14:38:23.903Z level=INFO source=/app/vendor/github.com/cilium/hive/hive.go:401 msg="Stopping hive"
    logger.go:256: time=2026-03-17T14:38:23.904Z level=DEBUG source=/app/vendor/github.com/cilium/hive/cell/lifecycle.go:184 msg="Executing stop hook" function="*job.queuedJob.Stop (jobs)" detail="module-status-metrics (health.metricPublisher.func2 (.../hive/health/metrics.go:78))"
    logger.go:256: time=2026-03-17T14:38:23.904Z level=DEBUG source=/app/pkg/hive/health/provider.go:144 msg="stopping health reporter" module=health reporter-id=health.job-module-status-metrics
    logger.go:256: time=2026-03-17T14:38:23.904Z level=DEBUG source=/app/vendor/github.com/cilium/hive/cell/lifecycle.go:194 msg="Stop hook executed" function="*job.queuedJob.Stop (jobs)" detail="module-status-metrics (health.metricPublisher.func2 (.../hive/health/metrics.go:78))" duration=313.276µs
    logger.go:256: time=2026-03-17T14:38:23.904Z level=DEBUG source=/app/vendor/github.com/cilium/hive/cell/lifecycle.go:184 msg="Executing stop hook" function="*job.queuedJob.Stop (jobs)" detail="bgp-reconcile-error-statedb-tracker (reconciler.NewStatusReconciler.func3 (.../manager/reconciler/crd_status.go:165))"
    logger.go:256: time=2026-03-17T14:38:23.904Z level=DEBUG source=/app/pkg/hive/health/provider.go:144 msg="stopping health reporter" module=health reporter-id=.job-bgp-reconcile-error-statedb-tracker
    logger.go:256: time=2026-03-17T14:38:23.904Z level=DEBUG source=/app/vendor/github.com/cilium/hive/cell/lifecycle.go:194 msg="Stop hook executed" function="*job.queuedJob.Stop (jobs)" detail="bgp-reconcile-error-statedb-tracker (reconciler.NewStatusReconciler.func3 (.../manager/reconciler/crd_status.go:165))" duration=258.825µs
    logger.go:256: time=2026-03-17T14:38:23.905Z level=DEBUG source=/app/vendor/github.com/cilium/hive/cell/lifecycle.go:184 msg="Executing stop hook" function="*job.queuedJob.Stop (jobs)" detail="bgp-crd-status-update-job (reconciler.NewStatusReconciler.func2 (.../manager/reconciler/crd_status.go:132))"
    logger.go:256: time=2026-03-17T14:38:23.905Z level=DEBUG source=/app/pkg/bgp/manager/reconciler/crd_status.go:159 msg="CRD status update job stopped" reconciler=CRD_Status
    logger.go:256: time=2026-03-17T14:38:23.905Z level=DEBUG source=/app/pkg/hive/health/provider.go:144 msg="stopping health reporter" module=health reporter-id=.job-bgp-crd-status-update-job
    logger.go:256: time=2026-03-17T14:38:23.905Z level=DEBUG source=/app/vendor/github.com/cilium/hive/cell/lifecycle.go:194 msg="Stop hook executed" function="*job.queuedJob.Stop (jobs)" detail="bgp-crd-status-update-job (reconciler.NewStatusReconciler.func2 (.../manager/reconciler/crd_status.go:132))" duration=278.458µs
    logger.go:256: time=2026-03-17T14:38:23.905Z level=DEBUG source=/app/vendor/github.com/cilium/hive/cell/lifecycle.go:184 msg="Executing stop hook" function="*job.queuedJob.Stop (jobs)" detail="bgp-crd-status-initialize (reconciler.NewStatusReconciler.func1 (.../manager/reconciler/crd_status.go:117))"
    logger.go:256: time=2026-03-17T14:38:23.905Z level=DEBUG source=/app/pkg/hive/health/provider.go:144 msg="stopping health reporter" module=health reporter-id=.job-bgp-crd-status-initialize
    logger.go:256: time=2026-03-17T14:38:23.905Z level=DEBUG source=/app/vendor/github.com/cilium/hive/cell/lifecycle.go:194 msg="Stop hook executed" function="*job.queuedJob.Stop (jobs)" detail="bgp-crd-status-initialize (reconciler.NewStatusReconciler.func1 (.../manager/reconciler/crd_status.go:117))" duration=76.698µs
    logger.go:256: time=2026-03-17T14:38:23.905Z level=DEBUG source=/app/vendor/github.com/cilium/hive/cell/lifecycle.go:184 msg="Executing stop hook" function="*resource.resource[*github.com/cilium/cilium/pkg/k8s/apis/cilium.io/v2.CiliumNode].Stop (k8s-resources)"
    logger.go:256: time=2026-03-17T14:38:23.905Z level=DEBUG source=/app/vendor/github.com/cilium/hive/cell/lifecycle.go:194 msg="Stop hook executed" function="*resource.resource[*github.com/cilium/cilium/pkg/k8s/apis/cilium.io/v2.CiliumNode].Stop (k8s-resources)" duration=40.558µs
    logger.go:256: time=2026-03-17T14:38:23.905Z level=DEBUG source=/app/vendor/github.com/cilium/hive/cell/lifecycle.go:184 msg="Executing stop hook" function="*health.provider.Stop (health)"
    logger.go:256: time=2026-03-17T14:38:23.905Z level=DEBUG source=/app/vendor/github.com/cilium/hive/cell/lifecycle.go:194 msg="Stop hook executed" function="*health.provider.Stop (health)" duration=160ns
    logger.go:256: time=2026-03-17T14:38:23.905Z level=DEBUG source=/app/vendor/github.com/cilium/hive/cell/lifecycle.go:184 msg="Executing stop hook" function="*job.registry.Stop (jobs)"
    logger.go:256: time=2026-03-17T14:38:23.905Z level=DEBUG source=/app/vendor/github.com/cilium/hive/cell/lifecycle.go:194 msg="Stop hook executed" function="*job.registry.Stop (jobs)" duration=3.462µs
    logger.go:256: time=2026-03-17T14:38:23.905Z level=DEBUG source=/app/vendor/github.com/cilium/hive/cell/lifecycle.go:184 msg="Executing stop hook" function="statedb.newHiveDB.func2 (.../cilium/statedb/cell.go:37) (statedb)"
    logger.go:256: time=2026-03-17T14:38:23.905Z level=DEBUG source=/app/vendor/github.com/cilium/hive/cell/lifecycle.go:194 msg="Stop hook executed" function="statedb.newHiveDB.func2 (.../cilium/statedb/cell.go:37) (statedb)" duration=85.308µs
    logger.go:256: time=2026-03-17T14:38:23.905Z level=INFO source=/app/vendor/github.com/cilium/hive/hive.go:405 msg="Stopped hive" duration=1.771981ms
=== RUN   TestCRDConditions/delete_previous_error_conditions
    logger.go:256: time=2026-03-17T14:38:23.907Z level=DEBUG source=/app/vendor/github.com/cilium/hive/cell/invoke.go:38 msg=Invoking function="reconciler.newCRDStatusFixture.func6 (.../manager/reconciler/crd_status_test.go:117)"
    logger.go:256: time=2026-03-17T14:38:23.907Z level=DEBUG source=/app/vendor/github.com/cilium/hive/cell/invoke.go:59 msg=Invoked duration=263.565µs function="reconciler.newCRDStatusFixture.func6 (.../manager/reconciler/crd_status_test.go:117)"
    logger.go:256: time=2026-03-17T14:38:23.907Z level=DEBUG source=/app/vendor/github.com/cilium/hive/cell/invoke.go:38 msg=Invoking function="reconciler.newCRDStatusFixture.func7 (.../manager/reconciler/crd_status_test.go:122)"
    logger.go:256: time=2026-03-17T14:38:23.907Z level=DEBUG source=/app/vendor/github.com/cilium/hive/cell/invoke.go:59 msg=Invoked duration=11.464µs function="reconciler.newCRDStatusFixture.func7 (.../manager/reconciler/crd_status_test.go:122)"
    logger.go:256: time=2026-03-17T14:38:23.907Z level=DEBUG source=/app/vendor/github.com/cilium/hive/cell/invoke.go:38 msg=Invoking function="health.metricPublisher (.../hive/health/metrics.go:59)"
    logger.go:256: time=2026-03-17T14:38:23.907Z level=DEBUG source=/app/vendor/github.com/cilium/hive/cell/invoke.go:59 msg=Invoked duration=95.003µs function="health.metricPublisher (.../hive/health/metrics.go:59)"
    logger.go:256: time=2026-03-17T14:38:23.907Z level=INFO source=/app/vendor/github.com/cilium/hive/hive.go:385 msg="Starting hive"
    logger.go:256: time=2026-03-17T14:38:23.907Z level=DEBUG source=/app/vendor/github.com/cilium/hive/cell/lifecycle.go:139 msg="Executing start hook" function="statedb.newHiveDB.func1 (.../cilium/statedb/cell.go:34) (statedb)"
    logger.go:256: time=2026-03-17T14:38:23.907Z level=DEBUG source=/app/vendor/github.com/cilium/hive/cell/lifecycle.go:149 msg="Start hook executed" function="statedb.newHiveDB.func1 (.../cilium/statedb/cell.go:34) (statedb)" duration=2.059µs
    logger.go:256: time=2026-03-17T14:38:23.908Z level=DEBUG source=/app/vendor/github.com/cilium/hive/cell/lifecycle.go:139 msg="Executing start hook" function="*job.registry.Start (jobs)"
    logger.go:256: time=2026-03-17T14:38:23.908Z level=DEBUG source=/app/vendor/github.com/cilium/hive/cell/lifecycle.go:149 msg="Start hook executed" function="*job.registry.Start (jobs)" duration=547ns
    logger.go:256: time=2026-03-17T14:38:23.908Z level=DEBUG source=/app/vendor/github.com/cilium/hive/cell/lifecycle.go:139 msg="Executing start hook" function="*health.provider.Start (health)"
    logger.go:256: time=2026-03-17T14:38:23.908Z level=DEBUG source=/app/vendor/github.com/cilium/hive/cell/lifecycle.go:149 msg="Start hook executed" function="*health.provider.Start (health)" duration=225ns
    logger.go:256: time=2026-03-17T14:38:23.908Z level=DEBUG source=/app/vendor/github.com/cilium/hive/cell/lifecycle.go:139 msg="Executing start hook" function="*resource.resource[*github.com/cilium/cilium/pkg/k8s/apis/cilium.io/v2.CiliumNode].Start (k8s-resources)"
    logger.go:256: time=2026-03-17T14:38:23.908Z level=DEBUG source=/app/vendor/github.com/cilium/hive/cell/lifecycle.go:149 msg="Start hook executed" function="*resource.resource[*github.com/cilium/cilium/pkg/k8s/apis/cilium.io/v2.CiliumNode].Start (k8s-resources)" duration=3.542µs
    logger.go:256: time=2026-03-17T14:38:23.908Z level=DEBUG source=/app/vendor/github.com/cilium/hive/cell/lifecycle.go:139 msg="Executing start hook" function="*job.queuedJob.Start (jobs)" detail="bgp-crd-status-initialize (reconciler.NewStatusReconciler.func1 (.../manager/reconciler/crd_status.go:117))"
    logger.go:256: time=2026-03-17T14:38:23.908Z level=DEBUG source=/app/vendor/github.com/cilium/hive/cell/lifecycle.go:149 msg="Start hook executed" function="*job.queuedJob.Start (jobs)" detail="bgp-crd-status-initialize (reconciler.NewStatusReconciler.func1 (.../manager/reconciler/crd_status.go:117))" duration=4.022µs
    logger.go:256: time=2026-03-17T14:38:23.908Z level=DEBUG source=/app/vendor/github.com/cilium/hive/cell/lifecycle.go:139 msg="Executing start hook" function="*job.queuedJob.Start (jobs)" detail="bgp-crd-status-update-job (reconciler.NewStatusReconciler.func2 (.../manager/reconciler/crd_status.go:132))"
    logger.go:256: time=2026-03-17T14:38:23.908Z level=DEBUG source=/app/vendor/github.com/cilium/hive/cell/lifecycle.go:149 msg="Start hook executed" function="*job.queuedJob.Start (jobs)" detail="bgp-crd-status-update-job (reconciler.NewStatusReconciler.func2 (.../manager/reconciler/crd_status.go:132))" duration=2.884µs
    logger.go:256: time=2026-03-17T14:38:23.908Z level=DEBUG source=/app/vendor/github.com/cilium/hive/cell/lifecycle.go:139 msg="Executing start hook" function="*job.queuedJob.Start (jobs)" detail="bgp-reconcile-error-statedb-tracker (reconciler.NewStatusReconciler.func3 (.../manager/reconciler/crd_status.go:165))"
    logger.go:256: time=2026-03-17T14:38:23.908Z level=DEBUG source=/app/vendor/github.com/cilium/hive/cell/lifecycle.go:149 msg="Start hook executed" function="*job.queuedJob.Start (jobs)" detail="bgp-reconcile-error-statedb-tracker (reconciler.NewStatusReconciler.func3 (.../manager/reconciler/crd_status.go:165))" duration=1.477µs
    logger.go:256: time=2026-03-17T14:38:23.908Z level=DEBUG source=/app/vendor/github.com/cilium/hive/cell/lifecycle.go:139 msg="Executing start hook" function="*job.queuedJob.Start (jobs)" detail="module-status-metrics (health.metricPublisher.func2 (.../hive/health/metrics.go:78))"
    logger.go:256: time=2026-03-17T14:38:23.908Z level=DEBUG source=/app/vendor/github.com/cilium/hive/cell/lifecycle.go:149 msg="Start hook executed" function="*job.queuedJob.Start (jobs)" detail="module-status-metrics (health.metricPublisher.func2 (.../hive/health/metrics.go:78))" duration=2.848µs
    logger.go:256: time=2026-03-17T14:38:23.908Z level=INFO source=/app/vendor/github.com/cilium/hive/hive.go:389 msg="Started hive" duration=673.665µs
    logger.go:256: time=2026-03-17T14:38:23.908Z level=DEBUG source=/app/vendor/github.com/cilium/hive/job/oneshot.go:136 msg="Starting one-shot job" module=health name=module-status-metrics func="health.metricPublisher.func2 (.../hive/health/metrics.go:78)"
    logger.go:256: time=2026-03-17T14:38:23.908Z level=DEBUG source=/app/pkg/hive/health/provider.go:89 msg="upserting health status" module=health lastLevel=none reporter-id=health.job-module-status-metrics status="health.job-module-status-metrics: [OK] Running"
    logger.go:256: time=2026-03-17T14:38:23.908Z level=DEBUG source=/app/vendor/github.com/cilium/hive/job/oneshot.go:136 msg="Starting one-shot job" name=bgp-crd-status-initialize func="reconciler.NewStatusReconciler.func1 (.../manager/reconciler/crd_status.go:117)"
    logger.go:256: time=2026-03-17T14:38:23.908Z level=DEBUG source=/app/pkg/hive/health/provider.go:89 msg="upserting health status" module=health lastLevel=none reporter-id=.job-bgp-crd-status-initialize status=".job-bgp-crd-status-initialize: [OK] Running"
    logger.go:256: time=2026-03-17T14:38:23.909Z level=DEBUG source=/app/pkg/bgp/manager/reconciler/crd_status.go:118 msg=Initializing reconciler=CRD_Status
    logger.go:256: time=2026-03-17T14:38:23.909Z level=DEBUG source=/app/vendor/github.com/cilium/hive/job/oneshot.go:136 msg="Starting one-shot job" name=bgp-crd-status-update-job func="reconciler.NewStatusReconciler.func2 (.../manager/reconciler/crd_status.go:132)"
    logger.go:256: time=2026-03-17T14:38:23.909Z level=DEBUG source=/app/pkg/hive/health/provider.go:89 msg="upserting health status" module=health lastLevel=none reporter-id=.job-bgp-crd-status-update-job status=".job-bgp-crd-status-update-job: [OK] Running"
    logger.go:256: time=2026-03-17T14:38:23.909Z level=DEBUG source=/app/pkg/bgp/manager/reconciler/crd_status.go:133 msg="Update job running" reconciler=CRD_Status
    logger.go:256: time=2026-03-17T14:38:23.909Z level=DEBUG source=/app/vendor/github.com/cilium/hive/job/oneshot.go:136 msg="Starting one-shot job" name=bgp-reconcile-error-statedb-tracker func="reconciler.NewStatusReconciler.func3 (.../manager/reconciler/crd_status.go:165)"
    logger.go:256: time=2026-03-17T14:38:23.909Z level=DEBUG source=/app/pkg/hive/health/provider.go:89 msg="upserting health status" module=health lastLevel=none reporter-id=.job-bgp-reconcile-error-statedb-tracker status=".job-bgp-reconcile-error-statedb-tracker: [OK] Running"
    logger.go:256: time=2026-03-17T14:38:23.909Z level=DEBUG source=/app/pkg/bgp/manager/reconciler/crd_status.go:166 msg="StateDB reconcile-error tracker running" reconciler=CRD_Status
    logger.go:256: time=2026-03-17T14:38:23.909Z level=DEBUG source=/app/pkg/k8s/client/testutils/object_tracker.go:605 msg=Watch clientset=* gvr="cilium.io/v2, Resource=ciliumnodes" k8sNamespace="" resourceVersion=0 sendInitialEvents=true
    logger.go:256: time=2026-03-17T14:38:23.909Z level=DEBUG source=/app/pkg/k8s/client/testutils/object_tracker.go:722 msg=SendingBookmark resourceVersion=0
    logger.go:256: time=2026-03-17T14:38:23.909Z level=DEBUG source=/app/pkg/k8s/client/testutils/object_tracker.go:360 msg=Create clientset=* obj="&{TypeMeta:{Kind: APIVersion:} ObjectMeta:{Name:node0 GenerateName: Namespace: SelfLink: UID: ResourceVersion: Generation:0 CreationTimestamp:0001-01-01 00:00:00 +0000 UTC DeletionTimestamp:<nil> DeletionGracePeriodSeconds:<nil> Labels:map[] Annotations:map[] OwnerReferences:[] Finalizers:[] ManagedFields:[]} Spec:{BGPInstances:[]} Status:{BGPInstances:[] Conditions:[{Type:cilium.io/BGPReconcileError Status:True ObservedGeneration:0 LastTransitionTime:0001-01-01 00:00:00 +0000 UTC Reason:BGPReconcileError Message:bgp-instance-0: error 00\nbgp-instance-0: error 01\nbgp-instance-1: error 10\n}]}}"
    logger.go:256: time=2026-03-17T14:38:23.909Z level=DEBUG source=/app/pkg/k8s/client/testutils/object_tracker.go:406 msg=Get clientset=* gvr="cilium.io/v2, Resource=ciliumbgpnodeconfigs" k8sNamespace="" name=node0 resourceVersion=1
    logger.go:256: time=2026-03-17T14:38:23.909Z level=DEBUG source=/app/pkg/k8s/client/testutils/object_tracker.go:360 msg=Create clientset=* obj="&{TypeMeta:{Kind: APIVersion:} ObjectMeta:{Name:node0 GenerateName: Namespace: SelfLink: UID: ResourceVersion: Generation:0 CreationTimestamp:0001-01-01 00:00:00 +0000 UTC DeletionTimestamp:<nil> DeletionGracePeriodSeconds:<nil> Labels:map[] Annotations:map[] OwnerReferences:[] Finalizers:[] ManagedFields:[]} Spec:{InstanceID: BootID: Addresses:[] HealthAddressing:{IPv4: IPv6:} IngressAddressing:{IPV4: IPV6:} Encryption:{Key:0} ENI:{InstanceID: InstanceType: MinAllocate:0 PreAllocate:0 MaxAboveWatermark:0 FirstInterfaceIndex:<nil> SecurityGroups:[] SecurityGroupTags:map[] SubnetIDs:[] SubnetTags:map[] NodeSubnetID: VpcID: AvailabilityZone: ExcludeInterfaceTags:map[] DeleteOnTermination:<nil> UsePrimaryAddress:<nil> DisablePrefixDelegation:<nil>} Azure:{InterfaceName:} AlibabaCloud:{InstanceType: AvailabilityZone: VPCID: CIDRBlock: VSwitches:[] VSwitchTags:map[] SecurityGroups:[] SecurityGroupTags:map[]} IPAM:{Pool:map[] IPv6Pool:map[] Pools:{Requested:[] Allocated:[]} PodCIDRs:[] MinAllocate:0 MaxAllocate:0 PreAllocate:0 MaxAboveWatermark:0 StaticIPTags:map[]} NodeIdentity:0} Status:{ENI:{ENIs:map[]} Azure:{Interfaces:[]} IPAM:{Used:map[] IPv6Used:map[] PodCIDRs:map[] OperatorStatus:{Error:} ReleaseIPs:map[] ReleaseIPv6s:map[] AssignedStaticIP:} AlibabaCloud:{ENIs:map[]}}}"
    logger.go:256: time=2026-03-17T14:38:23.910Z level=DEBUG source=/app/pkg/k8s/client/testutils/object_tracker.go:406 msg=Get clientset=* gvr="cilium.io/v2, Resource=ciliumnodes" k8sNamespace="" name=node0 resourceVersion=2
    logger.go:256: time=2026-03-17T14:38:23.910Z level=DEBUG source=/app/pkg/k8s/client/testutils/object_tracker.go:762 msg=Event gvr="cilium.io/v2, Resource=ciliumnodes" k8sNamespace="" name=node0 type=ADDED resourceVersion=2 obj="&{TypeMeta:{Kind:CiliumNode APIVersion:cilium.io/v2} ObjectMeta:{Name:node0 GenerateName: Namespace: SelfLink: UID: ResourceVersion:2 Generation:0 CreationTimestamp:0001-01-01 00:00:00 +0000 UTC DeletionTimestamp:<nil> DeletionGracePeriodSeconds:<nil> Labels:map[] Annotations:map[] OwnerReferences:[] Finalizers:[] ManagedFields:[]} Spec:{InstanceID: BootID: Addresses:[] HealthAddressing:{IPv4: IPv6:} IngressAddressing:{IPV4: IPV6:} Encryption:{Key:0} ENI:{InstanceID: InstanceType: MinAllocate:0 PreAllocate:0 MaxAboveWatermark:0 FirstInterfaceIndex:<nil> SecurityGroups:[] SecurityGroupTags:map[] SubnetIDs:[] SubnetTags:map[] NodeSubnetID: VpcID: AvailabilityZone: ExcludeInterfaceTags:map[] DeleteOnTermination:<nil> UsePrimaryAddress:<nil> DisablePrefixDelegation:<nil>} Azure:{InterfaceName:} AlibabaCloud:{InstanceType: AvailabilityZone: VPCID: CIDRBlock: VSwitches:[] VSwitchTags:map[] SecurityGroups:[] SecurityGroupTags:map[]} IPAM:{Pool:map[] IPv6Pool:map[] Pools:{Requested:[] Allocated:[]} PodCIDRs:[] MinAllocate:0 MaxAllocate:0 PreAllocate:0 MaxAboveWatermark:0 StaticIPTags:map[]} NodeIdentity:0} Status:{ENI:{ENIs:map[]} Azure:{Interfaces:[]} IPAM:{Used:map[] IPv6Used:map[] PodCIDRs:map[] OperatorStatus:{Error:} ReleaseIPs:map[] ReleaseIPv6s:map[] AssignedStaticIP:} AlibabaCloud:{ENIs:map[]}}}"
    logger.go:256: time=2026-03-17T14:38:24.010Z level=DEBUG source=/app/pkg/k8s/client/testutils/object_tracker.go:406 msg=Get clientset=* gvr="cilium.io/v2, Resource=ciliumbgpnodeconfigs" k8sNamespace="" name=node0 resourceVersion=1
    logger.go:256: time=2026-03-17T14:38:24.111Z level=DEBUG source=/app/pkg/k8s/client/testutils/object_tracker.go:406 msg=Get clientset=* gvr="cilium.io/v2, Resource=ciliumbgpnodeconfigs" k8sNamespace="" name=node0 resourceVersion=1
    logger.go:256: time=2026-03-17T14:38:24.135Z level=DEBUG source=/app/pkg/k8s/client/testutils/object_tracker.go:406 msg=Get clientset=* gvr="cilium.io/v2, Resource=ciliumbgpnodeconfigs" k8sNamespace="" name=node0 resourceVersion=1
    logger.go:256: time=2026-03-17T14:38:24.135Z level=DEBUG source=/app/pkg/k8s/client/testutils/object_tracker.go:568 msg=Patch clientset=* obj="&{TypeMeta:{Kind:CiliumBGPNodeConfig APIVersion:cilium.io/v2} ObjectMeta:{Name:node0 GenerateName: Namespace: SelfLink: UID: ResourceVersion:3 Generation:0 CreationTimestamp:0001-01-01 00:00:00 +0000 UTC DeletionTimestamp:<nil> DeletionGracePeriodSeconds:<nil> Labels:map[] Annotations:map[] OwnerReferences:[] Finalizers:[] ManagedFields:[]} Spec:{BGPInstances:[]} Status:{BGPInstances:[] Conditions:[{Type:cilium.io/BGPReconcileError Status:False ObservedGeneration:0 LastTransitionTime:2026-03-17 14:38:24 +0000 UTC Reason:BGPReconcileError Message:}]}}" resourceVersion=3
    logger.go:256: time=2026-03-17T14:38:24.135Z level=DEBUG source=/app/pkg/bgp/manager/reconciler/crd_status.go:485 msg="Updated resource status" reconciler=CRD_Status bgp_node_config=node0
    logger.go:256: time=2026-03-17T14:38:24.211Z level=DEBUG source=/app/pkg/k8s/client/testutils/object_tracker.go:406 msg=Get clientset=* gvr="cilium.io/v2, Resource=ciliumbgpnodeconfigs" k8sNamespace="" name=node0 resourceVersion=3
    logger.go:256: time=2026-03-17T14:38:24.211Z level=INFO source=/app/vendor/github.com/cilium/hive/hive.go:401 msg="Stopping hive"
    logger.go:256: time=2026-03-17T14:38:24.211Z level=DEBUG source=/app/vendor/github.com/cilium/hive/cell/lifecycle.go:184 msg="Executing stop hook" function="*job.queuedJob.Stop (jobs)" detail="module-status-metrics (health.metricPublisher.func2 (.../hive/health/metrics.go:78))"
    logger.go:256: time=2026-03-17T14:38:24.211Z level=DEBUG source=/app/pkg/hive/health/provider.go:144 msg="stopping health reporter" module=health reporter-id=health.job-module-status-metrics
    logger.go:256: time=2026-03-17T14:38:24.211Z level=DEBUG source=/app/vendor/github.com/cilium/hive/cell/lifecycle.go:194 msg="Stop hook executed" function="*job.queuedJob.Stop (jobs)" detail="module-status-metrics (health.metricPublisher.func2 (.../hive/health/metrics.go:78))" duration=111.782µs
    logger.go:256: time=2026-03-17T14:38:24.211Z level=DEBUG source=/app/vendor/github.com/cilium/hive/cell/lifecycle.go:184 msg="Executing stop hook" function="*job.queuedJob.Stop (jobs)" detail="bgp-reconcile-error-statedb-tracker (reconciler.NewStatusReconciler.func3 (.../manager/reconciler/crd_status.go:165))"
    logger.go:256: time=2026-03-17T14:38:24.211Z level=DEBUG source=/app/pkg/hive/health/provider.go:144 msg="stopping health reporter" module=health reporter-id=.job-bgp-reconcile-error-statedb-tracker
    logger.go:256: time=2026-03-17T14:38:24.211Z level=DEBUG source=/app/vendor/github.com/cilium/hive/cell/lifecycle.go:194 msg="Stop hook executed" function="*job.queuedJob.Stop (jobs)" detail="bgp-reconcile-error-statedb-tracker (reconciler.NewStatusReconciler.func3 (.../manager/reconciler/crd_status.go:165))" duration=71.536µs
    logger.go:256: time=2026-03-17T14:38:24.211Z level=DEBUG source=/app/vendor/github.com/cilium/hive/cell/lifecycle.go:184 msg="Executing stop hook" function="*job.queuedJob.Stop (jobs)" detail="bgp-crd-status-update-job (reconciler.NewStatusReconciler.func2 (.../manager/reconciler/crd_status.go:132))"
    logger.go:256: time=2026-03-17T14:38:24.211Z level=DEBUG source=/app/pkg/bgp/manager/reconciler/crd_status.go:159 msg="CRD status update job stopped" reconciler=CRD_Status
    logger.go:256: time=2026-03-17T14:38:24.211Z level=DEBUG source=/app/pkg/hive/health/provider.go:144 msg="stopping health reporter" module=health reporter-id=.job-bgp-crd-status-update-job
    logger.go:256: time=2026-03-17T14:38:24.211Z level=DEBUG source=/app/vendor/github.com/cilium/hive/cell/lifecycle.go:194 msg="Stop hook executed" function="*job.queuedJob.Stop (jobs)" detail="bgp-crd-status-update-job (reconciler.NewStatusReconciler.func2 (.../manager/reconciler/crd_status.go:132))" duration=78.06µs
    logger.go:256: time=2026-03-17T14:38:24.211Z level=DEBUG source=/app/vendor/github.com/cilium/hive/cell/lifecycle.go:184 msg="Executing stop hook" function="*job.queuedJob.Stop (jobs)" detail="bgp-crd-status-initialize (reconciler.NewStatusReconciler.func1 (.../manager/reconciler/crd_status.go:117))"
    logger.go:256: time=2026-03-17T14:38:24.211Z level=DEBUG source=/app/pkg/hive/health/provider.go:144 msg="stopping health reporter" module=health reporter-id=.job-bgp-crd-status-initialize
    logger.go:256: time=2026-03-17T14:38:24.211Z level=DEBUG source=/app/vendor/github.com/cilium/hive/cell/lifecycle.go:194 msg="Stop hook executed" function="*job.queuedJob.Stop (jobs)" detail="bgp-crd-status-initialize (reconciler.NewStatusReconciler.func1 (.../manager/reconciler/crd_status.go:117))" duration=69.939µs
    logger.go:256: time=2026-03-17T14:38:24.211Z level=DEBUG source=/app/vendor/github.com/cilium/hive/cell/lifecycle.go:184 msg="Executing stop hook" function="*resource.resource[*github.com/cilium/cilium/pkg/k8s/apis/cilium.io/v2.CiliumNode].Stop (k8s-resources)"
    logger.go:256: time=2026-03-17T14:38:24.211Z level=DEBUG source=/app/vendor/github.com/cilium/hive/cell/lifecycle.go:194 msg="Stop hook executed" function="*resource.resource[*github.com/cilium/cilium/pkg/k8s/apis/cilium.io/v2.CiliumNode].Stop (k8s-resources)" duration=82.468µs
    logger.go:256: time=2026-03-17T14:38:24.211Z level=DEBUG source=/app/vendor/github.com/cilium/hive/cell/lifecycle.go:184 msg="Executing stop hook" function="*health.provider.Stop (health)"
    logger.go:256: time=2026-03-17T14:38:24.211Z level=DEBUG source=/app/vendor/github.com/cilium/hive/cell/lifecycle.go:194 msg="Stop hook executed" function="*health.provider.Stop (health)" duration=372ns
    logger.go:256: time=2026-03-17T14:38:24.212Z level=DEBUG source=/app/vendor/github.com/cilium/hive/cell/lifecycle.go:184 msg="Executing stop hook" function="*job.registry.Stop (jobs)"
    logger.go:256: time=2026-03-17T14:38:24.212Z level=DEBUG source=/app/vendor/github.com/cilium/hive/cell/lifecycle.go:194 msg="Stop hook executed" function="*job.registry.Stop (jobs)" duration=4.2µs
    logger.go:256: time=2026-03-17T14:38:24.212Z level=DEBUG source=/app/vendor/github.com/cilium/hive/cell/lifecycle.go:184 msg="Executing stop hook" function="statedb.newHiveDB.func2 (.../cilium/statedb/cell.go:37) (statedb)"
    logger.go:256: time=2026-03-17T14:38:24.212Z level=DEBUG source=/app/vendor/github.com/cilium/hive/cell/lifecycle.go:194 msg="Stop hook executed" function="statedb.newHiveDB.func2 (.../cilium/statedb/cell.go:37) (statedb)" duration=4.616µs
    logger.go:256: time=2026-03-17T14:38:24.212Z level=INFO source=/app/vendor/github.com/cilium/hive/hive.go:405 msg="Stopped hive" duration=798.804µs
--- PASS: TestCRDConditions (1.33s)
    --- PASS: TestCRDConditions/new_error_conditions (0.71s)
    --- PASS: TestCRDConditions/modify_previous_error_conditions (0.31s)
    --- PASS: TestCRDConditions/delete_previous_error_conditions (0.31s)
=== RUN   TestDisableStatusReport
    logger.go:256: time=2026-03-17T14:38:24.218Z level=INFO source=/app/vendor/github.com/cilium/hive/hive.go:385 msg="Starting hive"
    logger.go:256: time=2026-03-17T14:38:24.218Z level=INFO source=/app/vendor/github.com/cilium/hive/hive.go:389 msg="Started hive" duration=36.649µs
    logger.go:256: time=2026-03-17T14:38:24.319Z level=INFO source=/app/vendor/github.com/cilium/hive/hive.go:401 msg="Stopping hive"
    logger.go:256: time=2026-03-17T14:38:24.319Z level=INFO source=/app/vendor/github.com/cilium/hive/hive.go:405 msg="Stopped hive" duration=201.129µs
--- PASS: TestDisableStatusReport (0.11s)
=== RUN   TestDefaultGatewayReconciler_Basic
--- PASS: TestDefaultGatewayReconciler_Basic (0.00s)
=== RUN   TestDefaultGatewayReconciler_Reconcile
=== RUN   TestDefaultGatewayReconciler_Reconcile/default_gateway_no_change
=== RUN   TestDefaultGatewayReconciler_Reconcile/add_ipv4_default_gateway_peer
=== RUN   TestDefaultGatewayReconciler_Reconcile/add_ipv6_default_gateway_peer
=== RUN   TestDefaultGatewayReconciler_Reconcile/update_priority_of_default_route
--- PASS: TestDefaultGatewayReconciler_Reconcile (0.01s)
    --- PASS: TestDefaultGatewayReconciler_Reconcile/default_gateway_no_change (0.00s)
    --- PASS: TestDefaultGatewayReconciler_Reconcile/add_ipv4_default_gateway_peer (0.01s)
    --- PASS: TestDefaultGatewayReconciler_Reconcile/add_ipv6_default_gateway_peer (0.00s)
    --- PASS: TestDefaultGatewayReconciler_Reconcile/update_priority_of_default_route (0.00s)
=== RUN   TestDefaultGatewayTrackerObserver
=== RUN   TestDefaultGatewayTrackerObserver/IPv4_default_route
=== RUN   TestDefaultGatewayTrackerObserver/IPv6_default_route
=== RUN   TestDefaultGatewayTrackerObserver/Non-default_IPv4_route
=== RUN   TestDefaultGatewayTrackerObserver/Non-default_IPv6_route
--- PASS: TestDefaultGatewayTrackerObserver (0.00s)
    --- PASS: TestDefaultGatewayTrackerObserver/IPv4_default_route (0.00s)
    --- PASS: TestDefaultGatewayTrackerObserver/IPv6_default_route (0.00s)
    --- PASS: TestDefaultGatewayTrackerObserver/Non-default_IPv4_route (0.00s)
    --- PASS: TestDefaultGatewayTrackerObserver/Non-default_IPv6_route (0.00s)
=== RUN   TestDeviceChangeTrackerObserver
=== RUN   TestDeviceChangeTrackerObserver/Device_change
--- PASS: TestDeviceChangeTrackerObserver (0.00s)
    --- PASS: TestDeviceChangeTrackerObserver/Device_change (0.00s)
=== RUN   Test_InterfaceAdvertisement
=== RUN   Test_InterfaceAdvertisement/add_red_peer_-_no_advertisement
=== RUN   Test_InterfaceAdvertisement/add_red_device_with_IPv4_addr_-_advertise_IPv4
=== RUN   Test_InterfaceAdvertisement/add_IPv6_address_to_red_device_-_advertise_IPv4_+_IPv6
=== RUN   Test_InterfaceAdvertisement/add_blue_interface_-_no_change_in_advertisements
=== RUN   Test_InterfaceAdvertisement/add_blue_peer_-_advertise_red_+_blue_interface_addresses
=== RUN   Test_InterfaceAdvertisement/remove_red_peer_-_advertise_only_blue_interface_addresses
=== RUN   Test_InterfaceAdvertisement/set_blue_interface_to_down_-_no_advertisements
=== RUN   Test_InterfaceAdvertisement/set_blue_interface_to_admin_down_-_no_advertisements
--- PASS: Test_InterfaceAdvertisement (0.00s)
    --- PASS: Test_InterfaceAdvertisement/add_red_peer_-_no_advertisement (0.00s)
    --- PASS: Test_InterfaceAdvertisement/add_red_device_with_IPv4_addr_-_advertise_IPv4 (0.00s)
    --- PASS: Test_InterfaceAdvertisement/add_IPv6_address_to_red_device_-_advertise_IPv4_+_IPv6 (0.00s)
    --- PASS: Test_InterfaceAdvertisement/add_blue_interface_-_no_change_in_advertisements (0.00s)
    --- PASS: Test_InterfaceAdvertisement/add_blue_peer_-_advertise_red_+_blue_interface_addresses (0.00s)
    --- PASS: Test_InterfaceAdvertisement/remove_red_peer_-_advertise_only_blue_interface_addresses (0.00s)
    --- PASS: Test_InterfaceAdvertisement/set_blue_interface_to_down_-_no_advertisements (0.00s)
    --- PASS: Test_InterfaceAdvertisement/set_blue_interface_to_admin_down_-_no_advertisements (0.00s)
=== RUN   TestNeighborReconciler_StaticPeer
=== RUN   TestNeighborReconciler_StaticPeer/no_change
    logger.go:256: time=2026-03-17T14:38:24.336Z level=INFO source=/app/pkg/bgp/manager/reconciler/neighbor.go:256 msg="Reconciling peers for instance" instance=bgp-node
    logger.go:256: time=2026-03-17T14:38:24.336Z level=INFO source=/app/pkg/bgp/manager/reconciler/neighbor.go:285 msg="Adding peer" instance=bgp-node peer=peer-1
    logger.go:256: time=2026-03-17T14:38:24.336Z level=INFO source=/app/pkg/bgp/gobgp/logger.go:120 msg="Add a peer configuration" Topic=Peer Key=192.168.0.1 asn=64125 component=gobgp.BgpServerInstance subsys=bgp-control-plane
    logger.go:256: time=2026-03-17T14:38:24.336Z level=INFO source=/app/pkg/bgp/manager/reconciler/neighbor.go:285 msg="Adding peer" instance=bgp-node peer=peer-2
    logger.go:256: time=2026-03-17T14:38:24.336Z level=INFO source=/app/pkg/bgp/gobgp/logger.go:120 msg="Add a peer configuration" Topic=Peer Key=192.168.0.2 asn=64125 component=gobgp.BgpServerInstance subsys=bgp-control-plane
    logger.go:256: time=2026-03-17T14:38:24.339Z level=INFO source=/app/pkg/bgp/gobgp/logger.go:120 msg="Delete a peer configuration" Topic=Peer Key=192.168.0.1 asn=64125 component=gobgp.BgpServerInstance subsys=bgp-control-plane
    logger.go:256: time=2026-03-17T14:38:24.339Z level=INFO source=/app/pkg/bgp/gobgp/logger.go:120 msg="Delete a peer configuration" Topic=Peer Key=192.168.0.2 asn=64125 component=gobgp.BgpServerInstance subsys=bgp-control-plane
=== RUN   TestNeighborReconciler_StaticPeer/add_peers
    logger.go:256: time=2026-03-17T14:38:24.340Z level=INFO source=/app/pkg/bgp/manager/reconciler/neighbor.go:256 msg="Reconciling peers for instance" instance=bgp-node
    logger.go:256: time=2026-03-17T14:38:24.340Z level=INFO source=/app/pkg/bgp/manager/reconciler/neighbor.go:285 msg="Adding peer" instance=bgp-node peer=peer-1
    logger.go:256: time=2026-03-17T14:38:24.340Z level=INFO source=/app/pkg/bgp/gobgp/logger.go:120 msg="Add a peer configuration" Topic=Peer Key=192.168.0.1 asn=64125 component=gobgp.BgpServerInstance subsys=bgp-control-plane
    logger.go:256: time=2026-03-17T14:38:24.340Z level=INFO source=/app/pkg/bgp/manager/reconciler/neighbor.go:256 msg="Reconciling peers for instance" instance=bgp-node
    logger.go:256: time=2026-03-17T14:38:24.340Z level=INFO source=/app/pkg/bgp/manager/reconciler/neighbor.go:285 msg="Adding peer" instance=bgp-node peer=peer-2
    logger.go:256: time=2026-03-17T14:38:24.340Z level=INFO source=/app/pkg/bgp/gobgp/logger.go:120 msg="Add a peer configuration" Topic=Peer Key=192.168.0.2 asn=64125 component=gobgp.BgpServerInstance subsys=bgp-control-plane
    logger.go:256: time=2026-03-17T14:38:24.340Z level=INFO source=/app/pkg/bgp/gobgp/logger.go:120 msg="Delete a peer configuration" Topic=Peer Key=192.168.0.1 asn=64125 component=gobgp.BgpServerInstance subsys=bgp-control-plane
    logger.go:256: time=2026-03-17T14:38:24.340Z level=INFO source=/app/pkg/bgp/gobgp/logger.go:120 msg="Delete a peer configuration" Topic=Peer Key=192.168.0.2 asn=64125 component=gobgp.BgpServerInstance subsys=bgp-control-plane
=== RUN   TestNeighborReconciler_StaticPeer/remove_peers
    logger.go:256: time=2026-03-17T14:38:24.341Z level=INFO source=/app/pkg/bgp/manager/reconciler/neighbor.go:256 msg="Reconciling peers for instance" instance=bgp-node
    logger.go:256: time=2026-03-17T14:38:24.341Z level=INFO source=/app/pkg/bgp/manager/reconciler/neighbor.go:285 msg="Adding peer" instance=bgp-node peer=peer-1
    logger.go:256: time=2026-03-17T14:38:24.341Z level=INFO source=/app/pkg/bgp/gobgp/logger.go:120 msg="Add a peer configuration" Topic=Peer Key=192.168.0.1 asn=64125 component=gobgp.BgpServerInstance subsys=bgp-control-plane
    logger.go:256: time=2026-03-17T14:38:24.341Z level=INFO source=/app/pkg/bgp/manager/reconciler/neighbor.go:285 msg="Adding peer" instance=bgp-node peer=peer-2
    logger.go:256: time=2026-03-17T14:38:24.341Z level=INFO source=/app/pkg/bgp/gobgp/logger.go:120 msg="Add a peer configuration" Topic=Peer Key=192.168.0.2 asn=64125 component=gobgp.BgpServerInstance subsys=bgp-control-plane
    logger.go:256: time=2026-03-17T14:38:24.341Z level=INFO source=/app/pkg/bgp/manager/reconciler/neighbor.go:256 msg="Reconciling peers for instance" instance=bgp-node
    logger.go:256: time=2026-03-17T14:38:24.341Z level=INFO source=/app/pkg/bgp/manager/reconciler/neighbor.go:263 msg="Removing peer" instance=bgp-node peer=peer-2
    logger.go:256: time=2026-03-17T14:38:24.341Z level=INFO source=/app/pkg/bgp/gobgp/logger.go:120 msg="Delete a peer configuration" Topic=Peer Key=192.168.0.2 asn=64125 component=gobgp.BgpServerInstance subsys=bgp-control-plane
    logger.go:256: time=2026-03-17T14:38:24.341Z level=INFO source=/app/pkg/bgp/gobgp/logger.go:120 msg="Delete a peer configuration" Topic=Peer Key=192.168.0.1 asn=64125 component=gobgp.BgpServerInstance subsys=bgp-control-plane
=== RUN   TestNeighborReconciler_StaticPeer/update_config_:_ASN
    logger.go:256: time=2026-03-17T14:38:24.341Z level=INFO source=/app/pkg/bgp/manager/reconciler/neighbor.go:256 msg="Reconciling peers for instance" instance=bgp-node
    logger.go:256: time=2026-03-17T14:38:24.341Z level=INFO source=/app/pkg/bgp/manager/reconciler/neighbor.go:285 msg="Adding peer" instance=bgp-node peer=peer-2
    logger.go:256: time=2026-03-17T14:38:24.341Z level=INFO source=/app/pkg/bgp/gobgp/logger.go:120 msg="Add a peer configuration" Topic=Peer Key=192.168.0.2 asn=64125 component=gobgp.BgpServerInstance subsys=bgp-control-plane
    logger.go:256: time=2026-03-17T14:38:24.342Z level=INFO source=/app/pkg/bgp/manager/reconciler/neighbor.go:285 msg="Adding peer" instance=bgp-node peer=peer-1
    logger.go:256: time=2026-03-17T14:38:24.342Z level=INFO source=/app/pkg/bgp/gobgp/logger.go:120 msg="Add a peer configuration" Topic=Peer Key=192.168.0.1 asn=64125 component=gobgp.BgpServerInstance subsys=bgp-control-plane
    logger.go:256: time=2026-03-17T14:38:24.342Z level=INFO source=/app/pkg/bgp/manager/reconciler/neighbor.go:256 msg="Reconciling peers for instance" instance=bgp-node
    logger.go:256: time=2026-03-17T14:38:24.342Z level=INFO source=/app/pkg/bgp/manager/reconciler/neighbor.go:263 msg="Removing peer" instance=bgp-node peer=peer-2
    logger.go:256: time=2026-03-17T14:38:24.342Z level=INFO source=/app/pkg/bgp/gobgp/logger.go:120 msg="Delete a peer configuration" Topic=Peer Key=192.168.0.2 asn=64125 component=gobgp.BgpServerInstance subsys=bgp-control-plane
    logger.go:256: time=2026-03-17T14:38:24.342Z level=INFO source=/app/pkg/bgp/manager/reconciler/neighbor.go:285 msg="Adding peer" instance=bgp-node peer=peer-2
    logger.go:256: time=2026-03-17T14:38:24.342Z level=INFO source=/app/pkg/bgp/gobgp/logger.go:120 msg="Add a peer configuration" Key=192.168.0.2 Topic=Peer asn=64125 component=gobgp.BgpServerInstance subsys=bgp-control-plane
    logger.go:256: time=2026-03-17T14:38:24.342Z level=INFO source=/app/pkg/bgp/gobgp/logger.go:120 msg="Delete a peer configuration" Key=192.168.0.2 Topic=Peer asn=64125 component=gobgp.BgpServerInstance subsys=bgp-control-plane
    logger.go:256: time=2026-03-17T14:38:24.342Z level=INFO source=/app/pkg/bgp/gobgp/logger.go:120 msg="Delete a peer configuration" Topic=Peer Key=192.168.0.1 asn=64125 component=gobgp.BgpServerInstance subsys=bgp-control-plane
=== RUN   TestNeighborReconciler_StaticPeer/update_config_:_timers
    logger.go:256: time=2026-03-17T14:38:24.342Z level=INFO source=/app/pkg/bgp/manager/reconciler/neighbor.go:256 msg="Reconciling peers for instance" instance=bgp-node
    logger.go:256: time=2026-03-17T14:38:24.342Z level=INFO source=/app/pkg/bgp/manager/reconciler/neighbor.go:285 msg="Adding peer" instance=bgp-node peer=peer-1
    logger.go:256: time=2026-03-17T14:38:24.342Z level=INFO source=/app/pkg/bgp/gobgp/logger.go:120 msg="Add a peer configuration" Topic=Peer Key=192.168.0.1 asn=64125 component=gobgp.BgpServerInstance subsys=bgp-control-plane
    logger.go:256: time=2026-03-17T14:38:24.342Z level=INFO source=/app/pkg/bgp/manager/reconciler/neighbor.go:285 msg="Adding peer" instance=bgp-node peer=peer-2
    logger.go:256: time=2026-03-17T14:38:24.343Z level=INFO source=/app/pkg/bgp/gobgp/logger.go:120 msg="Add a peer configuration" Topic=Peer Key=192.168.0.2 asn=64125 component=gobgp.BgpServerInstance subsys=bgp-control-plane
    logger.go:256: time=2026-03-17T14:38:24.343Z level=INFO source=/app/pkg/bgp/manager/reconciler/neighbor.go:256 msg="Reconciling peers for instance" instance=bgp-node
    logger.go:256: time=2026-03-17T14:38:24.343Z level=INFO source=/app/pkg/bgp/manager/reconciler/neighbor.go:274 msg="Updating peer" instance=bgp-node peer=peer-1
    logger.go:256: time=2026-03-17T14:38:24.343Z level=INFO source=/app/pkg/bgp/gobgp/logger.go:120 msg="Update timer configuration" Topic=Peer Key=192.168.0.1 Err=<nil> asn=64125 component=gobgp.BgpServerInstance subsys=bgp-control-plane
    logger.go:256: time=2026-03-17T14:38:24.343Z level=INFO source=/app/pkg/bgp/gobgp/logger.go:120 msg="Send operation notification" Op="Neighbor reset" Topic=Operation Key=192.168.0.1 asn=64125 component=gobgp.BgpServerInstance subsys=bgp-control-plane
    logger.go:256: time=2026-03-17T14:38:24.343Z level=INFO source=/app/pkg/bgp/manager/reconciler/neighbor.go:274 msg="Updating peer" instance=bgp-node peer=peer-2
    logger.go:256: time=2026-03-17T14:38:24.343Z level=INFO source=/app/pkg/bgp/gobgp/logger.go:120 msg="Update timer configuration" Topic=Peer Key=192.168.0.2 Err=<nil> asn=64125 component=gobgp.BgpServerInstance subsys=bgp-control-plane
    logger.go:256: time=2026-03-17T14:38:24.343Z level=INFO source=/app/pkg/bgp/gobgp/logger.go:120 msg="Send operation notification" Topic=Operation Key=192.168.0.2 Op="Neighbor reset" asn=64125 component=gobgp.BgpServerInstance subsys=bgp-control-plane
    logger.go:256: time=2026-03-17T14:38:24.343Z level=INFO source=/app/pkg/bgp/gobgp/logger.go:120 msg="Delete a peer configuration" Topic=Peer Key=192.168.0.1 asn=64125 component=gobgp.BgpServerInstance subsys=bgp-control-plane
    logger.go:256: time=2026-03-17T14:38:24.343Z level=INFO source=/app/pkg/bgp/gobgp/logger.go:120 msg="Delete a peer configuration" Topic=Peer Key=192.168.0.2 asn=64125 component=gobgp.BgpServerInstance subsys=bgp-control-plane
=== RUN   TestNeighborReconciler_StaticPeer/update_config_:_ports
    logger.go:256: time=2026-03-17T14:38:24.343Z level=INFO source=/app/pkg/bgp/manager/reconciler/neighbor.go:256 msg="Reconciling peers for instance" instance=bgp-node
    logger.go:256: time=2026-03-17T14:38:24.343Z level=INFO source=/app/pkg/bgp/manager/reconciler/neighbor.go:285 msg="Adding peer" instance=bgp-node peer=peer-1
    logger.go:256: time=2026-03-17T14:38:24.343Z level=INFO source=/app/pkg/bgp/gobgp/logger.go:120 msg="Add a peer configuration" Topic=Peer Key=192.168.0.1 asn=64125 component=gobgp.BgpServerInstance subsys=bgp-control-plane
    logger.go:256: time=2026-03-17T14:38:24.344Z level=INFO source=/app/pkg/bgp/manager/reconciler/neighbor.go:285 msg="Adding peer" instance=bgp-node peer=peer-2
    logger.go:256: time=2026-03-17T14:38:24.344Z level=INFO source=/app/pkg/bgp/gobgp/logger.go:120 msg="Add a peer configuration" Topic=Peer Key=192.168.0.2 asn=64125 component=gobgp.BgpServerInstance subsys=bgp-control-plane
    logger.go:256: time=2026-03-17T14:38:24.344Z level=INFO source=/app/pkg/bgp/manager/reconciler/neighbor.go:256 msg="Reconciling peers for instance" instance=bgp-node
    logger.go:256: time=2026-03-17T14:38:24.344Z level=INFO source=/app/pkg/bgp/manager/reconciler/neighbor.go:274 msg="Updating peer" instance=bgp-node peer=peer-1
    logger.go:256: time=2026-03-17T14:38:24.344Z level=INFO source=/app/pkg/bgp/gobgp/logger.go:120 msg="Delete a peer configuration" Key=192.168.0.1 Topic=Peer asn=64125 component=gobgp.BgpServerInstance subsys=bgp-control-plane
    logger.go:256: time=2026-03-17T14:38:24.344Z level=INFO source=/app/pkg/bgp/gobgp/logger.go:120 msg="Add a peer configuration" Topic=Peer Key=192.168.0.1 asn=64125 component=gobgp.BgpServerInstance subsys=bgp-control-plane
    logger.go:256: time=2026-03-17T14:38:24.344Z level=INFO source=/app/pkg/bgp/manager/reconciler/neighbor.go:274 msg="Updating peer" instance=bgp-node peer=peer-2
    logger.go:256: time=2026-03-17T14:38:24.344Z level=INFO source=/app/pkg/bgp/gobgp/logger.go:120 msg="Delete a peer configuration" Key=192.168.0.2 Topic=Peer asn=64125 component=gobgp.BgpServerInstance subsys=bgp-control-plane
    logger.go:256: time=2026-03-17T14:38:24.344Z level=INFO source=/app/pkg/bgp/gobgp/logger.go:120 msg="Add a peer configuration" Topic=Peer Key=192.168.0.2 asn=64125 component=gobgp.BgpServerInstance subsys=bgp-control-plane
    logger.go:256: time=2026-03-17T14:38:24.344Z level=INFO source=/app/pkg/bgp/gobgp/logger.go:120 msg="Delete a peer configuration" Key=192.168.0.1 Topic=Peer asn=64125 component=gobgp.BgpServerInstance subsys=bgp-control-plane
    logger.go:256: time=2026-03-17T14:38:24.344Z level=INFO source=/app/pkg/bgp/gobgp/logger.go:120 msg="Delete a peer configuration" Topic=Peer Key=192.168.0.2 asn=64125 component=gobgp.BgpServerInstance subsys=bgp-control-plane
=== RUN   TestNeighborReconciler_StaticPeer/update_config_:_graceful_restart
    logger.go:256: time=2026-03-17T14:38:24.345Z level=INFO source=/app/pkg/bgp/manager/reconciler/neighbor.go:256 msg="Reconciling peers for instance" instance=bgp-node
    logger.go:256: time=2026-03-17T14:38:24.345Z level=INFO source=/app/pkg/bgp/manager/reconciler/neighbor.go:285 msg="Adding peer" instance=bgp-node peer=peer-1
    logger.go:256: time=2026-03-17T14:38:24.345Z level=INFO source=/app/pkg/bgp/gobgp/logger.go:120 msg="Add a peer configuration" Topic=Peer Key=192.168.0.1 asn=64125 component=gobgp.BgpServerInstance subsys=bgp-control-plane
    logger.go:256: time=2026-03-17T14:38:24.345Z level=INFO source=/app/pkg/bgp/manager/reconciler/neighbor.go:285 msg="Adding peer" instance=bgp-node peer=peer-2
    logger.go:256: time=2026-03-17T14:38:24.345Z level=INFO source=/app/pkg/bgp/gobgp/logger.go:120 msg="Add a peer configuration" Key=192.168.0.2 Topic=Peer asn=64125 component=gobgp.BgpServerInstance subsys=bgp-control-plane
    logger.go:256: time=2026-03-17T14:38:24.349Z level=INFO source=/app/pkg/bgp/manager/reconciler/neighbor.go:256 msg="Reconciling peers for instance" instance=bgp-node
    logger.go:256: time=2026-03-17T14:38:24.349Z level=INFO source=/app/pkg/bgp/manager/reconciler/neighbor.go:274 msg="Updating peer" instance=bgp-node peer=peer-1
    logger.go:256: time=2026-03-17T14:38:24.349Z level=INFO source=/app/pkg/bgp/gobgp/logger.go:120 msg="Delete a peer configuration" Topic=Peer Key=192.168.0.1 asn=64125 component=gobgp.BgpServerInstance subsys=bgp-control-plane
    logger.go:256: time=2026-03-17T14:38:24.349Z level=INFO source=/app/pkg/bgp/gobgp/logger.go:120 msg="Add a peer configuration" Topic=Peer Key=192.168.0.1 asn=64125 component=gobgp.BgpServerInstance subsys=bgp-control-plane
    logger.go:256: time=2026-03-17T14:38:24.350Z level=INFO source=/app/pkg/bgp/manager/reconciler/neighbor.go:274 msg="Updating peer" instance=bgp-node peer=peer-2
    logger.go:256: time=2026-03-17T14:38:24.350Z level=INFO source=/app/pkg/bgp/gobgp/logger.go:120 msg="Delete a peer configuration" Topic=Peer Key=192.168.0.2 asn=64125 component=gobgp.BgpServerInstance subsys=bgp-control-plane
    logger.go:256: time=2026-03-17T14:38:24.350Z level=INFO source=/app/pkg/bgp/gobgp/logger.go:120 msg="Add a peer configuration" Topic=Peer Key=192.168.0.2 asn=64125 component=gobgp.BgpServerInstance subsys=bgp-control-plane
    logger.go:256: time=2026-03-17T14:38:24.350Z level=INFO source=/app/pkg/bgp/gobgp/logger.go:120 msg="Delete a peer configuration" Topic=Peer Key=192.168.0.1 asn=64125 component=gobgp.BgpServerInstance subsys=bgp-control-plane
    logger.go:256: time=2026-03-17T14:38:24.350Z level=INFO source=/app/pkg/bgp/gobgp/logger.go:120 msg="Delete a peer configuration" Topic=Peer Key=192.168.0.2 asn=64125 component=gobgp.BgpServerInstance subsys=bgp-control-plane
=== RUN   TestNeighborReconciler_StaticPeer/update_config_:_password
    logger.go:256: time=2026-03-17T14:38:24.350Z level=INFO source=/app/pkg/bgp/manager/reconciler/neighbor.go:256 msg="Reconciling peers for instance" instance=bgp-node
    logger.go:256: time=2026-03-17T14:38:24.350Z level=INFO source=/app/pkg/bgp/manager/reconciler/neighbor.go:285 msg="Adding peer" instance=bgp-node peer=peer-2
    logger.go:256: time=2026-03-17T14:38:24.350Z level=INFO source=/app/pkg/bgp/gobgp/logger.go:120 msg="Add a peer configuration" Topic=Peer Key=192.168.0.2 asn=64125 component=gobgp.BgpServerInstance subsys=bgp-control-plane
    logger.go:256: time=2026-03-17T14:38:24.350Z level=INFO source=/app/pkg/bgp/manager/reconciler/neighbor.go:256 msg="Reconciling peers for instance" instance=bgp-node
    logger.go:256: time=2026-03-17T14:38:24.350Z level=INFO source=/app/pkg/bgp/manager/reconciler/neighbor.go:274 msg="Updating peer" instance=bgp-node peer=peer-2
    logger.go:256: time=2026-03-17T14:38:24.351Z level=INFO source=/app/pkg/bgp/gobgp/logger.go:120 msg="Delete a peer configuration" Topic=Peer Key=192.168.0.2 asn=64125 component=gobgp.BgpServerInstance subsys=bgp-control-plane
    logger.go:256: time=2026-03-17T14:38:24.351Z level=INFO source=/app/pkg/bgp/gobgp/logger.go:120 msg="Add a peer configuration" Topic=Peer Key=192.168.0.2 asn=64125 component=gobgp.BgpServerInstance subsys=bgp-control-plane
    logger.go:256: time=2026-03-17T14:38:24.351Z level=INFO source=/app/pkg/bgp/gobgp/logger.go:120 msg="Delete a peer configuration" Topic=Peer Key=192.168.0.2 asn=64125 component=gobgp.BgpServerInstance subsys=bgp-control-plane
=== RUN   TestNeighborReconciler_StaticPeer/update_config_:_password_updated
    logger.go:256: time=2026-03-17T14:38:24.351Z level=INFO source=/app/pkg/bgp/manager/reconciler/neighbor.go:256 msg="Reconciling peers for instance" instance=bgp-node
    logger.go:256: time=2026-03-17T14:38:24.351Z level=INFO source=/app/pkg/bgp/manager/reconciler/neighbor.go:285 msg="Adding peer" instance=bgp-node peer=peer-2
    logger.go:256: time=2026-03-17T14:38:24.351Z level=INFO source=/app/pkg/bgp/gobgp/logger.go:120 msg="Add a peer configuration" Topic=Peer Key=192.168.0.2 asn=64125 component=gobgp.BgpServerInstance subsys=bgp-control-plane
    logger.go:256: time=2026-03-17T14:38:24.351Z level=INFO source=/app/pkg/bgp/manager/reconciler/neighbor.go:256 msg="Reconciling peers for instance" instance=bgp-node
    logger.go:256: time=2026-03-17T14:38:24.351Z level=INFO source=/app/pkg/bgp/manager/reconciler/neighbor.go:274 msg="Updating peer" instance=bgp-node peer=peer-2
    logger.go:256: time=2026-03-17T14:38:24.351Z level=INFO source=/app/pkg/bgp/gobgp/logger.go:120 msg="Delete a peer configuration" Topic=Peer Key=192.168.0.2 asn=64125 component=gobgp.BgpServerInstance subsys=bgp-control-plane
    logger.go:256: time=2026-03-17T14:38:24.351Z level=INFO source=/app/pkg/bgp/gobgp/logger.go:120 msg="Add a peer configuration" Topic=Peer Key=192.168.0.2 asn=64125 component=gobgp.BgpServerInstance subsys=bgp-control-plane
    logger.go:256: time=2026-03-17T14:38:24.352Z level=INFO source=/app/pkg/bgp/gobgp/logger.go:120 msg="Delete a peer configuration" Topic=Peer Key=192.168.0.2 asn=64125 component=gobgp.BgpServerInstance subsys=bgp-control-plane
=== RUN   TestNeighborReconciler_StaticPeer/update_config_:_password_removed
    logger.go:256: time=2026-03-17T14:38:24.352Z level=INFO source=/app/pkg/bgp/manager/reconciler/neighbor.go:256 msg="Reconciling peers for instance" instance=bgp-node
    logger.go:256: time=2026-03-17T14:38:24.352Z level=INFO source=/app/pkg/bgp/manager/reconciler/neighbor.go:285 msg="Adding peer" instance=bgp-node peer=peer-2
    logger.go:256: time=2026-03-17T14:38:24.352Z level=INFO source=/app/pkg/bgp/gobgp/logger.go:120 msg="Add a peer configuration" Topic=Peer Key=192.168.0.2 asn=64125 component=gobgp.BgpServerInstance subsys=bgp-control-plane
    logger.go:256: time=2026-03-17T14:38:24.352Z level=INFO source=/app/pkg/bgp/manager/reconciler/neighbor.go:256 msg="Reconciling peers for instance" instance=bgp-node
    logger.go:256: time=2026-03-17T14:38:24.352Z level=INFO source=/app/pkg/bgp/manager/reconciler/neighbor.go:274 msg="Updating peer" instance=bgp-node peer=peer-2
    logger.go:256: time=2026-03-17T14:38:24.352Z level=INFO source=/app/pkg/bgp/gobgp/logger.go:120 msg="Delete a peer configuration" Topic=Peer Key=192.168.0.2 asn=64125 component=gobgp.BgpServerInstance subsys=bgp-control-plane
    logger.go:256: time=2026-03-17T14:38:24.352Z level=INFO source=/app/pkg/bgp/gobgp/logger.go:120 msg="Add a peer configuration" Topic=Peer Key=192.168.0.2 asn=64125 component=gobgp.BgpServerInstance subsys=bgp-control-plane
    logger.go:256: time=2026-03-17T14:38:24.352Z level=INFO source=/app/pkg/bgp/gobgp/logger.go:120 msg="Delete a peer configuration" Topic=Peer Key=192.168.0.2 asn=64125 component=gobgp.BgpServerInstance subsys=bgp-control-plane
--- PASS: TestNeighborReconciler_StaticPeer (0.02s)
    --- PASS: TestNeighborReconciler_StaticPeer/no_change (0.00s)
    --- PASS: TestNeighborReconciler_StaticPeer/add_peers (0.00s)
    --- PASS: TestNeighborReconciler_StaticPeer/remove_peers (0.00s)
    --- PASS: TestNeighborReconciler_StaticPeer/update_config_:_ASN (0.00s)
    --- PASS: TestNeighborReconciler_StaticPeer/update_config_:_timers (0.00s)
    --- PASS: TestNeighborReconciler_StaticPeer/update_config_:_ports (0.00s)
    --- PASS: TestNeighborReconciler_StaticPeer/update_config_:_graceful_restart (0.01s)
    --- PASS: TestNeighborReconciler_StaticPeer/update_config_:_password (0.00s)
    --- PASS: TestNeighborReconciler_StaticPeer/update_config_:_password_updated (0.00s)
    --- PASS: TestNeighborReconciler_StaticPeer/update_config_:_password_removed (0.00s)
=== RUN   TestNeighborReconciler_SourceInterfaceAddress
=== RUN   TestNeighborReconciler_SourceInterfaceAddress/no_device,_no_local_address
=== NAME  TestNeighborReconciler_SourceInterfaceAddress
    logger.go:256: time=2026-03-17T14:38:24.353Z level=WARN source=/app/pkg/bgp/manager/reconciler/neighbor.go:385 msg="Interface not found, can not use it as the source interface for the peer." reconciler=Neighbor interface=lo peer=192.168.0.1
    logger.go:256: time=2026-03-17T14:38:24.353Z level=WARN source=/app/pkg/bgp/manager/reconciler/neighbor.go:198 msg="Peer does not have a valid IP address on the configured source interface, skipping" reconciler=Neighbor instance=bgp-node peer=peer-v4
    logger.go:256: time=2026-03-17T14:38:24.353Z level=WARN source=/app/pkg/bgp/manager/reconciler/neighbor.go:385 msg="Interface not found, can not use it as the source interface for the peer." reconciler=Neighbor interface=lo peer=fc00::100:1
    logger.go:256: time=2026-03-17T14:38:24.353Z level=WARN source=/app/pkg/bgp/manager/reconciler/neighbor.go:198 msg="Peer does not have a valid IP address on the configured source interface, skipping" reconciler=Neighbor instance=bgp-node peer=peer-v6
=== RUN   TestNeighborReconciler_SourceInterfaceAddress/add_unrelated_device,_no_local_address
=== NAME  TestNeighborReconciler_SourceInterfaceAddress
    logger.go:256: time=2026-03-17T14:38:24.353Z level=WARN source=/app/pkg/bgp/manager/reconciler/neighbor.go:385 msg="Interface not found, can not use it as the source interface for the peer." reconciler=Neighbor interface=lo peer=192.168.0.1
    logger.go:256: time=2026-03-17T14:38:24.353Z level=WARN source=/app/pkg/bgp/manager/reconciler/neighbor.go:198 msg="Peer does not have a valid IP address on the configured source interface, skipping" reconciler=Neighbor instance=bgp-node peer=peer-v4
    logger.go:256: time=2026-03-17T14:38:24.353Z level=WARN source=/app/pkg/bgp/manager/reconciler/neighbor.go:385 msg="Interface not found, can not use it as the source interface for the peer." reconciler=Neighbor interface=lo peer=fc00::100:1
    logger.go:256: time=2026-03-17T14:38:24.353Z level=WARN source=/app/pkg/bgp/manager/reconciler/neighbor.go:198 msg="Peer does not have a valid IP address on the configured source interface, skipping" reconciler=Neighbor instance=bgp-node peer=peer-v6
=== RUN   TestNeighborReconciler_SourceInterfaceAddress/add_device_with_IPv4_address_only,_IPv4_local_address
=== NAME  TestNeighborReconciler_SourceInterfaceAddress
    logger.go:256: time=2026-03-17T14:38:24.353Z level=WARN source=/app/pkg/bgp/manager/reconciler/neighbor.go:410 msg="No usable IP addresses found on the interface, can not use it as the source interface for the peer." reconciler=Neighbor interface=lo peer=fc00::100:1
    logger.go:256: time=2026-03-17T14:38:24.353Z level=WARN source=/app/pkg/bgp/manager/reconciler/neighbor.go:198 msg="Peer does not have a valid IP address on the configured source interface, skipping" reconciler=Neighbor instance=bgp-node peer=peer-v6
    logger.go:256: time=2026-03-17T14:38:24.353Z level=INFO source=/app/pkg/bgp/manager/reconciler/neighbor.go:256 msg="Reconciling peers for instance" reconciler=Neighbor instance=bgp-node
    logger.go:256: time=2026-03-17T14:38:24.353Z level=INFO source=/app/pkg/bgp/manager/reconciler/neighbor.go:285 msg="Adding peer" reconciler=Neighbor instance=bgp-node peer=peer-v4
    logger.go:256: time=2026-03-17T14:38:24.353Z level=INFO source=/app/pkg/bgp/gobgp/logger.go:120 msg="Add a peer configuration" Key=192.168.0.1 Topic=Peer asn=64125 component=gobgp.BgpServerInstance subsys=bgp-control-plane
=== RUN   TestNeighborReconciler_SourceInterfaceAddress/add_IPv6_device_address,_IPv4_+_IPv6_local_address
=== NAME  TestNeighborReconciler_SourceInterfaceAddress
    logger.go:256: time=2026-03-17T14:38:24.354Z level=INFO source=/app/pkg/bgp/manager/reconciler/neighbor.go:256 msg="Reconciling peers for instance" reconciler=Neighbor instance=bgp-node
    logger.go:256: time=2026-03-17T14:38:24.354Z level=INFO source=/app/pkg/bgp/manager/reconciler/neighbor.go:285 msg="Adding peer" reconciler=Neighbor instance=bgp-node peer=peer-v6
    logger.go:256: time=2026-03-17T14:38:24.354Z level=INFO source=/app/pkg/bgp/gobgp/logger.go:120 msg="Add a peer configuration" Topic=Peer Key=fc00::100:1 asn=64125 component=gobgp.BgpServerInstance subsys=bgp-control-plane
=== RUN   TestNeighborReconciler_SourceInterfaceAddress/Remove_usable_device_addresses,_no_local_address
=== NAME  TestNeighborReconciler_SourceInterfaceAddress
    logger.go:256: time=2026-03-17T14:38:24.354Z level=WARN source=/app/pkg/bgp/manager/reconciler/neighbor.go:410 msg="No usable IP addresses found on the interface, can not use it as the source interface for the peer." reconciler=Neighbor interface=lo peer=192.168.0.1
    logger.go:256: time=2026-03-17T14:38:24.354Z level=WARN source=/app/pkg/bgp/manager/reconciler/neighbor.go:198 msg="Peer does not have a valid IP address on the configured source interface, skipping" reconciler=Neighbor instance=bgp-node peer=peer-v4
    logger.go:256: time=2026-03-17T14:38:24.354Z level=WARN source=/app/pkg/bgp/manager/reconciler/neighbor.go:410 msg="No usable IP addresses found on the interface, can not use it as the source interface for the peer." reconciler=Neighbor interface=lo peer=fc00::100:1
    logger.go:256: time=2026-03-17T14:38:24.354Z level=WARN source=/app/pkg/bgp/manager/reconciler/neighbor.go:198 msg="Peer does not have a valid IP address on the configured source interface, skipping" reconciler=Neighbor instance=bgp-node peer=peer-v6
    logger.go:256: time=2026-03-17T14:38:24.354Z level=INFO source=/app/pkg/bgp/manager/reconciler/neighbor.go:256 msg="Reconciling peers for instance" reconciler=Neighbor instance=bgp-node
    logger.go:256: time=2026-03-17T14:38:24.354Z level=INFO source=/app/pkg/bgp/manager/reconciler/neighbor.go:263 msg="Removing peer" reconciler=Neighbor instance=bgp-node peer=peer-v4
    logger.go:256: time=2026-03-17T14:38:24.354Z level=INFO source=/app/pkg/bgp/gobgp/logger.go:120 msg="Delete a peer configuration" Topic=Peer Key=192.168.0.1 asn=64125 component=gobgp.BgpServerInstance subsys=bgp-control-plane
    logger.go:256: time=2026-03-17T14:38:24.354Z level=INFO source=/app/pkg/bgp/manager/reconciler/neighbor.go:263 msg="Removing peer" reconciler=Neighbor instance=bgp-node peer=peer-v6
    logger.go:256: time=2026-03-17T14:38:24.354Z level=INFO source=/app/pkg/bgp/gobgp/logger.go:120 msg="Delete a peer configuration" Topic=Peer Key=fc00::100:1 asn=64125 component=gobgp.BgpServerInstance subsys=bgp-control-plane
--- PASS: TestNeighborReconciler_SourceInterfaceAddress (0.00s)
    --- PASS: TestNeighborReconciler_SourceInterfaceAddress/no_device,_no_local_address (0.00s)
    --- PASS: TestNeighborReconciler_SourceInterfaceAddress/add_unrelated_device,_no_local_address (0.00s)
    --- PASS: TestNeighborReconciler_SourceInterfaceAddress/add_device_with_IPv4_address_only,_IPv4_local_address (0.00s)
    --- PASS: TestNeighborReconciler_SourceInterfaceAddress/add_IPv6_device_address,_IPv4_+_IPv6_local_address (0.00s)
    --- PASS: TestNeighborReconciler_SourceInterfaceAddress/Remove_usable_device_addresses,_no_local_address (0.00s)
=== RUN   Test_GetAdvertisements
=== RUN   Test_GetAdvertisements/Peer_config_does_not_exist_for_peer_in_BGPNodeInstance
=== RUN   Test_GetAdvertisements/Expecting_PodCIDR_advertisement_for_single_peer
=== RUN   Test_GetAdvertisements/Expecting_PodCIDR_advertisement_for_dual_peers
=== RUN   Test_GetAdvertisements/Expecting_no_advertisement,_unknown_label
=== RUN   Test_GetAdvertisements/Expecting_PodCIDR_and_Service_advertisement_for_single_peer
=== RUN   Test_GetAdvertisements/Expecting_PodCIDR_and_Service_advertisement_for_dual_peers
--- PASS: Test_GetAdvertisements (0.00s)
    --- PASS: Test_GetAdvertisements/Peer_config_does_not_exist_for_peer_in_BGPNodeInstance (0.00s)
    --- PASS: Test_GetAdvertisements/Expecting_PodCIDR_advertisement_for_single_peer (0.00s)
    --- PASS: Test_GetAdvertisements/Expecting_PodCIDR_advertisement_for_dual_peers (0.00s)
    --- PASS: Test_GetAdvertisements/Expecting_no_advertisement,_unknown_label (0.00s)
    --- PASS: Test_GetAdvertisements/Expecting_PodCIDR_and_Service_advertisement_for_single_peer (0.00s)
    --- PASS: Test_GetAdvertisements/Expecting_PodCIDR_and_Service_advertisement_for_dual_peers (0.00s)
=== RUN   Test_PeerAdvertisementsEqual
=== RUN   Test_PeerAdvertisementsEqual/Empty_PeerAdvertisements
=== RUN   Test_PeerAdvertisementsEqual/Nil_PeerAdvertisements
=== RUN   Test_PeerAdvertisementsEqual/Empty_FamilyAdvertisements_in_peers
=== RUN   Test_PeerAdvertisementsEqual/Nil_FamilyAdvertisements_in_peers
=== RUN   Test_PeerAdvertisementsEqual/Equal_FamilyAdvertisements_in_peers
=== RUN   Test_PeerAdvertisementsEqual/Unequal_length_in_FamilyAdvertisements_in_peers
=== RUN   Test_PeerAdvertisementsEqual/Unequal_value_in_FamilyAdvertisements_in_peers
=== RUN   Test_PeerAdvertisementsEqual/Unequal_Address_in_PeerID
--- PASS: Test_PeerAdvertisementsEqual (0.00s)
    --- PASS: Test_PeerAdvertisementsEqual/Empty_PeerAdvertisements (0.00s)
    --- PASS: Test_PeerAdvertisementsEqual/Nil_PeerAdvertisements (0.00s)
    --- PASS: Test_PeerAdvertisementsEqual/Empty_FamilyAdvertisements_in_peers (0.00s)
    --- PASS: Test_PeerAdvertisementsEqual/Nil_FamilyAdvertisements_in_peers (0.00s)
    --- PASS: Test_PeerAdvertisementsEqual/Equal_FamilyAdvertisements_in_peers (0.00s)
    --- PASS: Test_PeerAdvertisementsEqual/Unequal_length_in_FamilyAdvertisements_in_peers (0.00s)
    --- PASS: Test_PeerAdvertisementsEqual/Unequal_value_in_FamilyAdvertisements_in_peers (0.00s)
    --- PASS: Test_PeerAdvertisementsEqual/Unequal_Address_in_PeerID (0.00s)
=== RUN   Test_PodCIDRAdvertisement
=== RUN   Test_PodCIDRAdvertisement/pod_cidr_advertisement_with_no_preconfigured_advertisements
=== RUN   Test_PodCIDRAdvertisement/pod_cidr_advertisement_with_no_preconfigured_advertisements_-_two_peers
=== RUN   Test_PodCIDRAdvertisement/pod_cidr_advertisement_-_cleanup_old_pod_cidr
=== RUN   Test_PodCIDRAdvertisement/pod_cidr_advertisement_-_disable
=== RUN   Test_PodCIDRAdvertisement/pod_cidr_advertisement_-_v4_only
--- PASS: Test_PodCIDRAdvertisement (0.00s)
    --- PASS: Test_PodCIDRAdvertisement/pod_cidr_advertisement_with_no_preconfigured_advertisements (0.00s)
    --- PASS: Test_PodCIDRAdvertisement/pod_cidr_advertisement_with_no_preconfigured_advertisements_-_two_peers (0.00s)
    --- PASS: Test_PodCIDRAdvertisement/pod_cidr_advertisement_-_cleanup_old_pod_cidr (0.00s)
    --- PASS: Test_PodCIDRAdvertisement/pod_cidr_advertisement_-_disable (0.00s)
    --- PASS: Test_PodCIDRAdvertisement/pod_cidr_advertisement_-_v4_only (0.00s)
=== RUN   Test_PodIPPoolAdvertisements
=== RUN   Test_PodIPPoolAdvertisements/dual_stack,_advertisement_selects_pools_(by_label),_pool_present_on_the_node
=== RUN   Test_PodIPPoolAdvertisements/dual_stack,_advertisement_selects_pools_(by_nameNS_selector),_pool_present_on_the_node
=== RUN   Test_PodIPPoolAdvertisements/dual_stack,_pool_NOT_selected_by_advertisement,_pool_present_on_the_node
=== RUN   Test_PodIPPoolAdvertisements/dual_stack,_pool_selected_by_advertisement,_pool_NOT_present_on_the_node
=== RUN   Test_PodIPPoolAdvertisements/dual_stack,_clean_up_of_preconfigured_advertisements
--- PASS: Test_PodIPPoolAdvertisements (0.00s)
    --- PASS: Test_PodIPPoolAdvertisements/dual_stack,_advertisement_selects_pools_(by_label),_pool_present_on_the_node (0.00s)
    --- PASS: Test_PodIPPoolAdvertisements/dual_stack,_advertisement_selects_pools_(by_nameNS_selector),_pool_present_on_the_node (0.00s)
    --- PASS: Test_PodIPPoolAdvertisements/dual_stack,_pool_NOT_selected_by_advertisement,_pool_present_on_the_node (0.00s)
    --- PASS: Test_PodIPPoolAdvertisements/dual_stack,_pool_selected_by_advertisement,_pool_NOT_present_on_the_node (0.00s)
    --- PASS: Test_PodIPPoolAdvertisements/dual_stack,_clean_up_of_preconfigured_advertisements (0.00s)
=== RUN   Test_MergeRoutePolicies
=== RUN   Test_MergeRoutePolicies/nil_policy
=== RUN   Test_MergeRoutePolicies/nil_policyA
=== RUN   Test_MergeRoutePolicies/nil_policyB
=== RUN   Test_MergeRoutePolicies/policy_names_mismatched
=== RUN   Test_MergeRoutePolicies/policy_types_mismatched
=== RUN   Test_MergeRoutePolicies/empty_statements
=== RUN   Test_MergeRoutePolicies/nil_statement.Action.SetLocalPref
=== RUN   Test_MergeRoutePolicies/nil_dereferenced_statement.Action.SetLocalPref
=== RUN   Test_MergeRoutePolicies/both_set_standard_communities
=== RUN   Test_MergeRoutePolicies/both_set_large_communities
=== RUN   Test_MergeRoutePolicies/both_set_standard_and_large_communities
=== RUN   Test_MergeRoutePolicies/deduplicates_standard_and_large_communities
=== RUN   Test_MergeRoutePolicies/both_set_standard_and_large_communities_with_differing_local_preference
--- PASS: Test_MergeRoutePolicies (0.00s)
    --- PASS: Test_MergeRoutePolicies/nil_policy (0.00s)
    --- PASS: Test_MergeRoutePolicies/nil_policyA (0.00s)
    --- PASS: Test_MergeRoutePolicies/nil_policyB (0.00s)
    --- PASS: Test_MergeRoutePolicies/policy_names_mismatched (0.00s)
    --- PASS: Test_MergeRoutePolicies/policy_types_mismatched (0.00s)
    --- PASS: Test_MergeRoutePolicies/empty_statements (0.00s)
    --- PASS: Test_MergeRoutePolicies/nil_statement.Action.SetLocalPref (0.00s)
    --- PASS: Test_MergeRoutePolicies/nil_dereferenced_statement.Action.SetLocalPref (0.00s)
    --- PASS: Test_MergeRoutePolicies/both_set_standard_communities (0.00s)
    --- PASS: Test_MergeRoutePolicies/both_set_large_communities (0.00s)
    --- PASS: Test_MergeRoutePolicies/both_set_standard_and_large_communities (0.00s)
    --- PASS: Test_MergeRoutePolicies/deduplicates_standard_and_large_communities (0.00s)
    --- PASS: Test_MergeRoutePolicies/both_set_standard_and_large_communities_with_differing_local_preference (0.00s)
=== RUN   TestRoutePolicySoftReset
=== RUN   TestRoutePolicySoftReset/new_outbound_policies
=== RUN   TestRoutePolicySoftReset/new_inbound_policies
=== RUN   TestRoutePolicySoftReset/new_outbound_and_inbound_policies
=== RUN   TestRoutePolicySoftReset/new_mixed_policies
=== RUN   TestRoutePolicySoftReset/update_outbound_policy_neighbors
=== RUN   TestRoutePolicySoftReset/update_inbound_policy_neighbors
=== RUN   TestRoutePolicySoftReset/update_policy_type_from_export_to_import
=== RUN   TestRoutePolicySoftReset/update_mixed_policies_with_neighbor_changes
=== RUN   TestRoutePolicySoftReset/delete_outbound_policy
=== RUN   TestRoutePolicySoftReset/delete_inbound_policy
=== RUN   TestRoutePolicySoftReset/delete_one_of_multiple_policies
=== RUN   TestRoutePolicySoftReset/delete_all_policies
=== RUN   TestRoutePolicySoftReset/no_changes_-_same_policies
=== RUN   TestRoutePolicySoftReset/new_policy_with_empty_neighbors_(all_neighbors)
=== RUN   TestRoutePolicySoftReset/new_policy_with_empty_neighbors_for_import_(all_neighbors)
=== RUN   TestRoutePolicySoftReset/new_policies_with_empty_neighbors_for_both_import_and_export_(all_neighbors)
=== RUN   TestRoutePolicySoftReset/mixed_policy_-_some_specific_neighbors_and_all_neighbors
=== RUN   TestRoutePolicySoftReset/update_policy_from_specific_neighbors_to_all_neighbors
=== RUN   TestRoutePolicySoftReset/update_policy_from_all_neighbors_to_specific_neighbors
=== RUN   TestRoutePolicySoftReset/delete_policy_with_all_neighbors
=== RUN   TestRoutePolicySoftReset/all_neighbors_export,_specific_neighbors_import
--- PASS: TestRoutePolicySoftReset (0.00s)
    --- PASS: TestRoutePolicySoftReset/new_outbound_policies (0.00s)
    --- PASS: TestRoutePolicySoftReset/new_inbound_policies (0.00s)
    --- PASS: TestRoutePolicySoftReset/new_outbound_and_inbound_policies (0.00s)
    --- PASS: TestRoutePolicySoftReset/new_mixed_policies (0.00s)
    --- PASS: TestRoutePolicySoftReset/update_outbound_policy_neighbors (0.00s)
    --- PASS: TestRoutePolicySoftReset/update_inbound_policy_neighbors (0.00s)
    --- PASS: TestRoutePolicySoftReset/update_policy_type_from_export_to_import (0.00s)
    --- PASS: TestRoutePolicySoftReset/update_mixed_policies_with_neighbor_changes (0.00s)
    --- PASS: TestRoutePolicySoftReset/delete_outbound_policy (0.00s)
    --- PASS: TestRoutePolicySoftReset/delete_inbound_policy (0.00s)
    --- PASS: TestRoutePolicySoftReset/delete_one_of_multiple_policies (0.00s)
    --- PASS: TestRoutePolicySoftReset/delete_all_policies (0.00s)
    --- PASS: TestRoutePolicySoftReset/no_changes_-_same_policies (0.00s)
    --- PASS: TestRoutePolicySoftReset/new_policy_with_empty_neighbors_(all_neighbors) (0.00s)
    --- PASS: TestRoutePolicySoftReset/new_policy_with_empty_neighbors_for_import_(all_neighbors) (0.00s)
    --- PASS: TestRoutePolicySoftReset/new_policies_with_empty_neighbors_for_both_import_and_export_(all_neighbors) (0.00s)
    --- PASS: TestRoutePolicySoftReset/mixed_policy_-_some_specific_neighbors_and_all_neighbors (0.00s)
    --- PASS: TestRoutePolicySoftReset/update_policy_from_specific_neighbors_to_all_neighbors (0.00s)
    --- PASS: TestRoutePolicySoftReset/update_policy_from_all_neighbors_to_specific_neighbors (0.00s)
    --- PASS: TestRoutePolicySoftReset/delete_policy_with_all_neighbors (0.00s)
    --- PASS: TestRoutePolicySoftReset/all_neighbors_export,_specific_neighbors_import (0.00s)
=== RUN   Test_ServiceLBReconciler
    logger.go:256: time=2026-03-17T14:38:24.360Z level=DEBUG source=/app/vendor/github.com/cilium/hive/cell/invoke.go:38 msg=Invoking function="reconciler.newServiceTestFixture.func5 (.../manager/reconciler/service_test.go:2742)"
    logger.go:256: time=2026-03-17T14:38:24.360Z level=DEBUG source=/app/vendor/github.com/cilium/hive/cell/invoke.go:59 msg=Invoked duration=155.933µs function="reconciler.newServiceTestFixture.func5 (.../manager/reconciler/service_test.go:2742)"
    logger.go:256: time=2026-03-17T14:38:24.360Z level=DEBUG source=/app/vendor/github.com/cilium/hive/cell/invoke.go:38 msg=Invoking function="reconciler.newServiceTestFixture.func6 (.../manager/reconciler/service_test.go:2746)"
    logger.go:256: time=2026-03-17T14:38:24.360Z level=DEBUG source=/app/vendor/github.com/cilium/hive/cell/invoke.go:59 msg=Invoked duration=256.376µs function="reconciler.newServiceTestFixture.func6 (.../manager/reconciler/service_test.go:2746)"
    logger.go:256: time=2026-03-17T14:38:24.360Z level=DEBUG source=/app/vendor/github.com/cilium/hive/cell/invoke.go:38 msg=Invoking function="health.metricPublisher (.../hive/health/metrics.go:59)"
    logger.go:256: time=2026-03-17T14:38:24.361Z level=DEBUG source=/app/vendor/github.com/cilium/hive/cell/invoke.go:59 msg=Invoked duration=146.938µs function="health.metricPublisher (.../hive/health/metrics.go:59)"
    logger.go:256: time=2026-03-17T14:38:24.361Z level=INFO source=/app/vendor/github.com/cilium/hive/hive.go:385 msg="Starting hive"
    logger.go:256: time=2026-03-17T14:38:24.361Z level=DEBUG source=/app/vendor/github.com/cilium/hive/cell/lifecycle.go:139 msg="Executing start hook" function="statedb.newHiveDB.func1 (.../cilium/statedb/cell.go:34) (statedb)"
    logger.go:256: time=2026-03-17T14:38:24.361Z level=DEBUG source=/app/vendor/github.com/cilium/hive/cell/lifecycle.go:149 msg="Start hook executed" function="statedb.newHiveDB.func1 (.../cilium/statedb/cell.go:34) (statedb)" duration=2.05µs
    logger.go:256: time=2026-03-17T14:38:24.361Z level=DEBUG source=/app/vendor/github.com/cilium/hive/cell/lifecycle.go:139 msg="Executing start hook" function="*job.registry.Start (jobs)"
    logger.go:256: time=2026-03-17T14:38:24.361Z level=DEBUG source=/app/vendor/github.com/cilium/hive/cell/lifecycle.go:149 msg="Start hook executed" function="*job.registry.Start (jobs)" duration=411ns
    logger.go:256: time=2026-03-17T14:38:24.373Z level=DEBUG source=/app/vendor/github.com/cilium/hive/cell/lifecycle.go:139 msg="Executing start hook" function="*health.provider.Start (health)"
    logger.go:256: time=2026-03-17T14:38:24.373Z level=DEBUG source=/app/vendor/github.com/cilium/hive/cell/lifecycle.go:149 msg="Start hook executed" function="*health.provider.Start (health)" duration=763ns
    logger.go:256: time=2026-03-17T14:38:24.373Z level=DEBUG source=/app/vendor/github.com/cilium/hive/cell/lifecycle.go:139 msg="Executing start hook" function="*job.queuedJob.Start (jobs)" detail="frontend-events (reconciler.(*ServiceReconciler).processFrontendEvents)"
    logger.go:256: time=2026-03-17T14:38:24.374Z level=DEBUG source=/app/vendor/github.com/cilium/hive/cell/lifecycle.go:149 msg="Start hook executed" function="*job.queuedJob.Start (jobs)" detail="frontend-events (reconciler.(*ServiceReconciler).processFrontendEvents)" duration=6.312µs
    logger.go:256: time=2026-03-17T14:38:24.374Z level=DEBUG source=/app/vendor/github.com/cilium/hive/cell/lifecycle.go:139 msg="Executing start hook" function="*job.queuedJob.Start (jobs)" detail="module-status-metrics (health.metricPublisher.func2 (.../hive/health/metrics.go:78))"
    logger.go:256: time=2026-03-17T14:38:24.374Z level=DEBUG source=/app/vendor/github.com/cilium/hive/cell/lifecycle.go:149 msg="Start hook executed" function="*job.queuedJob.Start (jobs)" detail="module-status-metrics (health.metricPublisher.func2 (.../hive/health/metrics.go:78))" duration=1.506µs
    logger.go:256: time=2026-03-17T14:38:24.374Z level=INFO source=/app/vendor/github.com/cilium/hive/hive.go:389 msg="Started hive" duration=12.879335ms
=== RUN   Test_ServiceLBReconciler/Service_(LB)_with_advertisement(_empty_)
=== NAME  Test_ServiceLBReconciler
    logger.go:256: time=2026-03-17T14:38:24.374Z level=DEBUG source=/app/pkg/bgp/manager/reconciler/service.go:204 msg="performing all services reconciliation" module=service-reconciler-test
    logger.go:256: time=2026-03-17T14:38:24.374Z level=DEBUG source=/app/pkg/bgp/manager/reconciler/service.go:212 msg="performing modified services reconciliation" module=service-reconciler-test
=== RUN   Test_ServiceLBReconciler/Service_(LB)_with_advertisement(LB)_-_mismatch_labels
=== NAME  Test_ServiceLBReconciler
    logger.go:256: time=2026-03-17T14:38:24.374Z level=DEBUG source=/app/pkg/bgp/manager/reconciler/service.go:204 msg="performing all services reconciliation" module=service-reconciler-test
    logger.go:256: time=2026-03-17T14:38:24.374Z level=DEBUG source=/app/pkg/bgp/manager/reconciler/service.go:212 msg="performing modified services reconciliation" module=service-reconciler-test
=== RUN   Test_ServiceLBReconciler/Service_(LB)_with_advertisement(LB)_-_matching_labels_(eTP=cluster)
=== NAME  Test_ServiceLBReconciler
    logger.go:256: time=2026-03-17T14:38:24.374Z level=DEBUG source=/app/pkg/bgp/manager/reconciler/service.go:204 msg="performing all services reconciliation" module=service-reconciler-test
    logger.go:256: time=2026-03-17T14:38:24.374Z level=DEBUG source=/app/pkg/bgp/manager/reconciler/policies.go:123 msg="Adding route policy" module=service-reconciler-test instance=bgp-65001 policy=red-peer-65001-ipv4-Service-red-svc-non-default-LoadBalancerIP
    logger.go:256: time=2026-03-17T14:38:24.374Z level=DEBUG source=/app/pkg/bgp/manager/reconciler/policies.go:123 msg="Adding route policy" module=service-reconciler-test instance=bgp-65001 policy=red-peer-65001-ipv6-Service-red-svc-non-default-LoadBalancerIP
    logger.go:256: time=2026-03-17T14:38:24.374Z level=DEBUG source=/app/pkg/bgp/manager/reconciler/policies.go:213 msg="Resetting peer due to a routing policy change" module=service-reconciler-test instance=bgp-65001 peer=10.10.10.1 direction=out
    logger.go:256: time=2026-03-17T14:38:24.374Z level=DEBUG source=/app/pkg/bgp/manager/reconciler/paths.go:238 msg="Advertising path" module=service-reconciler-test instance=bgp-65001 resource=non-default/red-svc path=2001:db8::1/128 family=ipv6-unicast
    logger.go:256: time=2026-03-17T14:38:24.374Z level=DEBUG source=/app/pkg/bgp/manager/reconciler/paths.go:238 msg="Advertising path" module=service-reconciler-test instance=bgp-65001 resource=non-default/red-svc path=192.168.0.1/32 family=ipv4-unicast
    logger.go:256: time=2026-03-17T14:38:24.374Z level=DEBUG source=/app/pkg/bgp/manager/reconciler/service.go:212 msg="performing modified services reconciliation" module=service-reconciler-test
=== RUN   Test_ServiceLBReconciler/Service_(LB)_with_advertisement(LB)_and_routes_aggregation_-_matching_labels_(eTP=cluster,_iTP=local)
=== NAME  Test_ServiceLBReconciler
    logger.go:256: time=2026-03-17T14:38:24.375Z level=DEBUG source=/app/pkg/bgp/manager/reconciler/service.go:204 msg="performing all services reconciliation" module=service-reconciler-test
    logger.go:256: time=2026-03-17T14:38:24.375Z level=DEBUG source=/app/pkg/bgp/manager/reconciler/policies.go:143 msg="Updating (re-creating) route policy" module=service-reconciler-test instance=bgp-65001 policy=red-peer-65001-ipv6-Service-red-svc-non-default-LoadBalancerIP
    logger.go:256: time=2026-03-17T14:38:24.375Z level=DEBUG source=/app/pkg/bgp/manager/reconciler/policies.go:143 msg="Updating (re-creating) route policy" module=service-reconciler-test instance=bgp-65001 policy=red-peer-65001-ipv4-Service-red-svc-non-default-LoadBalancerIP
    logger.go:256: time=2026-03-17T14:38:24.375Z level=DEBUG source=/app/pkg/bgp/manager/reconciler/policies.go:213 msg="Resetting peer due to a routing policy change" module=service-reconciler-test instance=bgp-65001 peer=10.10.10.1 direction=out
    logger.go:256: time=2026-03-17T14:38:24.375Z level=DEBUG source=/app/pkg/bgp/manager/reconciler/paths.go:269 msg="Withdrawing path" module=service-reconciler-test instance=bgp-65001 resource=non-default/red-svc path=192.168.0.1/32
    logger.go:256: time=2026-03-17T14:38:24.375Z level=DEBUG source=/app/pkg/bgp/manager/reconciler/paths.go:238 msg="Advertising path" module=service-reconciler-test instance=bgp-65001 resource=non-default/red-svc path=192.168.0.0/24 family=ipv4-unicast
    logger.go:256: time=2026-03-17T14:38:24.375Z level=DEBUG source=/app/pkg/bgp/manager/reconciler/paths.go:269 msg="Withdrawing path" module=service-reconciler-test instance=bgp-65001 resource=non-default/red-svc path=2001:db8::1/128
    logger.go:256: time=2026-03-17T14:38:24.375Z level=DEBUG source=/app/pkg/bgp/manager/reconciler/paths.go:238 msg="Advertising path" module=service-reconciler-test instance=bgp-65001 resource=non-default/red-svc path=2001:db8::/120 family=ipv6-unicast
    logger.go:256: time=2026-03-17T14:38:24.375Z level=DEBUG source=/app/pkg/bgp/manager/reconciler/service.go:212 msg="performing modified services reconciliation" module=service-reconciler-test
=== RUN   Test_ServiceLBReconciler/Service_(LB)_with_advertisement(LB)_and_routes_aggregation_-_matching_labels_(eTP=local,_iTP=cluster_-_no_aggregation)
=== NAME  Test_ServiceLBReconciler
    logger.go:256: time=2026-03-17T14:38:24.375Z level=DEBUG source=/app/pkg/bgp/manager/reconciler/service.go:212 msg="performing modified services reconciliation" module=service-reconciler-test
    logger.go:256: time=2026-03-17T14:38:24.375Z level=DEBUG source=/app/pkg/bgp/manager/reconciler/policies.go:143 msg="Updating (re-creating) route policy" module=service-reconciler-test instance=bgp-65001 policy=red-peer-65001-ipv4-Service-red-svc-non-default-LoadBalancerIP
    logger.go:256: time=2026-03-17T14:38:24.375Z level=DEBUG source=/app/pkg/bgp/manager/reconciler/policies.go:143 msg="Updating (re-creating) route policy" module=service-reconciler-test instance=bgp-65001 policy=red-peer-65001-ipv6-Service-red-svc-non-default-LoadBalancerIP
    logger.go:256: time=2026-03-17T14:38:24.375Z level=DEBUG source=/app/pkg/bgp/manager/reconciler/policies.go:213 msg="Resetting peer due to a routing policy change" module=service-reconciler-test instance=bgp-65001 peer=10.10.10.1 direction=out
    logger.go:256: time=2026-03-17T14:38:24.375Z level=DEBUG source=/app/pkg/bgp/manager/reconciler/paths.go:269 msg="Withdrawing path" module=service-reconciler-test instance=bgp-65001 resource=non-default/red-svc path=2001:db8::/120
    logger.go:256: time=2026-03-17T14:38:24.375Z level=DEBUG source=/app/pkg/bgp/manager/reconciler/paths.go:238 msg="Advertising path" module=service-reconciler-test instance=bgp-65001 resource=non-default/red-svc path=2001:db8::1/128 family=ipv6-unicast
    logger.go:256: time=2026-03-17T14:38:24.375Z level=DEBUG source=/app/pkg/bgp/manager/reconciler/paths.go:269 msg="Withdrawing path" module=service-reconciler-test instance=bgp-65001 resource=non-default/red-svc path=192.168.0.0/24
    logger.go:256: time=2026-03-17T14:38:24.375Z level=DEBUG source=/app/pkg/bgp/manager/reconciler/paths.go:238 msg="Advertising path" module=service-reconciler-test instance=bgp-65001 resource=non-default/red-svc path=192.168.0.1/32 family=ipv4-unicast
    logger.go:256: time=2026-03-17T14:38:24.375Z level=DEBUG source=/app/pkg/bgp/manager/reconciler/service.go:212 msg="performing modified services reconciliation" module=service-reconciler-test
=== RUN   Test_ServiceLBReconciler/Service_(LB)_with_advertisement(LB)_-_matching_labels_(eTP=local,_ep_on_node)
=== NAME  Test_ServiceLBReconciler
    logger.go:256: time=2026-03-17T14:38:24.375Z level=DEBUG source=/app/pkg/bgp/manager/reconciler/service.go:204 msg="performing all services reconciliation" module=service-reconciler-test
    logger.go:256: time=2026-03-17T14:38:24.375Z level=DEBUG source=/app/pkg/bgp/manager/reconciler/paths.go:204 msg="no reconciliation necessary" module=service-reconciler-test instance=bgp-65001 resource=non-default/red-svc
    logger.go:256: time=2026-03-17T14:38:24.375Z level=DEBUG source=/app/pkg/bgp/manager/reconciler/paths.go:204 msg="no reconciliation necessary" module=service-reconciler-test instance=bgp-65001 resource=non-default/red-svc
    logger.go:256: time=2026-03-17T14:38:24.375Z level=DEBUG source=/app/pkg/bgp/manager/reconciler/service.go:212 msg="performing modified services reconciliation" module=service-reconciler-test
=== RUN   Test_ServiceLBReconciler/Service_(LB)_with_advertisement(LB)_-_matching_labels_(eTP=local,_mixed_ep)
=== NAME  Test_ServiceLBReconciler
    logger.go:256: time=2026-03-17T14:38:24.376Z level=DEBUG source=/app/pkg/bgp/manager/reconciler/service.go:212 msg="performing modified services reconciliation" module=service-reconciler-test
    logger.go:256: time=2026-03-17T14:38:24.376Z level=DEBUG source=/app/pkg/bgp/manager/reconciler/paths.go:204 msg="no reconciliation necessary" module=service-reconciler-test instance=bgp-65001 resource=non-default/red-svc
    logger.go:256: time=2026-03-17T14:38:24.376Z level=DEBUG source=/app/pkg/bgp/manager/reconciler/paths.go:204 msg="no reconciliation necessary" module=service-reconciler-test instance=bgp-65001 resource=non-default/red-svc
    logger.go:256: time=2026-03-17T14:38:24.376Z level=DEBUG source=/app/pkg/bgp/manager/reconciler/service.go:212 msg="performing modified services reconciliation" module=service-reconciler-test
=== RUN   Test_ServiceLBReconciler/Service_(LB)_with_advertisement(LB)_-_matching_labels_(eTP=local,_ep_on_remote)
=== NAME  Test_ServiceLBReconciler
    logger.go:256: time=2026-03-17T14:38:24.376Z level=DEBUG source=/app/pkg/bgp/manager/reconciler/service.go:212 msg="performing modified services reconciliation" module=service-reconciler-test
    logger.go:256: time=2026-03-17T14:38:24.376Z level=DEBUG source=/app/pkg/bgp/manager/reconciler/policies.go:168 msg="Removing route policy" module=service-reconciler-test instance=bgp-65001 policy=red-peer-65001-ipv6-Service-red-svc-non-default-LoadBalancerIP
    logger.go:256: time=2026-03-17T14:38:24.376Z level=DEBUG source=/app/pkg/bgp/manager/reconciler/policies.go:168 msg="Removing route policy" module=service-reconciler-test instance=bgp-65001 policy=red-peer-65001-ipv4-Service-red-svc-non-default-LoadBalancerIP
    logger.go:256: time=2026-03-17T14:38:24.376Z level=DEBUG source=/app/pkg/bgp/manager/reconciler/policies.go:213 msg="Resetting peer due to a routing policy change" module=service-reconciler-test instance=bgp-65001 peer=10.10.10.1 direction=out
    logger.go:256: time=2026-03-17T14:38:24.376Z level=DEBUG source=/app/pkg/bgp/manager/reconciler/paths.go:269 msg="Withdrawing path" module=service-reconciler-test instance=bgp-65001 resource=non-default/red-svc family=ipv6-unicast path=2001:db8::1/128
    logger.go:256: time=2026-03-17T14:38:24.376Z level=DEBUG source=/app/pkg/bgp/manager/reconciler/paths.go:269 msg="Withdrawing path" module=service-reconciler-test instance=bgp-65001 resource=non-default/red-svc family=ipv4-unicast path=192.168.0.1/32
    logger.go:256: time=2026-03-17T14:38:24.376Z level=DEBUG source=/app/pkg/bgp/manager/reconciler/service.go:212 msg="performing modified services reconciliation" module=service-reconciler-test
=== RUN   Test_ServiceLBReconciler/Service_(LB)_with_advertisement(LB)_-_matching_labels_(eTP=local,_backends_are_terminating)
=== NAME  Test_ServiceLBReconciler
    logger.go:256: time=2026-03-17T14:38:24.376Z level=DEBUG source=/app/pkg/bgp/manager/reconciler/service.go:212 msg="performing modified services reconciliation" module=service-reconciler-test
    logger.go:256: time=2026-03-17T14:38:24.376Z level=DEBUG source=/app/pkg/bgp/manager/reconciler/service.go:212 msg="performing modified services reconciliation" module=service-reconciler-test
=== RUN   Test_ServiceLBReconciler/Service_(LB)_with_advertisement(LB)_-_matching_labels_(eTP=local,_no_backends,_ProxyRedirect_set)
=== NAME  Test_ServiceLBReconciler
    logger.go:256: time=2026-03-17T14:38:24.376Z level=DEBUG source=/app/pkg/bgp/manager/reconciler/service.go:212 msg="performing modified services reconciliation" module=service-reconciler-test
    logger.go:256: time=2026-03-17T14:38:24.376Z level=DEBUG source=/app/pkg/bgp/manager/reconciler/policies.go:123 msg="Adding route policy" module=service-reconciler-test instance=bgp-65001 policy=red-peer-65001-ipv4-Service-red-svc-non-default-LoadBalancerIP
    logger.go:256: time=2026-03-17T14:38:24.376Z level=DEBUG source=/app/pkg/bgp/manager/reconciler/policies.go:123 msg="Adding route policy" module=service-reconciler-test instance=bgp-65001 policy=red-peer-65001-ipv6-Service-red-svc-non-default-LoadBalancerIP
    logger.go:256: time=2026-03-17T14:38:24.376Z level=DEBUG source=/app/pkg/bgp/manager/reconciler/policies.go:213 msg="Resetting peer due to a routing policy change" module=service-reconciler-test instance=bgp-65001 peer=10.10.10.1 direction=out
    logger.go:256: time=2026-03-17T14:38:24.376Z level=DEBUG source=/app/pkg/bgp/manager/reconciler/paths.go:238 msg="Advertising path" module=service-reconciler-test instance=bgp-65001 resource=non-default/red-svc path=192.168.0.1/32 family=ipv4-unicast
    logger.go:256: time=2026-03-17T14:38:24.376Z level=DEBUG source=/app/pkg/bgp/manager/reconciler/paths.go:238 msg="Advertising path" module=service-reconciler-test instance=bgp-65001 resource=non-default/red-svc path=2001:db8::1/128 family=ipv6-unicast
    logger.go:256: time=2026-03-17T14:38:24.377Z level=DEBUG source=/app/pkg/bgp/manager/reconciler/service.go:212 msg="performing modified services reconciliation" module=service-reconciler-test
    logger.go:256: time=2026-03-17T14:38:24.377Z level=INFO source=/app/vendor/github.com/cilium/hive/hive.go:401 msg="Stopping hive"
    logger.go:256: time=2026-03-17T14:38:24.377Z level=DEBUG source=/app/vendor/github.com/cilium/hive/cell/lifecycle.go:184 msg="Executing stop hook" function="*job.queuedJob.Stop (jobs)" detail="module-status-metrics (health.metricPublisher.func2 (.../hive/health/metrics.go:78))"
    logger.go:256: time=2026-03-17T14:38:24.377Z level=DEBUG source=/app/vendor/github.com/cilium/hive/job/oneshot.go:136 msg="Starting one-shot job" module=service-reconciler-test name=frontend-events func=reconciler.(*ServiceReconciler).processFrontendEvents
    logger.go:256: time=2026-03-17T14:38:24.377Z level=DEBUG source=/app/pkg/hive/health/provider.go:89 msg="upserting health status" module=health lastLevel=none reporter-id=service-reconciler-test.job-frontend-events status="service-reconciler-test.job-frontend-events: [OK] Running"
    logger.go:256: time=2026-03-17T14:38:24.377Z level=DEBUG source=/app/vendor/github.com/cilium/hive/job/oneshot.go:136 msg="Starting one-shot job" module=health name=module-status-metrics func="health.metricPublisher.func2 (.../hive/health/metrics.go:78)"
    logger.go:256: time=2026-03-17T14:38:24.377Z level=DEBUG source=/app/pkg/hive/health/provider.go:89 msg="upserting health status" module=health lastLevel=none reporter-id=health.job-module-status-metrics status="health.job-module-status-metrics: [OK] Running"
    logger.go:256: time=2026-03-17T14:38:24.378Z level=DEBUG source=/app/pkg/hive/health/provider.go:144 msg="stopping health reporter" module=health reporter-id=health.job-module-status-metrics
    logger.go:256: time=2026-03-17T14:38:24.378Z level=DEBUG source=/app/vendor/github.com/cilium/hive/cell/lifecycle.go:194 msg="Stop hook executed" function="*job.queuedJob.Stop (jobs)" detail="module-status-metrics (health.metricPublisher.func2 (.../hive/health/metrics.go:78))" duration=924.111µs
    logger.go:256: time=2026-03-17T14:38:24.378Z level=DEBUG source=/app/vendor/github.com/cilium/hive/cell/lifecycle.go:184 msg="Executing stop hook" function="*job.queuedJob.Stop (jobs)" detail="frontend-events (reconciler.(*ServiceReconciler).processFrontendEvents)"
    logger.go:256: time=2026-03-17T14:38:24.378Z level=DEBUG source=/app/pkg/hive/health/provider.go:144 msg="stopping health reporter" module=health reporter-id=service-reconciler-test.job-frontend-events
    logger.go:256: time=2026-03-17T14:38:24.378Z level=DEBUG source=/app/vendor/github.com/cilium/hive/cell/lifecycle.go:194 msg="Stop hook executed" function="*job.queuedJob.Stop (jobs)" detail="frontend-events (reconciler.(*ServiceReconciler).processFrontendEvents)" duration=167.97µs
    logger.go:256: time=2026-03-17T14:38:24.378Z level=DEBUG source=/app/vendor/github.com/cilium/hive/cell/lifecycle.go:184 msg="Executing stop hook" function="*health.provider.Stop (health)"
    logger.go:256: time=2026-03-17T14:38:24.378Z level=DEBUG source=/app/vendor/github.com/cilium/hive/cell/lifecycle.go:194 msg="Stop hook executed" function="*health.provider.Stop (health)" duration=291ns
    logger.go:256: time=2026-03-17T14:38:24.378Z level=DEBUG source=/app/vendor/github.com/cilium/hive/cell/lifecycle.go:184 msg="Executing stop hook" function="*job.registry.Stop (jobs)"
    logger.go:256: time=2026-03-17T14:38:24.378Z level=DEBUG source=/app/vendor/github.com/cilium/hive/cell/lifecycle.go:194 msg="Stop hook executed" function="*job.registry.Stop (jobs)" duration=3.267µs
    logger.go:256: time=2026-03-17T14:38:24.378Z level=DEBUG source=/app/vendor/github.com/cilium/hive/cell/lifecycle.go:184 msg="Executing stop hook" function="statedb.newHiveDB.func2 (.../cilium/statedb/cell.go:37) (statedb)"
    logger.go:256: time=2026-03-17T14:38:24.379Z level=DEBUG source=/app/vendor/github.com/cilium/hive/cell/lifecycle.go:194 msg="Stop hook executed" function="statedb.newHiveDB.func2 (.../cilium/statedb/cell.go:37) (statedb)" duration=15.844µs
    logger.go:256: time=2026-03-17T14:38:24.379Z level=INFO source=/app/vendor/github.com/cilium/hive/hive.go:405 msg="Stopped hive" duration=2.229906ms
--- PASS: Test_ServiceLBReconciler (0.02s)
    --- PASS: Test_ServiceLBReconciler/Service_(LB)_with_advertisement(_empty_) (0.00s)
    --- PASS: Test_ServiceLBReconciler/Service_(LB)_with_advertisement(LB)_-_mismatch_labels (0.00s)
    --- PASS: Test_ServiceLBReconciler/Service_(LB)_with_advertisement(LB)_-_matching_labels_(eTP=cluster) (0.00s)
    --- PASS: Test_ServiceLBReconciler/Service_(LB)_with_advertisement(LB)_and_routes_aggregation_-_matching_labels_(eTP=cluster,_iTP=local) (0.00s)
    --- PASS: Test_ServiceLBReconciler/Service_(LB)_with_advertisement(LB)_and_routes_aggregation_-_matching_labels_(eTP=local,_iTP=cluster_-_no_aggregation) (0.00s)
    --- PASS: Test_ServiceLBReconciler/Service_(LB)_with_advertisement(LB)_-_matching_labels_(eTP=local,_ep_on_node) (0.00s)
    --- PASS: Test_ServiceLBReconciler/Service_(LB)_with_advertisement(LB)_-_matching_labels_(eTP=local,_mixed_ep) (0.00s)
    --- PASS: Test_ServiceLBReconciler/Service_(LB)_with_advertisement(LB)_-_matching_labels_(eTP=local,_ep_on_remote) (0.00s)
    --- PASS: Test_ServiceLBReconciler/Service_(LB)_with_advertisement(LB)_-_matching_labels_(eTP=local,_backends_are_terminating) (0.00s)
    --- PASS: Test_ServiceLBReconciler/Service_(LB)_with_advertisement(LB)_-_matching_labels_(eTP=local,_no_backends,_ProxyRedirect_set) (0.00s)
=== RUN   Test_ServiceLBReconcilerWithLegacyOriginAttr
    logger.go:256: time=2026-03-17T14:38:24.380Z level=DEBUG source=/app/vendor/github.com/cilium/hive/cell/invoke.go:38 msg=Invoking function="reconciler.newServiceTestFixture.func5 (.../manager/reconciler/service_test.go:2742)"
    logger.go:256: time=2026-03-17T14:38:24.382Z level=DEBUG source=/app/vendor/github.com/cilium/hive/cell/invoke.go:59 msg=Invoked duration=1.927242ms function="reconciler.newServiceTestFixture.func5 (.../manager/reconciler/service_test.go:2742)"
    logger.go:256: time=2026-03-17T14:38:24.383Z level=DEBUG source=/app/vendor/github.com/cilium/hive/cell/invoke.go:38 msg=Invoking function="reconciler.newServiceTestFixture.func6 (.../manager/reconciler/service_test.go:2746)"
    logger.go:256: time=2026-03-17T14:38:24.384Z level=DEBUG source=/app/vendor/github.com/cilium/hive/cell/invoke.go:59 msg=Invoked duration=1.387909ms function="reconciler.newServiceTestFixture.func6 (.../manager/reconciler/service_test.go:2746)"
    logger.go:256: time=2026-03-17T14:38:24.385Z level=DEBUG source=/app/vendor/github.com/cilium/hive/cell/invoke.go:38 msg=Invoking function="health.metricPublisher (.../hive/health/metrics.go:59)"
    logger.go:256: time=2026-03-17T14:38:24.385Z level=DEBUG source=/app/vendor/github.com/cilium/hive/cell/invoke.go:59 msg=Invoked duration=250.836µs function="health.metricPublisher (.../hive/health/metrics.go:59)"
    logger.go:256: time=2026-03-17T14:38:24.386Z level=INFO source=/app/vendor/github.com/cilium/hive/hive.go:385 msg="Starting hive"
    logger.go:256: time=2026-03-17T14:38:24.386Z level=DEBUG source=/app/vendor/github.com/cilium/hive/cell/lifecycle.go:139 msg="Executing start hook" function="statedb.newHiveDB.func1 (.../cilium/statedb/cell.go:34) (statedb)"
    logger.go:256: time=2026-03-17T14:38:24.386Z level=DEBUG source=/app/vendor/github.com/cilium/hive/cell/lifecycle.go:149 msg="Start hook executed" function="statedb.newHiveDB.func1 (.../cilium/statedb/cell.go:34) (statedb)" duration=28.222µs
    logger.go:256: time=2026-03-17T14:38:24.386Z level=DEBUG source=/app/vendor/github.com/cilium/hive/cell/lifecycle.go:139 msg="Executing start hook" function="*job.registry.Start (jobs)"
    logger.go:256: time=2026-03-17T14:38:24.386Z level=DEBUG source=/app/vendor/github.com/cilium/hive/cell/lifecycle.go:149 msg="Start hook executed" function="*job.registry.Start (jobs)" duration=990ns
    logger.go:256: time=2026-03-17T14:38:24.387Z level=DEBUG source=/app/vendor/github.com/cilium/hive/cell/lifecycle.go:139 msg="Executing start hook" function="*health.provider.Start (health)"
    logger.go:256: time=2026-03-17T14:38:24.387Z level=DEBUG source=/app/vendor/github.com/cilium/hive/cell/lifecycle.go:149 msg="Start hook executed" function="*health.provider.Start (health)" duration=587ns
    logger.go:256: time=2026-03-17T14:38:24.387Z level=DEBUG source=/app/vendor/github.com/cilium/hive/cell/lifecycle.go:139 msg="Executing start hook" function="*job.queuedJob.Start (jobs)" detail="frontend-events (reconciler.(*ServiceReconciler).processFrontendEvents)"
    logger.go:256: time=2026-03-17T14:38:24.387Z level=DEBUG source=/app/vendor/github.com/cilium/hive/cell/lifecycle.go:149 msg="Start hook executed" function="*job.queuedJob.Start (jobs)" detail="frontend-events (reconciler.(*ServiceReconciler).processFrontendEvents)" duration=57.184µs
    logger.go:256: time=2026-03-17T14:38:24.387Z level=DEBUG source=/app/vendor/github.com/cilium/hive/cell/lifecycle.go:139 msg="Executing start hook" function="*job.queuedJob.Start (jobs)" detail="module-status-metrics (health.metricPublisher.func2 (.../hive/health/metrics.go:78))"
    logger.go:256: time=2026-03-17T14:38:24.388Z level=DEBUG source=/app/vendor/github.com/cilium/hive/cell/lifecycle.go:149 msg="Start hook executed" function="*job.queuedJob.Start (jobs)" detail="module-status-metrics (health.metricPublisher.func2 (.../hive/health/metrics.go:78))" duration=2.673µs
    logger.go:256: time=2026-03-17T14:38:24.388Z level=INFO source=/app/vendor/github.com/cilium/hive/hive.go:389 msg="Started hive" duration=1.732894ms
=== RUN   Test_ServiceLBReconcilerWithLegacyOriginAttr/Service_(LB)_with_advertisement(LB)_and_legacy_origin_attr_-_matching_labels_(eTP=cluster)
=== NAME  Test_ServiceLBReconcilerWithLegacyOriginAttr
    logger.go:256: time=2026-03-17T14:38:24.388Z level=DEBUG source=/app/vendor/github.com/cilium/hive/job/oneshot.go:136 msg="Starting one-shot job" module=service-reconciler-test name=frontend-events func=reconciler.(*ServiceReconciler).processFrontendEvents
    logger.go:256: time=2026-03-17T14:38:24.388Z level=DEBUG source=/app/pkg/hive/health/provider.go:89 msg="upserting health status" module=health lastLevel=none reporter-id=service-reconciler-test.job-frontend-events status="service-reconciler-test.job-frontend-events: [OK] Running"
    logger.go:256: time=2026-03-17T14:38:24.388Z level=DEBUG source=/app/pkg/bgp/manager/reconciler/service.go:204 msg="performing all services reconciliation" module=service-reconciler-test
    logger.go:256: time=2026-03-17T14:38:24.388Z level=DEBUG source=/app/pkg/bgp/manager/reconciler/policies.go:123 msg="Adding route policy" module=service-reconciler-test instance=bgp-65001 policy=red-peer-65001-ipv4-Service-red-svc-non-default-LoadBalancerIP
    logger.go:256: time=2026-03-17T14:38:24.388Z level=DEBUG source=/app/pkg/bgp/manager/reconciler/policies.go:123 msg="Adding route policy" module=service-reconciler-test instance=bgp-65001 policy=red-peer-65001-ipv6-Service-red-svc-non-default-LoadBalancerIP
    logger.go:256: time=2026-03-17T14:38:24.388Z level=DEBUG source=/app/pkg/bgp/manager/reconciler/policies.go:213 msg="Resetting peer due to a routing policy change" module=service-reconciler-test instance=bgp-65001 peer=10.10.10.1 direction=out
    logger.go:256: time=2026-03-17T14:38:24.388Z level=DEBUG source=/app/pkg/bgp/manager/reconciler/paths.go:238 msg="Advertising path" module=service-reconciler-test instance=bgp-65001 resource=non-default/red-svc path=2001:db8::1/128 family=ipv6-unicast
    logger.go:256: time=2026-03-17T14:38:24.388Z level=DEBUG source=/app/pkg/bgp/manager/reconciler/paths.go:238 msg="Advertising path" module=service-reconciler-test instance=bgp-65001 resource=non-default/red-svc path=192.168.0.1/32 family=ipv4-unicast
    logger.go:256: time=2026-03-17T14:38:24.388Z level=DEBUG source=/app/pkg/bgp/manager/reconciler/service.go:212 msg="performing modified services reconciliation" module=service-reconciler-test
    logger.go:256: time=2026-03-17T14:38:24.388Z level=INFO source=/app/vendor/github.com/cilium/hive/hive.go:401 msg="Stopping hive"
    logger.go:256: time=2026-03-17T14:38:24.388Z level=DEBUG source=/app/vendor/github.com/cilium/hive/cell/lifecycle.go:184 msg="Executing stop hook" function="*job.queuedJob.Stop (jobs)" detail="module-status-metrics (health.metricPublisher.func2 (.../hive/health/metrics.go:78))"
    logger.go:256: time=2026-03-17T14:38:24.388Z level=DEBUG source=/app/vendor/github.com/cilium/hive/job/oneshot.go:136 msg="Starting one-shot job" module=health name=module-status-metrics func="health.metricPublisher.func2 (.../hive/health/metrics.go:78)"
    logger.go:256: time=2026-03-17T14:38:24.388Z level=DEBUG source=/app/pkg/hive/health/provider.go:89 msg="upserting health status" module=health lastLevel=none reporter-id=health.job-module-status-metrics status="health.job-module-status-metrics: [OK] Running"
    logger.go:256: time=2026-03-17T14:38:24.388Z level=DEBUG source=/app/pkg/hive/health/provider.go:144 msg="stopping health reporter" module=health reporter-id=health.job-module-status-metrics
    logger.go:256: time=2026-03-17T14:38:24.388Z level=DEBUG source=/app/vendor/github.com/cilium/hive/cell/lifecycle.go:194 msg="Stop hook executed" function="*job.queuedJob.Stop (jobs)" detail="module-status-metrics (health.metricPublisher.func2 (.../hive/health/metrics.go:78))" duration=165.593µs
    logger.go:256: time=2026-03-17T14:38:24.388Z level=DEBUG source=/app/vendor/github.com/cilium/hive/cell/lifecycle.go:184 msg="Executing stop hook" function="*job.queuedJob.Stop (jobs)" detail="frontend-events (reconciler.(*ServiceReconciler).processFrontendEvents)"
    logger.go:256: time=2026-03-17T14:38:24.388Z level=DEBUG source=/app/pkg/hive/health/provider.go:144 msg="stopping health reporter" module=health reporter-id=service-reconciler-test.job-frontend-events
    logger.go:256: time=2026-03-17T14:38:24.388Z level=DEBUG source=/app/vendor/github.com/cilium/hive/cell/lifecycle.go:194 msg="Stop hook executed" function="*job.queuedJob.Stop (jobs)" detail="frontend-events (reconciler.(*ServiceReconciler).processFrontendEvents)" duration=35.483µs
    logger.go:256: time=2026-03-17T14:38:24.388Z level=DEBUG source=/app/vendor/github.com/cilium/hive/cell/lifecycle.go:184 msg="Executing stop hook" function="*health.provider.Stop (health)"
    logger.go:256: time=2026-03-17T14:38:24.388Z level=DEBUG source=/app/vendor/github.com/cilium/hive/cell/lifecycle.go:194 msg="Stop hook executed" function="*health.provider.Stop (health)" duration=243ns
    logger.go:256: time=2026-03-17T14:38:24.388Z level=DEBUG source=/app/vendor/github.com/cilium/hive/cell/lifecycle.go:184 msg="Executing stop hook" function="*job.registry.Stop (jobs)"
    logger.go:256: time=2026-03-17T14:38:24.388Z level=DEBUG source=/app/vendor/github.com/cilium/hive/cell/lifecycle.go:194 msg="Stop hook executed" function="*job.registry.Stop (jobs)" duration=2.4µs
    logger.go:256: time=2026-03-17T14:38:24.388Z level=DEBUG source=/app/vendor/github.com/cilium/hive/cell/lifecycle.go:184 msg="Executing stop hook" function="statedb.newHiveDB.func2 (.../cilium/statedb/cell.go:37) (statedb)"
    logger.go:256: time=2026-03-17T14:38:24.389Z level=DEBUG source=/app/vendor/github.com/cilium/hive/cell/lifecycle.go:194 msg="Stop hook executed" function="statedb.newHiveDB.func2 (.../cilium/statedb/cell.go:37) (statedb)" duration=3.158µs
    logger.go:256: time=2026-03-17T14:38:24.389Z level=INFO source=/app/vendor/github.com/cilium/hive/hive.go:405 msg="Stopped hive" duration=424.483µs
--- PASS: Test_ServiceLBReconcilerWithLegacyOriginAttr (0.01s)
    --- PASS: Test_ServiceLBReconcilerWithLegacyOriginAttr/Service_(LB)_with_advertisement(LB)_and_legacy_origin_attr_-_matching_labels_(eTP=cluster) (0.00s)
=== RUN   Test_ServiceExternalIPReconciler
    logger.go:256: time=2026-03-17T14:38:24.390Z level=DEBUG source=/app/vendor/github.com/cilium/hive/cell/invoke.go:38 msg=Invoking function="reconciler.newServiceTestFixture.func5 (.../manager/reconciler/service_test.go:2742)"
    logger.go:256: time=2026-03-17T14:38:24.390Z level=DEBUG source=/app/vendor/github.com/cilium/hive/cell/invoke.go:59 msg=Invoked duration=79.731µs function="reconciler.newServiceTestFixture.func5 (.../manager/reconciler/service_test.go:2742)"
    logger.go:256: time=2026-03-17T14:38:24.390Z level=DEBUG source=/app/vendor/github.com/cilium/hive/cell/invoke.go:38 msg=Invoking function="reconciler.newServiceTestFixture.func6 (.../manager/reconciler/service_test.go:2746)"
    logger.go:256: time=2026-03-17T14:38:24.390Z level=DEBUG source=/app/vendor/github.com/cilium/hive/cell/invoke.go:59 msg=Invoked duration=186.036µs function="reconciler.newServiceTestFixture.func6 (.../manager/reconciler/service_test.go:2746)"
    logger.go:256: time=2026-03-17T14:38:24.390Z level=DEBUG source=/app/vendor/github.com/cilium/hive/cell/invoke.go:38 msg=Invoking function="health.metricPublisher (.../hive/health/metrics.go:59)"
    logger.go:256: time=2026-03-17T14:38:24.390Z level=DEBUG source=/app/vendor/github.com/cilium/hive/cell/invoke.go:59 msg=Invoked duration=51.077µs function="health.metricPublisher (.../hive/health/metrics.go:59)"
    logger.go:256: time=2026-03-17T14:38:24.395Z level=INFO source=/app/vendor/github.com/cilium/hive/hive.go:385 msg="Starting hive"
    logger.go:256: time=2026-03-17T14:38:24.395Z level=DEBUG source=/app/vendor/github.com/cilium/hive/cell/lifecycle.go:139 msg="Executing start hook" function="statedb.newHiveDB.func1 (.../cilium/statedb/cell.go:34) (statedb)"
    logger.go:256: time=2026-03-17T14:38:24.395Z level=DEBUG source=/app/vendor/github.com/cilium/hive/cell/lifecycle.go:149 msg="Start hook executed" function="statedb.newHiveDB.func1 (.../cilium/statedb/cell.go:34) (statedb)" duration=8.883µs
    logger.go:256: time=2026-03-17T14:38:24.395Z level=DEBUG source=/app/vendor/github.com/cilium/hive/cell/lifecycle.go:139 msg="Executing start hook" function="*job.registry.Start (jobs)"
    logger.go:256: time=2026-03-17T14:38:24.395Z level=DEBUG source=/app/vendor/github.com/cilium/hive/cell/lifecycle.go:149 msg="Start hook executed" function="*job.registry.Start (jobs)" duration=842ns
    logger.go:256: time=2026-03-17T14:38:24.395Z level=DEBUG source=/app/vendor/github.com/cilium/hive/cell/lifecycle.go:139 msg="Executing start hook" function="*health.provider.Start (health)"
    logger.go:256: time=2026-03-17T14:38:24.395Z level=DEBUG source=/app/vendor/github.com/cilium/hive/cell/lifecycle.go:149 msg="Start hook executed" function="*health.provider.Start (health)" duration=244ns
    logger.go:256: time=2026-03-17T14:38:24.395Z level=DEBUG source=/app/vendor/github.com/cilium/hive/cell/lifecycle.go:139 msg="Executing start hook" function="*job.queuedJob.Start (jobs)" detail="frontend-events (reconciler.(*ServiceReconciler).processFrontendEvents)"
    logger.go:256: time=2026-03-17T14:38:24.395Z level=DEBUG source=/app/vendor/github.com/cilium/hive/cell/lifecycle.go:149 msg="Start hook executed" function="*job.queuedJob.Start (jobs)" detail="frontend-events (reconciler.(*ServiceReconciler).processFrontendEvents)" duration=3.166µs
    logger.go:256: time=2026-03-17T14:38:24.395Z level=DEBUG source=/app/vendor/github.com/cilium/hive/cell/lifecycle.go:139 msg="Executing start hook" function="*job.queuedJob.Start (jobs)" detail="module-status-metrics (health.metricPublisher.func2 (.../hive/health/metrics.go:78))"
    logger.go:256: time=2026-03-17T14:38:24.395Z level=DEBUG source=/app/vendor/github.com/cilium/hive/cell/lifecycle.go:149 msg="Start hook executed" function="*job.queuedJob.Start (jobs)" detail="module-status-metrics (health.metricPublisher.func2 (.../hive/health/metrics.go:78))" duration=872ns
    logger.go:256: time=2026-03-17T14:38:24.395Z level=INFO source=/app/vendor/github.com/cilium/hive/hive.go:389 msg="Started hive" duration=196.617µs
=== RUN   Test_ServiceExternalIPReconciler/Service_(External)_with_advertisement(_empty_)
=== NAME  Test_ServiceExternalIPReconciler
    logger.go:256: time=2026-03-17T14:38:24.395Z level=DEBUG source=/app/pkg/bgp/manager/reconciler/service.go:204 msg="performing all services reconciliation" module=service-reconciler-test
    logger.go:256: time=2026-03-17T14:38:24.395Z level=DEBUG source=/app/pkg/bgp/manager/reconciler/service.go:212 msg="performing modified services reconciliation" module=service-reconciler-test
=== RUN   Test_ServiceExternalIPReconciler/Service_(External)_with_advertisement(External)_-_mismatch_labels
=== NAME  Test_ServiceExternalIPReconciler
    logger.go:256: time=2026-03-17T14:38:24.395Z level=DEBUG source=/app/pkg/bgp/manager/reconciler/service.go:204 msg="performing all services reconciliation" module=service-reconciler-test
    logger.go:256: time=2026-03-17T14:38:24.395Z level=DEBUG source=/app/pkg/bgp/manager/reconciler/service.go:212 msg="performing modified services reconciliation" module=service-reconciler-test
=== RUN   Test_ServiceExternalIPReconciler/Service_(External)_with_advertisement(External)_-_matching_labels_(eTP=cluster)
=== NAME  Test_ServiceExternalIPReconciler
    logger.go:256: time=2026-03-17T14:38:24.395Z level=DEBUG source=/app/pkg/bgp/manager/reconciler/service.go:204 msg="performing all services reconciliation" module=service-reconciler-test
    logger.go:256: time=2026-03-17T14:38:24.395Z level=DEBUG source=/app/pkg/bgp/manager/reconciler/policies.go:123 msg="Adding route policy" module=service-reconciler-test instance=bgp-65001 policy=red-peer-65001-ipv4-Service-red-svc-non-default-ExternalIP
    logger.go:256: time=2026-03-17T14:38:24.395Z level=DEBUG source=/app/pkg/bgp/manager/reconciler/policies.go:123 msg="Adding route policy" module=service-reconciler-test instance=bgp-65001 policy=red-peer-65001-ipv6-Service-red-svc-non-default-ExternalIP
    logger.go:256: time=2026-03-17T14:38:24.395Z level=DEBUG source=/app/pkg/bgp/manager/reconciler/policies.go:213 msg="Resetting peer due to a routing policy change" module=service-reconciler-test instance=bgp-65001 peer=10.10.10.1 direction=out
    logger.go:256: time=2026-03-17T14:38:24.395Z level=DEBUG source=/app/pkg/bgp/manager/reconciler/paths.go:238 msg="Advertising path" module=service-reconciler-test instance=bgp-65001 resource=non-default/red-svc path=2001:db8::2/128 family=ipv6-unicast
    logger.go:256: time=2026-03-17T14:38:24.395Z level=DEBUG source=/app/pkg/bgp/manager/reconciler/paths.go:238 msg="Advertising path" module=service-reconciler-test instance=bgp-65001 resource=non-default/red-svc path=192.168.0.2/32 family=ipv4-unicast
    logger.go:256: time=2026-03-17T14:38:24.395Z level=DEBUG source=/app/pkg/bgp/manager/reconciler/service.go:212 msg="performing modified services reconciliation" module=service-reconciler-test
=== RUN   Test_ServiceExternalIPReconciler/Service_(External)_with_advertisement(External)_and_routes_aggregation_-_matching_labels_(eTP=cluster,_iTP=local)
=== NAME  Test_ServiceExternalIPReconciler
    logger.go:256: time=2026-03-17T14:38:24.396Z level=DEBUG source=/app/pkg/bgp/manager/reconciler/service.go:204 msg="performing all services reconciliation" module=service-reconciler-test
    logger.go:256: time=2026-03-17T14:38:24.396Z level=DEBUG source=/app/pkg/bgp/manager/reconciler/policies.go:143 msg="Updating (re-creating) route policy" module=service-reconciler-test instance=bgp-65001 policy=red-peer-65001-ipv4-Service-red-svc-non-default-ExternalIP
    logger.go:256: time=2026-03-17T14:38:24.396Z level=DEBUG source=/app/pkg/bgp/manager/reconciler/policies.go:143 msg="Updating (re-creating) route policy" module=service-reconciler-test instance=bgp-65001 policy=red-peer-65001-ipv6-Service-red-svc-non-default-ExternalIP
    logger.go:256: time=2026-03-17T14:38:24.396Z level=DEBUG source=/app/pkg/bgp/manager/reconciler/policies.go:213 msg="Resetting peer due to a routing policy change" module=service-reconciler-test instance=bgp-65001 peer=10.10.10.1 direction=out
    logger.go:256: time=2026-03-17T14:38:24.396Z level=DEBUG source=/app/pkg/bgp/manager/reconciler/paths.go:269 msg="Withdrawing path" module=service-reconciler-test instance=bgp-65001 resource=non-default/red-svc path=192.168.0.2/32
    logger.go:256: time=2026-03-17T14:38:24.396Z level=DEBUG source=/app/pkg/bgp/manager/reconciler/paths.go:238 msg="Advertising path" module=service-reconciler-test instance=bgp-65001 resource=non-default/red-svc path=192.168.0.0/24 family=ipv4-unicast
    logger.go:256: time=2026-03-17T14:38:24.396Z level=DEBUG source=/app/pkg/bgp/manager/reconciler/paths.go:269 msg="Withdrawing path" module=service-reconciler-test instance=bgp-65001 resource=non-default/red-svc path=2001:db8::2/128
    logger.go:256: time=2026-03-17T14:38:24.396Z level=DEBUG source=/app/pkg/bgp/manager/reconciler/paths.go:238 msg="Advertising path" module=service-reconciler-test instance=bgp-65001 resource=non-default/red-svc path=2001:db8::/120 family=ipv6-unicast
    logger.go:256: time=2026-03-17T14:38:24.396Z level=DEBUG source=/app/pkg/bgp/manager/reconciler/service.go:212 msg="performing modified services reconciliation" module=service-reconciler-test
=== RUN   Test_ServiceExternalIPReconciler/Service_(External)_with_advertisement(External)_and_routes_aggregation_-_matching_labels_(eTP=local,_iTP=cluster_-_no_aggregation)
=== NAME  Test_ServiceExternalIPReconciler
    logger.go:256: time=2026-03-17T14:38:24.396Z level=DEBUG source=/app/pkg/bgp/manager/reconciler/service.go:212 msg="performing modified services reconciliation" module=service-reconciler-test
    logger.go:256: time=2026-03-17T14:38:24.396Z level=DEBUG source=/app/pkg/bgp/manager/reconciler/policies.go:143 msg="Updating (re-creating) route policy" module=service-reconciler-test instance=bgp-65001 policy=red-peer-65001-ipv6-Service-red-svc-non-default-ExternalIP
    logger.go:256: time=2026-03-17T14:38:24.396Z level=DEBUG source=/app/pkg/bgp/manager/reconciler/policies.go:143 msg="Updating (re-creating) route policy" module=service-reconciler-test instance=bgp-65001 policy=red-peer-65001-ipv4-Service-red-svc-non-default-ExternalIP
    logger.go:256: time=2026-03-17T14:38:24.396Z level=DEBUG source=/app/pkg/bgp/manager/reconciler/policies.go:213 msg="Resetting peer due to a routing policy change" module=service-reconciler-test instance=bgp-65001 peer=10.10.10.1 direction=out
    logger.go:256: time=2026-03-17T14:38:24.396Z level=DEBUG source=/app/pkg/bgp/manager/reconciler/paths.go:269 msg="Withdrawing path" module=service-reconciler-test instance=bgp-65001 resource=non-default/red-svc path=192.168.0.0/24
    logger.go:256: time=2026-03-17T14:38:24.396Z level=DEBUG source=/app/pkg/bgp/manager/reconciler/paths.go:238 msg="Advertising path" module=service-reconciler-test instance=bgp-65001 resource=non-default/red-svc path=192.168.0.2/32 family=ipv4-unicast
    logger.go:256: time=2026-03-17T14:38:24.396Z level=DEBUG source=/app/pkg/bgp/manager/reconciler/paths.go:269 msg="Withdrawing path" module=service-reconciler-test instance=bgp-65001 resource=non-default/red-svc path=2001:db8::/120
    logger.go:256: time=2026-03-17T14:38:24.396Z level=DEBUG source=/app/pkg/bgp/manager/reconciler/paths.go:238 msg="Advertising path" module=service-reconciler-test instance=bgp-65001 resource=non-default/red-svc path=2001:db8::2/128 family=ipv6-unicast
    logger.go:256: time=2026-03-17T14:38:24.396Z level=DEBUG source=/app/pkg/bgp/manager/reconciler/service.go:212 msg="performing modified services reconciliation" module=service-reconciler-test
=== RUN   Test_ServiceExternalIPReconciler/Service_(External)_with_advertisement(External)_-_matching_labels_(eTP=local,_ep_on_node)
=== NAME  Test_ServiceExternalIPReconciler
    logger.go:256: time=2026-03-17T14:38:24.396Z level=DEBUG source=/app/pkg/bgp/manager/reconciler/service.go:204 msg="performing all services reconciliation" module=service-reconciler-test
    logger.go:256: time=2026-03-17T14:38:24.397Z level=DEBUG source=/app/pkg/bgp/manager/reconciler/paths.go:204 msg="no reconciliation necessary" module=service-reconciler-test instance=bgp-65001 resource=non-default/red-svc
    logger.go:256: time=2026-03-17T14:38:24.397Z level=DEBUG source=/app/pkg/bgp/manager/reconciler/paths.go:204 msg="no reconciliation necessary" module=service-reconciler-test instance=bgp-65001 resource=non-default/red-svc
    logger.go:256: time=2026-03-17T14:38:24.397Z level=DEBUG source=/app/pkg/bgp/manager/reconciler/service.go:212 msg="performing modified services reconciliation" module=service-reconciler-test
=== RUN   Test_ServiceExternalIPReconciler/Service_(External)_with_advertisement(External)_-_matching_labels_(eTP=local,_mixed_ep)
=== NAME  Test_ServiceExternalIPReconciler
    logger.go:256: time=2026-03-17T14:38:24.397Z level=DEBUG source=/app/pkg/bgp/manager/reconciler/service.go:212 msg="performing modified services reconciliation" module=service-reconciler-test
    logger.go:256: time=2026-03-17T14:38:24.397Z level=DEBUG source=/app/pkg/bgp/manager/reconciler/paths.go:204 msg="no reconciliation necessary" module=service-reconciler-test instance=bgp-65001 resource=non-default/red-svc
    logger.go:256: time=2026-03-17T14:38:24.397Z level=DEBUG source=/app/vendor/github.com/cilium/hive/job/oneshot.go:136 msg="Starting one-shot job" module=service-reconciler-test name=frontend-events func=reconciler.(*ServiceReconciler).processFrontendEvents
    logger.go:256: time=2026-03-17T14:38:24.397Z level=DEBUG source=/app/pkg/hive/health/provider.go:89 msg="upserting health status" module=health lastLevel=none reporter-id=service-reconciler-test.job-frontend-events status="service-reconciler-test.job-frontend-events: [OK] Running"
    logger.go:256: time=2026-03-17T14:38:24.397Z level=DEBUG source=/app/vendor/github.com/cilium/hive/job/oneshot.go:136 msg="Starting one-shot job" module=health name=module-status-metrics func="health.metricPublisher.func2 (.../hive/health/metrics.go:78)"
    logger.go:256: time=2026-03-17T14:38:24.397Z level=DEBUG source=/app/pkg/hive/health/provider.go:89 msg="upserting health status" module=health lastLevel=none reporter-id=health.job-module-status-metrics status="health.job-module-status-metrics: [OK] Running"
    logger.go:256: time=2026-03-17T14:38:24.409Z level=DEBUG source=/app/pkg/bgp/manager/reconciler/paths.go:204 msg="no reconciliation necessary" module=service-reconciler-test instance=bgp-65001 resource=non-default/red-svc
    logger.go:256: time=2026-03-17T14:38:24.409Z level=DEBUG source=/app/pkg/bgp/manager/reconciler/service.go:212 msg="performing modified services reconciliation" module=service-reconciler-test
=== RUN   Test_ServiceExternalIPReconciler/Service_(External)_with_advertisement(External)_-_matching_labels_(eTP=local,_ep_on_remote)
=== NAME  Test_ServiceExternalIPReconciler
    logger.go:256: time=2026-03-17T14:38:24.409Z level=DEBUG source=/app/pkg/bgp/manager/reconciler/service.go:212 msg="performing modified services reconciliation" module=service-reconciler-test
    logger.go:256: time=2026-03-17T14:38:24.409Z level=DEBUG source=/app/pkg/bgp/manager/reconciler/policies.go:168 msg="Removing route policy" module=service-reconciler-test instance=bgp-65001 policy=red-peer-65001-ipv6-Service-red-svc-non-default-ExternalIP
    logger.go:256: time=2026-03-17T14:38:24.409Z level=DEBUG source=/app/pkg/bgp/manager/reconciler/policies.go:168 msg="Removing route policy" module=service-reconciler-test instance=bgp-65001 policy=red-peer-65001-ipv4-Service-red-svc-non-default-ExternalIP
    logger.go:256: time=2026-03-17T14:38:24.409Z level=DEBUG source=/app/pkg/bgp/manager/reconciler/policies.go:213 msg="Resetting peer due to a routing policy change" module=service-reconciler-test instance=bgp-65001 peer=10.10.10.1 direction=out
    logger.go:256: time=2026-03-17T14:38:24.409Z level=DEBUG source=/app/pkg/bgp/manager/reconciler/paths.go:269 msg="Withdrawing path" module=service-reconciler-test instance=bgp-65001 resource=non-default/red-svc family=ipv6-unicast path=2001:db8::2/128
    logger.go:256: time=2026-03-17T14:38:24.409Z level=DEBUG source=/app/pkg/bgp/manager/reconciler/paths.go:269 msg="Withdrawing path" module=service-reconciler-test instance=bgp-65001 resource=non-default/red-svc family=ipv4-unicast path=192.168.0.2/32
    logger.go:256: time=2026-03-17T14:38:24.409Z level=DEBUG source=/app/pkg/bgp/manager/reconciler/service.go:212 msg="performing modified services reconciliation" module=service-reconciler-test
=== RUN   Test_ServiceExternalIPReconciler/Service_(External)_with_overlapping_advertisement(External)_-_matching_labels_(eTP=cluster)
=== NAME  Test_ServiceExternalIPReconciler
    logger.go:256: time=2026-03-17T14:38:24.410Z level=DEBUG source=/app/pkg/bgp/manager/reconciler/service.go:204 msg="performing all services reconciliation" module=service-reconciler-test
    logger.go:256: time=2026-03-17T14:38:24.410Z level=DEBUG source=/app/pkg/bgp/manager/reconciler/policies.go:123 msg="Adding route policy" module=service-reconciler-test instance=bgp-65001 policy=red-peer-65001-ipv4-Service-red-svc-non-default-ExternalIP
    logger.go:256: time=2026-03-17T14:38:24.410Z level=DEBUG source=/app/pkg/bgp/manager/reconciler/policies.go:123 msg="Adding route policy" module=service-reconciler-test instance=bgp-65001 policy=red-peer-65001-ipv6-Service-red-svc-non-default-ExternalIP
    logger.go:256: time=2026-03-17T14:38:24.410Z level=DEBUG source=/app/pkg/bgp/manager/reconciler/policies.go:213 msg="Resetting peer due to a routing policy change" module=service-reconciler-test instance=bgp-65001 peer=10.10.10.1 direction=out
    logger.go:256: time=2026-03-17T14:38:24.410Z level=DEBUG source=/app/pkg/bgp/manager/reconciler/paths.go:238 msg="Advertising path" module=service-reconciler-test instance=bgp-65001 resource=non-default/red-svc path=192.168.0.2/32 family=ipv4-unicast
    logger.go:256: time=2026-03-17T14:38:24.410Z level=DEBUG source=/app/pkg/bgp/manager/reconciler/paths.go:238 msg="Advertising path" module=service-reconciler-test instance=bgp-65001 resource=non-default/red-svc path=2001:db8::2/128 family=ipv6-unicast
    logger.go:256: time=2026-03-17T14:38:24.410Z level=DEBUG source=/app/pkg/bgp/manager/reconciler/service.go:212 msg="performing modified services reconciliation" module=service-reconciler-test
    logger.go:256: time=2026-03-17T14:38:24.410Z level=INFO source=/app/vendor/github.com/cilium/hive/hive.go:401 msg="Stopping hive"
    logger.go:256: time=2026-03-17T14:38:24.410Z level=DEBUG source=/app/vendor/github.com/cilium/hive/cell/lifecycle.go:184 msg="Executing stop hook" function="*job.queuedJob.Stop (jobs)" detail="module-status-metrics (health.metricPublisher.func2 (.../hive/health/metrics.go:78))"
    logger.go:256: time=2026-03-17T14:38:24.410Z level=DEBUG source=/app/pkg/hive/health/provider.go:144 msg="stopping health reporter" module=health reporter-id=health.job-module-status-metrics
    logger.go:256: time=2026-03-17T14:38:24.410Z level=DEBUG source=/app/vendor/github.com/cilium/hive/cell/lifecycle.go:194 msg="Stop hook executed" function="*job.queuedJob.Stop (jobs)" detail="module-status-metrics (health.metricPublisher.func2 (.../hive/health/metrics.go:78))" duration=71.099µs
    logger.go:256: time=2026-03-17T14:38:24.410Z level=DEBUG source=/app/vendor/github.com/cilium/hive/cell/lifecycle.go:184 msg="Executing stop hook" function="*job.queuedJob.Stop (jobs)" detail="frontend-events (reconciler.(*ServiceReconciler).processFrontendEvents)"
    logger.go:256: time=2026-03-17T14:38:24.410Z level=DEBUG source=/app/pkg/hive/health/provider.go:144 msg="stopping health reporter" module=health reporter-id=service-reconciler-test.job-frontend-events
    logger.go:256: time=2026-03-17T14:38:24.410Z level=DEBUG source=/app/vendor/github.com/cilium/hive/cell/lifecycle.go:194 msg="Stop hook executed" function="*job.queuedJob.Stop (jobs)" detail="frontend-events (reconciler.(*ServiceReconciler).processFrontendEvents)" duration=37.437µs
    logger.go:256: time=2026-03-17T14:38:24.410Z level=DEBUG source=/app/vendor/github.com/cilium/hive/cell/lifecycle.go:184 msg="Executing stop hook" function="*health.provider.Stop (health)"
    logger.go:256: time=2026-03-17T14:38:24.410Z level=DEBUG source=/app/vendor/github.com/cilium/hive/cell/lifecycle.go:194 msg="Stop hook executed" function="*health.provider.Stop (health)" duration=138ns
    logger.go:256: time=2026-03-17T14:38:24.410Z level=DEBUG source=/app/vendor/github.com/cilium/hive/cell/lifecycle.go:184 msg="Executing stop hook" function="*job.registry.Stop (jobs)"
    logger.go:256: time=2026-03-17T14:38:24.410Z level=DEBUG source=/app/vendor/github.com/cilium/hive/cell/lifecycle.go:194 msg="Stop hook executed" function="*job.registry.Stop (jobs)" duration=2.219µs
    logger.go:256: time=2026-03-17T14:38:24.410Z level=DEBUG source=/app/vendor/github.com/cilium/hive/cell/lifecycle.go:184 msg="Executing stop hook" function="statedb.newHiveDB.func2 (.../cilium/statedb/cell.go:37) (statedb)"
    logger.go:256: time=2026-03-17T14:38:24.410Z level=DEBUG source=/app/vendor/github.com/cilium/hive/cell/lifecycle.go:194 msg="Stop hook executed" function="statedb.newHiveDB.func2 (.../cilium/statedb/cell.go:37) (statedb)" duration=2.902µs
    logger.go:256: time=2026-03-17T14:38:24.410Z level=INFO source=/app/vendor/github.com/cilium/hive/hive.go:405 msg="Stopped hive" duration=286.098µs
--- PASS: Test_ServiceExternalIPReconciler (0.02s)
    --- PASS: Test_ServiceExternalIPReconciler/Service_(External)_with_advertisement(_empty_) (0.00s)
    --- PASS: Test_ServiceExternalIPReconciler/Service_(External)_with_advertisement(External)_-_mismatch_labels (0.00s)
    --- PASS: Test_ServiceExternalIPReconciler/Service_(External)_with_advertisement(External)_-_matching_labels_(eTP=cluster) (0.00s)
    --- PASS: Test_ServiceExternalIPReconciler/Service_(External)_with_advertisement(External)_and_routes_aggregation_-_matching_labels_(eTP=cluster,_iTP=local) (0.00s)
    --- PASS: Test_ServiceExternalIPReconciler/Service_(External)_with_advertisement(External)_and_routes_aggregation_-_matching_labels_(eTP=local,_iTP=cluster_-_no_aggregation) (0.00s)
    --- PASS: Test_ServiceExternalIPReconciler/Service_(External)_with_advertisement(External)_-_matching_labels_(eTP=local,_ep_on_node) (0.00s)
    --- PASS: Test_ServiceExternalIPReconciler/Service_(External)_with_advertisement(External)_-_matching_labels_(eTP=local,_mixed_ep) (0.01s)
    --- PASS: Test_ServiceExternalIPReconciler/Service_(External)_with_advertisement(External)_-_matching_labels_(eTP=local,_ep_on_remote) (0.00s)
    --- PASS: Test_ServiceExternalIPReconciler/Service_(External)_with_overlapping_advertisement(External)_-_matching_labels_(eTP=cluster) (0.00s)
=== RUN   Test_ServiceClusterIPReconciler
    logger.go:256: time=2026-03-17T14:38:24.411Z level=DEBUG source=/app/vendor/github.com/cilium/hive/cell/invoke.go:38 msg=Invoking function="reconciler.newServiceTestFixture.func5 (.../manager/reconciler/service_test.go:2742)"
    logger.go:256: time=2026-03-17T14:38:24.411Z level=DEBUG source=/app/vendor/github.com/cilium/hive/cell/invoke.go:59 msg=Invoked duration=77.154µs function="reconciler.newServiceTestFixture.func5 (.../manager/reconciler/service_test.go:2742)"
    logger.go:256: time=2026-03-17T14:38:24.411Z level=DEBUG source=/app/vendor/github.com/cilium/hive/cell/invoke.go:38 msg=Invoking function="reconciler.newServiceTestFixture.func6 (.../manager/reconciler/service_test.go:2746)"
    logger.go:256: time=2026-03-17T14:38:24.412Z level=DEBUG source=/app/vendor/github.com/cilium/hive/cell/invoke.go:59 msg=Invoked duration=212.065µs function="reconciler.newServiceTestFixture.func6 (.../manager/reconciler/service_test.go:2746)"
    logger.go:256: time=2026-03-17T14:38:24.412Z level=DEBUG source=/app/vendor/github.com/cilium/hive/cell/invoke.go:38 msg=Invoking function="health.metricPublisher (.../hive/health/metrics.go:59)"
    logger.go:256: time=2026-03-17T14:38:24.412Z level=DEBUG source=/app/vendor/github.com/cilium/hive/cell/invoke.go:59 msg=Invoked duration=48.268µs function="health.metricPublisher (.../hive/health/metrics.go:59)"
    logger.go:256: time=2026-03-17T14:38:24.412Z level=INFO source=/app/vendor/github.com/cilium/hive/hive.go:385 msg="Starting hive"
    logger.go:256: time=2026-03-17T14:38:24.412Z level=DEBUG source=/app/vendor/github.com/cilium/hive/cell/lifecycle.go:139 msg="Executing start hook" function="statedb.newHiveDB.func1 (.../cilium/statedb/cell.go:34) (statedb)"
    logger.go:256: time=2026-03-17T14:38:24.412Z level=DEBUG source=/app/vendor/github.com/cilium/hive/cell/lifecycle.go:149 msg="Start hook executed" function="statedb.newHiveDB.func1 (.../cilium/statedb/cell.go:34) (statedb)" duration=1.578µs
    logger.go:256: time=2026-03-17T14:38:24.412Z level=DEBUG source=/app/vendor/github.com/cilium/hive/cell/lifecycle.go:139 msg="Executing start hook" function="*job.registry.Start (jobs)"
    logger.go:256: time=2026-03-17T14:38:24.412Z level=DEBUG source=/app/vendor/github.com/cilium/hive/cell/lifecycle.go:149 msg="Start hook executed" function="*job.registry.Start (jobs)" duration=310ns
    logger.go:256: time=2026-03-17T14:38:24.412Z level=DEBUG source=/app/vendor/github.com/cilium/hive/cell/lifecycle.go:139 msg="Executing start hook" function="*health.provider.Start (health)"
    logger.go:256: time=2026-03-17T14:38:24.412Z level=DEBUG source=/app/vendor/github.com/cilium/hive/cell/lifecycle.go:149 msg="Start hook executed" function="*health.provider.Start (health)" duration=109ns
    logger.go:256: time=2026-03-17T14:38:24.412Z level=DEBUG source=/app/vendor/github.com/cilium/hive/cell/lifecycle.go:139 msg="Executing start hook" function="*job.queuedJob.Start (jobs)" detail="frontend-events (reconciler.(*ServiceReconciler).processFrontendEvents)"
    logger.go:256: time=2026-03-17T14:38:24.412Z level=DEBUG source=/app/vendor/github.com/cilium/hive/cell/lifecycle.go:149 msg="Start hook executed" function="*job.queuedJob.Start (jobs)" detail="frontend-events (reconciler.(*ServiceReconciler).processFrontendEvents)" duration=2.428µs
    logger.go:256: time=2026-03-17T14:38:24.412Z level=DEBUG source=/app/vendor/github.com/cilium/hive/cell/lifecycle.go:139 msg="Executing start hook" function="*job.queuedJob.Start (jobs)" detail="module-status-metrics (health.metricPublisher.func2 (.../hive/health/metrics.go:78))"
    logger.go:256: time=2026-03-17T14:38:24.412Z level=DEBUG source=/app/vendor/github.com/cilium/hive/cell/lifecycle.go:149 msg="Start hook executed" function="*job.queuedJob.Start (jobs)" detail="module-status-metrics (health.metricPublisher.func2 (.../hive/health/metrics.go:78))" duration=1.988µs
    logger.go:256: time=2026-03-17T14:38:24.412Z level=INFO source=/app/vendor/github.com/cilium/hive/hive.go:389 msg="Started hive" duration=201.534µs
=== RUN   Test_ServiceClusterIPReconciler/Service_(Cluster)_with_advertisement(_empty_)
=== NAME  Test_ServiceClusterIPReconciler
    logger.go:256: time=2026-03-17T14:38:24.412Z level=DEBUG source=/app/pkg/bgp/manager/reconciler/service.go:204 msg="performing all services reconciliation" module=service-reconciler-test
    logger.go:256: time=2026-03-17T14:38:24.412Z level=DEBUG source=/app/pkg/bgp/manager/reconciler/service.go:212 msg="performing modified services reconciliation" module=service-reconciler-test
=== RUN   Test_ServiceClusterIPReconciler/Service_(Cluster)_with_advertisement(Cluster)_-_mismatch_labels
=== NAME  Test_ServiceClusterIPReconciler
    logger.go:256: time=2026-03-17T14:38:24.412Z level=DEBUG source=/app/pkg/bgp/manager/reconciler/service.go:204 msg="performing all services reconciliation" module=service-reconciler-test
    logger.go:256: time=2026-03-17T14:38:24.412Z level=DEBUG source=/app/pkg/bgp/manager/reconciler/service.go:212 msg="performing modified services reconciliation" module=service-reconciler-test
=== RUN   Test_ServiceClusterIPReconciler/Service_(Cluster)_with_advertisement(Cluster)_-_matching_labels_(iTP=cluster)
=== NAME  Test_ServiceClusterIPReconciler
    logger.go:256: time=2026-03-17T14:38:24.412Z level=DEBUG source=/app/pkg/bgp/manager/reconciler/service.go:204 msg="performing all services reconciliation" module=service-reconciler-test
    logger.go:256: time=2026-03-17T14:38:24.412Z level=DEBUG source=/app/pkg/bgp/manager/reconciler/policies.go:123 msg="Adding route policy" module=service-reconciler-test instance=bgp-65001 policy=red-peer-65001-ipv6-Service-red-svc-non-default-ClusterIP
    logger.go:256: time=2026-03-17T14:38:24.412Z level=DEBUG source=/app/pkg/bgp/manager/reconciler/policies.go:123 msg="Adding route policy" module=service-reconciler-test instance=bgp-65001 policy=red-peer-65001-ipv4-Service-red-svc-non-default-ClusterIP
    logger.go:256: time=2026-03-17T14:38:24.412Z level=DEBUG source=/app/pkg/bgp/manager/reconciler/policies.go:213 msg="Resetting peer due to a routing policy change" module=service-reconciler-test instance=bgp-65001 peer=10.10.10.1 direction=out
    logger.go:256: time=2026-03-17T14:38:24.412Z level=DEBUG source=/app/pkg/bgp/manager/reconciler/paths.go:238 msg="Advertising path" module=service-reconciler-test instance=bgp-65001 resource=non-default/red-svc path=192.168.0.3/32 family=ipv4-unicast
    logger.go:256: time=2026-03-17T14:38:24.413Z level=DEBUG source=/app/pkg/bgp/manager/reconciler/paths.go:238 msg="Advertising path" module=service-reconciler-test instance=bgp-65001 resource=non-default/red-svc path=2001:db8::3/128 family=ipv6-unicast
    logger.go:256: time=2026-03-17T14:38:24.413Z level=DEBUG source=/app/pkg/bgp/manager/reconciler/service.go:212 msg="performing modified services reconciliation" module=service-reconciler-test
=== RUN   Test_ServiceClusterIPReconciler/Service_(Cluster)_with_advertisement(Cluster)_and_routes_aggregation_-_matching_labels_(iTP=cluster)
=== NAME  Test_ServiceClusterIPReconciler
    logger.go:256: time=2026-03-17T14:38:24.413Z level=DEBUG source=/app/pkg/bgp/manager/reconciler/service.go:204 msg="performing all services reconciliation" module=service-reconciler-test
    logger.go:256: time=2026-03-17T14:38:24.413Z level=DEBUG source=/app/pkg/bgp/manager/reconciler/policies.go:143 msg="Updating (re-creating) route policy" module=service-reconciler-test instance=bgp-65001 policy=red-peer-65001-ipv6-Service-red-svc-non-default-ClusterIP
    logger.go:256: time=2026-03-17T14:38:24.413Z level=DEBUG source=/app/vendor/github.com/cilium/hive/job/oneshot.go:136 msg="Starting one-shot job" module=service-reconciler-test name=frontend-events func=reconciler.(*ServiceReconciler).processFrontendEvents
    logger.go:256: time=2026-03-17T14:38:24.413Z level=DEBUG source=/app/pkg/hive/health/provider.go:89 msg="upserting health status" module=health lastLevel=none reporter-id=service-reconciler-test.job-frontend-events status="service-reconciler-test.job-frontend-events: [OK] Running"
    logger.go:256: time=2026-03-17T14:38:24.413Z level=DEBUG source=/app/vendor/github.com/cilium/hive/job/oneshot.go:136 msg="Starting one-shot job" module=health name=module-status-metrics func="health.metricPublisher.func2 (.../hive/health/metrics.go:78)"
    logger.go:256: time=2026-03-17T14:38:24.413Z level=DEBUG source=/app/pkg/hive/health/provider.go:89 msg="upserting health status" module=health lastLevel=none reporter-id=health.job-module-status-metrics status="health.job-module-status-metrics: [OK] Running"
    logger.go:256: time=2026-03-17T14:38:24.413Z level=DEBUG source=/app/pkg/bgp/manager/reconciler/policies.go:143 msg="Updating (re-creating) route policy" module=service-reconciler-test instance=bgp-65001 policy=red-peer-65001-ipv4-Service-red-svc-non-default-ClusterIP
    logger.go:256: time=2026-03-17T14:38:24.413Z level=DEBUG source=/app/pkg/bgp/manager/reconciler/policies.go:213 msg="Resetting peer due to a routing policy change" module=service-reconciler-test instance=bgp-65001 peer=10.10.10.1 direction=out
    logger.go:256: time=2026-03-17T14:38:24.413Z level=DEBUG source=/app/pkg/bgp/manager/reconciler/paths.go:269 msg="Withdrawing path" module=service-reconciler-test instance=bgp-65001 resource=non-default/red-svc path=2001:db8::3/128
    logger.go:256: time=2026-03-17T14:38:24.414Z level=DEBUG source=/app/pkg/bgp/manager/reconciler/paths.go:238 msg="Advertising path" module=service-reconciler-test instance=bgp-65001 resource=non-default/red-svc path=2001:db8::/120 family=ipv6-unicast
    logger.go:256: time=2026-03-17T14:38:24.414Z level=DEBUG source=/app/pkg/bgp/manager/reconciler/paths.go:269 msg="Withdrawing path" module=service-reconciler-test instance=bgp-65001 resource=non-default/red-svc path=192.168.0.3/32
    logger.go:256: time=2026-03-17T14:38:24.414Z level=DEBUG source=/app/pkg/bgp/manager/reconciler/paths.go:238 msg="Advertising path" module=service-reconciler-test instance=bgp-65001 resource=non-default/red-svc path=192.168.0.0/24 family=ipv4-unicast
    logger.go:256: time=2026-03-17T14:38:24.414Z level=DEBUG source=/app/pkg/bgp/manager/reconciler/service.go:212 msg="performing modified services reconciliation" module=service-reconciler-test
=== RUN   Test_ServiceClusterIPReconciler/Service_(Cluster)_with_advertisement(Cluster)_and_routes_aggregation_-_matching_labels_(iTP=local_-_no_aggregation)
=== NAME  Test_ServiceClusterIPReconciler
    logger.go:256: time=2026-03-17T14:38:24.414Z level=DEBUG source=/app/pkg/bgp/manager/reconciler/service.go:212 msg="performing modified services reconciliation" module=service-reconciler-test
    logger.go:256: time=2026-03-17T14:38:24.414Z level=DEBUG source=/app/pkg/bgp/manager/reconciler/policies.go:143 msg="Updating (re-creating) route policy" module=service-reconciler-test instance=bgp-65001 policy=red-peer-65001-ipv4-Service-red-svc-non-default-ClusterIP
    logger.go:256: time=2026-03-17T14:38:24.414Z level=DEBUG source=/app/pkg/bgp/manager/reconciler/policies.go:143 msg="Updating (re-creating) route policy" module=service-reconciler-test instance=bgp-65001 policy=red-peer-65001-ipv6-Service-red-svc-non-default-ClusterIP
    logger.go:256: time=2026-03-17T14:38:24.414Z level=DEBUG source=/app/pkg/bgp/manager/reconciler/policies.go:213 msg="Resetting peer due to a routing policy change" module=service-reconciler-test instance=bgp-65001 peer=10.10.10.1 direction=out
    logger.go:256: time=2026-03-17T14:38:24.415Z level=DEBUG source=/app/pkg/bgp/manager/reconciler/paths.go:269 msg="Withdrawing path" module=service-reconciler-test instance=bgp-65001 resource=non-default/red-svc path=192.168.0.0/24
    logger.go:256: time=2026-03-17T14:38:24.415Z level=DEBUG source=/app/pkg/bgp/manager/reconciler/paths.go:238 msg="Advertising path" module=service-reconciler-test instance=bgp-65001 resource=non-default/red-svc path=192.168.0.3/32 family=ipv4-unicast
    logger.go:256: time=2026-03-17T14:38:24.415Z level=DEBUG source=/app/pkg/bgp/manager/reconciler/paths.go:269 msg="Withdrawing path" module=service-reconciler-test instance=bgp-65001 resource=non-default/red-svc path=2001:db8::/120
    logger.go:256: time=2026-03-17T14:38:24.415Z level=DEBUG source=/app/pkg/bgp/manager/reconciler/paths.go:238 msg="Advertising path" module=service-reconciler-test instance=bgp-65001 resource=non-default/red-svc path=2001:db8::3/128 family=ipv6-unicast
    logger.go:256: time=2026-03-17T14:38:24.415Z level=DEBUG source=/app/pkg/bgp/manager/reconciler/service.go:212 msg="performing modified services reconciliation" module=service-reconciler-test
=== RUN   Test_ServiceClusterIPReconciler/Service_(Cluster)_with_advertisement(Cluster)_-_matching_labels_(iTP=local,_ep_on_node)
=== NAME  Test_ServiceClusterIPReconciler
    logger.go:256: time=2026-03-17T14:38:24.415Z level=DEBUG source=/app/pkg/bgp/manager/reconciler/service.go:204 msg="performing all services reconciliation" module=service-reconciler-test
    logger.go:256: time=2026-03-17T14:38:24.415Z level=DEBUG source=/app/pkg/bgp/manager/reconciler/paths.go:204 msg="no reconciliation necessary" module=service-reconciler-test instance=bgp-65001 resource=non-default/red-svc
    logger.go:256: time=2026-03-17T14:38:24.415Z level=DEBUG source=/app/pkg/bgp/manager/reconciler/paths.go:204 msg="no reconciliation necessary" module=service-reconciler-test instance=bgp-65001 resource=non-default/red-svc
    logger.go:256: time=2026-03-17T14:38:24.415Z level=DEBUG source=/app/pkg/bgp/manager/reconciler/service.go:212 msg="performing modified services reconciliation" module=service-reconciler-test
=== RUN   Test_ServiceClusterIPReconciler/Service_(Cluster)_with_advertisement(Cluster)_-_matching_labels_(iTP=local,_mixed_ep)
=== NAME  Test_ServiceClusterIPReconciler
    logger.go:256: time=2026-03-17T14:38:24.416Z level=DEBUG source=/app/pkg/bgp/manager/reconciler/service.go:212 msg="performing modified services reconciliation" module=service-reconciler-test
    logger.go:256: time=2026-03-17T14:38:24.416Z level=DEBUG source=/app/pkg/bgp/manager/reconciler/paths.go:204 msg="no reconciliation necessary" module=service-reconciler-test instance=bgp-65001 resource=non-default/red-svc
    logger.go:256: time=2026-03-17T14:38:24.416Z level=DEBUG source=/app/pkg/bgp/manager/reconciler/paths.go:204 msg="no reconciliation necessary" module=service-reconciler-test instance=bgp-65001 resource=non-default/red-svc
    logger.go:256: time=2026-03-17T14:38:24.416Z level=DEBUG source=/app/pkg/bgp/manager/reconciler/service.go:212 msg="performing modified services reconciliation" module=service-reconciler-test
=== RUN   Test_ServiceClusterIPReconciler/Service_(Cluster)_with_advertisement(Cluster)_-_matching_labels_(iTP=local,_ep_on_remote)
=== NAME  Test_ServiceClusterIPReconciler
    logger.go:256: time=2026-03-17T14:38:24.416Z level=DEBUG source=/app/pkg/bgp/manager/reconciler/service.go:212 msg="performing modified services reconciliation" module=service-reconciler-test
    logger.go:256: time=2026-03-17T14:38:24.416Z level=DEBUG source=/app/pkg/bgp/manager/reconciler/policies.go:168 msg="Removing route policy" module=service-reconciler-test instance=bgp-65001 policy=red-peer-65001-ipv6-Service-red-svc-non-default-ClusterIP
    logger.go:256: time=2026-03-17T14:38:24.416Z level=DEBUG source=/app/pkg/bgp/manager/reconciler/policies.go:168 msg="Removing route policy" module=service-reconciler-test instance=bgp-65001 policy=red-peer-65001-ipv4-Service-red-svc-non-default-ClusterIP
    logger.go:256: time=2026-03-17T14:38:24.416Z level=DEBUG source=/app/pkg/bgp/manager/reconciler/policies.go:213 msg="Resetting peer due to a routing policy change" module=service-reconciler-test instance=bgp-65001 peer=10.10.10.1 direction=out
    logger.go:256: time=2026-03-17T14:38:24.416Z level=DEBUG source=/app/pkg/bgp/manager/reconciler/paths.go:269 msg="Withdrawing path" module=service-reconciler-test instance=bgp-65001 resource=non-default/red-svc family=ipv6-unicast path=2001:db8::3/128
    logger.go:256: time=2026-03-17T14:38:24.416Z level=DEBUG source=/app/pkg/bgp/manager/reconciler/paths.go:269 msg="Withdrawing path" module=service-reconciler-test instance=bgp-65001 resource=non-default/red-svc family=ipv4-unicast path=192.168.0.3/32
    logger.go:256: time=2026-03-17T14:38:24.416Z level=DEBUG source=/app/pkg/bgp/manager/reconciler/service.go:212 msg="performing modified services reconciliation" module=service-reconciler-test
=== RUN   Test_ServiceClusterIPReconciler/Service_(Cluster)_with_overlapping_advertisement(Cluster)_-_matching_labels_(iTP=cluster)
=== NAME  Test_ServiceClusterIPReconciler
    logger.go:256: time=2026-03-17T14:38:24.417Z level=DEBUG source=/app/pkg/bgp/manager/reconciler/service.go:204 msg="performing all services reconciliation" module=service-reconciler-test
    logger.go:256: time=2026-03-17T14:38:24.417Z level=DEBUG source=/app/pkg/bgp/manager/reconciler/policies.go:123 msg="Adding route policy" module=service-reconciler-test instance=bgp-65001 policy=red-peer-65001-ipv4-Service-red-svc-non-default-ClusterIP
    logger.go:256: time=2026-03-17T14:38:24.417Z level=DEBUG source=/app/pkg/bgp/manager/reconciler/policies.go:123 msg="Adding route policy" module=service-reconciler-test instance=bgp-65001 policy=red-peer-65001-ipv6-Service-red-svc-non-default-ClusterIP
    logger.go:256: time=2026-03-17T14:38:24.417Z level=DEBUG source=/app/pkg/bgp/manager/reconciler/policies.go:213 msg="Resetting peer due to a routing policy change" module=service-reconciler-test instance=bgp-65001 peer=10.10.10.1 direction=out
    logger.go:256: time=2026-03-17T14:38:24.417Z level=DEBUG source=/app/pkg/bgp/manager/reconciler/paths.go:238 msg="Advertising path" module=service-reconciler-test instance=bgp-65001 resource=non-default/red-svc path=192.168.0.3/32 family=ipv4-unicast
    logger.go:256: time=2026-03-17T14:38:24.417Z level=DEBUG source=/app/pkg/bgp/manager/reconciler/paths.go:238 msg="Advertising path" module=service-reconciler-test instance=bgp-65001 resource=non-default/red-svc path=2001:db8::3/128 family=ipv6-unicast
    logger.go:256: time=2026-03-17T14:38:24.417Z level=DEBUG source=/app/pkg/bgp/manager/reconciler/service.go:212 msg="performing modified services reconciliation" module=service-reconciler-test
    logger.go:256: time=2026-03-17T14:38:24.417Z level=INFO source=/app/vendor/github.com/cilium/hive/hive.go:401 msg="Stopping hive"
    logger.go:256: time=2026-03-17T14:38:24.417Z level=DEBUG source=/app/vendor/github.com/cilium/hive/cell/lifecycle.go:184 msg="Executing stop hook" function="*job.queuedJob.Stop (jobs)" detail="module-status-metrics (health.metricPublisher.func2 (.../hive/health/metrics.go:78))"
    logger.go:256: time=2026-03-17T14:38:24.418Z level=DEBUG source=/app/pkg/hive/health/provider.go:144 msg="stopping health reporter" module=health reporter-id=health.job-module-status-metrics
    logger.go:256: time=2026-03-17T14:38:24.418Z level=DEBUG source=/app/vendor/github.com/cilium/hive/cell/lifecycle.go:194 msg="Stop hook executed" function="*job.queuedJob.Stop (jobs)" detail="module-status-metrics (health.metricPublisher.func2 (.../hive/health/metrics.go:78))" duration=250.948µs
    logger.go:256: time=2026-03-17T14:38:24.418Z level=DEBUG source=/app/vendor/github.com/cilium/hive/cell/lifecycle.go:184 msg="Executing stop hook" function="*job.queuedJob.Stop (jobs)" detail="frontend-events (reconciler.(*ServiceReconciler).processFrontendEvents)"
    logger.go:256: time=2026-03-17T14:38:24.418Z level=DEBUG source=/app/pkg/hive/health/provider.go:144 msg="stopping health reporter" module=health reporter-id=service-reconciler-test.job-frontend-events
    logger.go:256: time=2026-03-17T14:38:24.418Z level=DEBUG source=/app/vendor/github.com/cilium/hive/cell/lifecycle.go:194 msg="Stop hook executed" function="*job.queuedJob.Stop (jobs)" detail="frontend-events (reconciler.(*ServiceReconciler).processFrontendEvents)" duration=151.935µs
    logger.go:256: time=2026-03-17T14:38:24.418Z level=DEBUG source=/app/vendor/github.com/cilium/hive/cell/lifecycle.go:184 msg="Executing stop hook" function="*health.provider.Stop (health)"
    logger.go:256: time=2026-03-17T14:38:24.418Z level=DEBUG source=/app/vendor/github.com/cilium/hive/cell/lifecycle.go:194 msg="Stop hook executed" function="*health.provider.Stop (health)" duration=213ns
    logger.go:256: time=2026-03-17T14:38:24.418Z level=DEBUG source=/app/vendor/github.com/cilium/hive/cell/lifecycle.go:184 msg="Executing stop hook" function="*job.registry.Stop (jobs)"
    logger.go:256: time=2026-03-17T14:38:24.418Z level=DEBUG source=/app/vendor/github.com/cilium/hive/cell/lifecycle.go:194 msg="Stop hook executed" function="*job.registry.Stop (jobs)" duration=2.71µs
    logger.go:256: time=2026-03-17T14:38:24.418Z level=DEBUG source=/app/vendor/github.com/cilium/hive/cell/lifecycle.go:184 msg="Executing stop hook" function="statedb.newHiveDB.func2 (.../cilium/statedb/cell.go:37) (statedb)"
    logger.go:256: time=2026-03-17T14:38:24.418Z level=DEBUG source=/app/vendor/github.com/cilium/hive/cell/lifecycle.go:194 msg="Stop hook executed" function="statedb.newHiveDB.func2 (.../cilium/statedb/cell.go:37) (statedb)" duration=27.7µs
    logger.go:256: time=2026-03-17T14:38:24.418Z level=INFO source=/app/vendor/github.com/cilium/hive/hive.go:405 msg="Stopped hive" duration=959.282µs
--- PASS: Test_ServiceClusterIPReconciler (0.01s)
    --- PASS: Test_ServiceClusterIPReconciler/Service_(Cluster)_with_advertisement(_empty_) (0.00s)
    --- PASS: Test_ServiceClusterIPReconciler/Service_(Cluster)_with_advertisement(Cluster)_-_mismatch_labels (0.00s)
    --- PASS: Test_ServiceClusterIPReconciler/Service_(Cluster)_with_advertisement(Cluster)_-_matching_labels_(iTP=cluster) (0.00s)
    --- PASS: Test_ServiceClusterIPReconciler/Service_(Cluster)_with_advertisement(Cluster)_and_routes_aggregation_-_matching_labels_(iTP=cluster) (0.00s)
    --- PASS: Test_ServiceClusterIPReconciler/Service_(Cluster)_with_advertisement(Cluster)_and_routes_aggregation_-_matching_labels_(iTP=local_-_no_aggregation) (0.00s)
    --- PASS: Test_ServiceClusterIPReconciler/Service_(Cluster)_with_advertisement(Cluster)_-_matching_labels_(iTP=local,_ep_on_node) (0.00s)
    --- PASS: Test_ServiceClusterIPReconciler/Service_(Cluster)_with_advertisement(Cluster)_-_matching_labels_(iTP=local,_mixed_ep) (0.00s)
    --- PASS: Test_ServiceClusterIPReconciler/Service_(Cluster)_with_advertisement(Cluster)_-_matching_labels_(iTP=local,_ep_on_remote) (0.00s)
    --- PASS: Test_ServiceClusterIPReconciler/Service_(Cluster)_with_overlapping_advertisement(Cluster)_-_matching_labels_(iTP=cluster) (0.00s)
=== RUN   Test_ServiceAndAdvertisementModifications
    logger.go:256: time=2026-03-17T14:38:24.430Z level=DEBUG source=/app/vendor/github.com/cilium/hive/cell/invoke.go:38 msg=Invoking function="reconciler.newServiceTestFixture.func5 (.../manager/reconciler/service_test.go:2742)"
    logger.go:256: time=2026-03-17T14:38:24.430Z level=DEBUG source=/app/vendor/github.com/cilium/hive/cell/invoke.go:59 msg=Invoked duration=128.528µs function="reconciler.newServiceTestFixture.func5 (.../manager/reconciler/service_test.go:2742)"
    logger.go:256: time=2026-03-17T14:38:24.430Z level=DEBUG source=/app/vendor/github.com/cilium/hive/cell/invoke.go:38 msg=Invoking function="reconciler.newServiceTestFixture.func6 (.../manager/reconciler/service_test.go:2746)"
    logger.go:256: time=2026-03-17T14:38:24.430Z level=DEBUG source=/app/vendor/github.com/cilium/hive/cell/invoke.go:59 msg=Invoked duration=236.917µs function="reconciler.newServiceTestFixture.func6 (.../manager/reconciler/service_test.go:2746)"
    logger.go:256: time=2026-03-17T14:38:24.437Z level=DEBUG source=/app/vendor/github.com/cilium/hive/cell/invoke.go:38 msg=Invoking function="health.metricPublisher (.../hive/health/metrics.go:59)"
    logger.go:256: time=2026-03-17T14:38:24.437Z level=DEBUG source=/app/vendor/github.com/cilium/hive/cell/invoke.go:59 msg=Invoked duration=95.371µs function="health.metricPublisher (.../hive/health/metrics.go:59)"
    logger.go:256: time=2026-03-17T14:38:24.437Z level=INFO source=/app/vendor/github.com/cilium/hive/hive.go:385 msg="Starting hive"
    logger.go:256: time=2026-03-17T14:38:24.437Z level=DEBUG source=/app/vendor/github.com/cilium/hive/cell/lifecycle.go:139 msg="Executing start hook" function="statedb.newHiveDB.func1 (.../cilium/statedb/cell.go:34) (statedb)"
    logger.go:256: time=2026-03-17T14:38:24.437Z level=DEBUG source=/app/vendor/github.com/cilium/hive/cell/lifecycle.go:149 msg="Start hook executed" function="statedb.newHiveDB.func1 (.../cilium/statedb/cell.go:34) (statedb)" duration=1.76µs
    logger.go:256: time=2026-03-17T14:38:24.437Z level=DEBUG source=/app/vendor/github.com/cilium/hive/cell/lifecycle.go:139 msg="Executing start hook" function="*job.registry.Start (jobs)"
    logger.go:256: time=2026-03-17T14:38:24.437Z level=DEBUG source=/app/vendor/github.com/cilium/hive/cell/lifecycle.go:149 msg="Start hook executed" function="*job.registry.Start (jobs)" duration=303ns
    logger.go:256: time=2026-03-17T14:38:24.437Z level=DEBUG source=/app/vendor/github.com/cilium/hive/cell/lifecycle.go:139 msg="Executing start hook" function="*health.provider.Start (health)"
    logger.go:256: time=2026-03-17T14:38:24.437Z level=DEBUG source=/app/vendor/github.com/cilium/hive/cell/lifecycle.go:149 msg="Start hook executed" function="*health.provider.Start (health)" duration=131ns
    logger.go:256: time=2026-03-17T14:38:24.437Z level=DEBUG source=/app/vendor/github.com/cilium/hive/cell/lifecycle.go:139 msg="Executing start hook" function="*job.queuedJob.Start (jobs)" detail="frontend-events (reconciler.(*ServiceReconciler).processFrontendEvents)"
    logger.go:256: time=2026-03-17T14:38:24.437Z level=DEBUG source=/app/vendor/github.com/cilium/hive/cell/lifecycle.go:149 msg="Start hook executed" function="*job.queuedJob.Start (jobs)" detail="frontend-events (reconciler.(*ServiceReconciler).processFrontendEvents)" duration=2.394µs
    logger.go:256: time=2026-03-17T14:38:24.437Z level=DEBUG source=/app/vendor/github.com/cilium/hive/cell/lifecycle.go:139 msg="Executing start hook" function="*job.queuedJob.Start (jobs)" detail="module-status-metrics (health.metricPublisher.func2 (.../hive/health/metrics.go:78))"
    logger.go:256: time=2026-03-17T14:38:24.437Z level=DEBUG source=/app/vendor/github.com/cilium/hive/cell/lifecycle.go:149 msg="Start hook executed" function="*job.queuedJob.Start (jobs)" detail="module-status-metrics (health.metricPublisher.func2 (.../hive/health/metrics.go:78))" duration=1.321µs
    logger.go:256: time=2026-03-17T14:38:24.437Z level=INFO source=/app/vendor/github.com/cilium/hive/hive.go:389 msg="Started hive" duration=194.945µs
=== RUN   Test_ServiceAndAdvertisementModifications/Initial_setup_-_Service_(nil)_with_advertisement(_empty_)
=== NAME  Test_ServiceAndAdvertisementModifications
    logger.go:256: time=2026-03-17T14:38:24.438Z level=DEBUG source=/app/vendor/github.com/cilium/hive/job/oneshot.go:136 msg="Starting one-shot job" module=health name=module-status-metrics func="health.metricPublisher.func2 (.../hive/health/metrics.go:78)"
    logger.go:256: time=2026-03-17T14:38:24.438Z level=DEBUG source=/app/pkg/hive/health/provider.go:89 msg="upserting health status" module=health lastLevel=none reporter-id=health.job-module-status-metrics status="health.job-module-status-metrics: [OK] Running"
    logger.go:256: time=2026-03-17T14:38:24.437Z level=DEBUG source=/app/vendor/github.com/cilium/hive/job/oneshot.go:136 msg="Starting one-shot job" module=service-reconciler-test name=frontend-events func=reconciler.(*ServiceReconciler).processFrontendEvents
    logger.go:256: time=2026-03-17T14:38:24.438Z level=DEBUG source=/app/pkg/hive/health/provider.go:89 msg="upserting health status" module=health lastLevel=none reporter-id=service-reconciler-test.job-frontend-events status="service-reconciler-test.job-frontend-events: [OK] Running"
    logger.go:256: time=2026-03-17T14:38:24.437Z level=DEBUG source=/app/pkg/bgp/manager/reconciler/service.go:204 msg="performing all services reconciliation" module=service-reconciler-test
    logger.go:256: time=2026-03-17T14:38:24.438Z level=DEBUG source=/app/pkg/bgp/manager/reconciler/service.go:212 msg="performing modified services reconciliation" module=service-reconciler-test
=== RUN   Test_ServiceAndAdvertisementModifications/Add_service_(Cluster,_External)_with_advertisement(Cluster)_-_matching_labels
=== NAME  Test_ServiceAndAdvertisementModifications
    logger.go:256: time=2026-03-17T14:38:24.438Z level=DEBUG source=/app/pkg/bgp/manager/reconciler/service.go:204 msg="performing all services reconciliation" module=service-reconciler-test
    logger.go:256: time=2026-03-17T14:38:24.438Z level=DEBUG source=/app/pkg/bgp/manager/reconciler/policies.go:123 msg="Adding route policy" module=service-reconciler-test instance=bgp-65001 policy=red-peer-65001-ipv4-Service-red-svc-non-default-ClusterIP
    logger.go:256: time=2026-03-17T14:38:24.438Z level=DEBUG source=/app/pkg/bgp/manager/reconciler/policies.go:123 msg="Adding route policy" module=service-reconciler-test instance=bgp-65001 policy=red-peer-65001-ipv6-Service-red-svc-non-default-ClusterIP
    logger.go:256: time=2026-03-17T14:38:24.438Z level=DEBUG source=/app/pkg/bgp/manager/reconciler/policies.go:213 msg="Resetting peer due to a routing policy change" module=service-reconciler-test instance=bgp-65001 peer=10.10.10.1 direction=out
    logger.go:256: time=2026-03-17T14:38:24.438Z level=DEBUG source=/app/pkg/bgp/manager/reconciler/paths.go:238 msg="Advertising path" module=service-reconciler-test instance=bgp-65001 resource=non-default/red-svc path=2001:db8::3/128 family=ipv6-unicast
    logger.go:256: time=2026-03-17T14:38:24.438Z level=DEBUG source=/app/pkg/bgp/manager/reconciler/paths.go:238 msg="Advertising path" module=service-reconciler-test instance=bgp-65001 resource=non-default/red-svc path=192.168.0.3/32 family=ipv4-unicast
    logger.go:256: time=2026-03-17T14:38:24.438Z level=DEBUG source=/app/pkg/bgp/manager/reconciler/service.go:212 msg="performing modified services reconciliation" module=service-reconciler-test
=== RUN   Test_ServiceAndAdvertisementModifications/Update_advertisement(Cluster,_External)_-_matching_labels
=== NAME  Test_ServiceAndAdvertisementModifications
    logger.go:256: time=2026-03-17T14:38:24.439Z level=DEBUG source=/app/pkg/bgp/manager/reconciler/service.go:204 msg="performing all services reconciliation" module=service-reconciler-test
    logger.go:256: time=2026-03-17T14:38:24.439Z level=DEBUG source=/app/pkg/bgp/manager/reconciler/policies.go:123 msg="Adding route policy" module=service-reconciler-test instance=bgp-65001 policy=red-peer-65001-ipv4-Service-red-svc-non-default-ExternalIP
    logger.go:256: time=2026-03-17T14:38:24.439Z level=DEBUG source=/app/pkg/bgp/manager/reconciler/policies.go:123 msg="Adding route policy" module=service-reconciler-test instance=bgp-65001 policy=red-peer-65001-ipv6-Service-red-svc-non-default-ExternalIP
    logger.go:256: time=2026-03-17T14:38:24.439Z level=DEBUG source=/app/pkg/bgp/manager/reconciler/policies.go:213 msg="Resetting peer due to a routing policy change" module=service-reconciler-test instance=bgp-65001 peer=10.10.10.1 direction=out
    logger.go:256: time=2026-03-17T14:38:24.439Z level=DEBUG source=/app/pkg/bgp/manager/reconciler/paths.go:238 msg="Advertising path" module=service-reconciler-test instance=bgp-65001 resource=non-default/red-svc path=192.168.0.2/32 family=ipv4-unicast
    logger.go:256: time=2026-03-17T14:38:24.439Z level=DEBUG source=/app/pkg/bgp/manager/reconciler/paths.go:238 msg="Advertising path" module=service-reconciler-test instance=bgp-65001 resource=non-default/red-svc path=2001:db8::2/128 family=ipv6-unicast
    logger.go:256: time=2026-03-17T14:38:24.439Z level=DEBUG source=/app/pkg/bgp/manager/reconciler/service.go:212 msg="performing modified services reconciliation" module=service-reconciler-test
=== RUN   Test_ServiceAndAdvertisementModifications/Update_service_(Cluster,_External)_traffic_policy_local
=== NAME  Test_ServiceAndAdvertisementModifications
    logger.go:256: time=2026-03-17T14:38:24.439Z level=DEBUG source=/app/pkg/bgp/manager/reconciler/service.go:212 msg="performing modified services reconciliation" module=service-reconciler-test
    logger.go:256: time=2026-03-17T14:38:24.439Z level=DEBUG source=/app/pkg/bgp/manager/reconciler/policies.go:168 msg="Removing route policy" module=service-reconciler-test instance=bgp-65001 policy=red-peer-65001-ipv6-Service-red-svc-non-default-ClusterIP
    logger.go:256: time=2026-03-17T14:38:24.439Z level=DEBUG source=/app/pkg/bgp/manager/reconciler/policies.go:168 msg="Removing route policy" module=service-reconciler-test instance=bgp-65001 policy=red-peer-65001-ipv4-Service-red-svc-non-default-ClusterIP
    logger.go:256: time=2026-03-17T14:38:24.439Z level=DEBUG source=/app/pkg/bgp/manager/reconciler/policies.go:168 msg="Removing route policy" module=service-reconciler-test instance=bgp-65001 policy=red-peer-65001-ipv4-Service-red-svc-non-default-ExternalIP
    logger.go:256: time=2026-03-17T14:38:24.439Z level=DEBUG source=/app/pkg/bgp/manager/reconciler/policies.go:168 msg="Removing route policy" module=service-reconciler-test instance=bgp-65001 policy=red-peer-65001-ipv6-Service-red-svc-non-default-ExternalIP
    logger.go:256: time=2026-03-17T14:38:24.439Z level=DEBUG source=/app/pkg/bgp/manager/reconciler/policies.go:213 msg="Resetting peer due to a routing policy change" module=service-reconciler-test instance=bgp-65001 peer=10.10.10.1 direction=out
    logger.go:256: time=2026-03-17T14:38:24.439Z level=DEBUG source=/app/pkg/bgp/manager/reconciler/paths.go:269 msg="Withdrawing path" module=service-reconciler-test instance=bgp-65001 resource=non-default/red-svc family=ipv6-unicast path=2001:db8::3/128
    logger.go:256: time=2026-03-17T14:38:24.439Z level=DEBUG source=/app/pkg/bgp/manager/reconciler/paths.go:269 msg="Withdrawing path" module=service-reconciler-test instance=bgp-65001 resource=non-default/red-svc family=ipv6-unicast path=2001:db8::2/128
    logger.go:256: time=2026-03-17T14:38:24.439Z level=DEBUG source=/app/pkg/bgp/manager/reconciler/paths.go:269 msg="Withdrawing path" module=service-reconciler-test instance=bgp-65001 resource=non-default/red-svc family=ipv4-unicast path=192.168.0.3/32
    logger.go:256: time=2026-03-17T14:38:24.440Z level=DEBUG source=/app/pkg/bgp/manager/reconciler/paths.go:269 msg="Withdrawing path" module=service-reconciler-test instance=bgp-65001 resource=non-default/red-svc family=ipv4-unicast path=192.168.0.2/32
    logger.go:256: time=2026-03-17T14:38:24.440Z level=DEBUG source=/app/pkg/bgp/manager/reconciler/service.go:212 msg="performing modified services reconciliation" module=service-reconciler-test
=== RUN   Test_ServiceAndAdvertisementModifications/Update_local_endpoints_(Cluster,_External)
=== NAME  Test_ServiceAndAdvertisementModifications
    logger.go:256: time=2026-03-17T14:38:24.440Z level=DEBUG source=/app/pkg/bgp/manager/reconciler/service.go:212 msg="performing modified services reconciliation" module=service-reconciler-test
    logger.go:256: time=2026-03-17T14:38:24.440Z level=DEBUG source=/app/pkg/bgp/manager/reconciler/policies.go:123 msg="Adding route policy" module=service-reconciler-test instance=bgp-65001 policy=red-peer-65001-ipv6-Service-red-svc-non-default-ExternalIP
    logger.go:256: time=2026-03-17T14:38:24.440Z level=DEBUG source=/app/pkg/bgp/manager/reconciler/policies.go:123 msg="Adding route policy" module=service-reconciler-test instance=bgp-65001 policy=red-peer-65001-ipv4-Service-red-svc-non-default-ClusterIP
    logger.go:256: time=2026-03-17T14:38:24.440Z level=DEBUG source=/app/pkg/bgp/manager/reconciler/policies.go:123 msg="Adding route policy" module=service-reconciler-test instance=bgp-65001 policy=red-peer-65001-ipv4-Service-red-svc-non-default-ExternalIP
    logger.go:256: time=2026-03-17T14:38:24.440Z level=DEBUG source=/app/pkg/bgp/manager/reconciler/policies.go:123 msg="Adding route policy" module=service-reconciler-test instance=bgp-65001 policy=red-peer-65001-ipv6-Service-red-svc-non-default-ClusterIP
    logger.go:256: time=2026-03-17T14:38:24.440Z level=DEBUG source=/app/pkg/bgp/manager/reconciler/policies.go:213 msg="Resetting peer due to a routing policy change" module=service-reconciler-test instance=bgp-65001 peer=10.10.10.1 direction=out
    logger.go:256: time=2026-03-17T14:38:24.440Z level=DEBUG source=/app/pkg/bgp/manager/reconciler/paths.go:238 msg="Advertising path" module=service-reconciler-test instance=bgp-65001 resource=non-default/red-svc path=192.168.0.3/32 family=ipv4-unicast
    logger.go:256: time=2026-03-17T14:38:24.440Z level=DEBUG source=/app/pkg/bgp/manager/reconciler/paths.go:238 msg="Advertising path" module=service-reconciler-test instance=bgp-65001 resource=non-default/red-svc path=192.168.0.2/32 family=ipv4-unicast
    logger.go:256: time=2026-03-17T14:38:24.440Z level=DEBUG source=/app/pkg/bgp/manager/reconciler/paths.go:238 msg="Advertising path" module=service-reconciler-test instance=bgp-65001 resource=non-default/red-svc path=2001:db8::3/128 family=ipv6-unicast
    logger.go:256: time=2026-03-17T14:38:24.440Z level=DEBUG source=/app/pkg/bgp/manager/reconciler/paths.go:238 msg="Advertising path" module=service-reconciler-test instance=bgp-65001 resource=non-default/red-svc path=2001:db8::2/128 family=ipv6-unicast
    logger.go:256: time=2026-03-17T14:38:24.440Z level=DEBUG source=/app/pkg/bgp/manager/reconciler/service.go:212 msg="performing modified services reconciliation" module=service-reconciler-test
=== RUN   Test_ServiceAndAdvertisementModifications/Delete_local_endpoints_(Cluster,_External)
=== NAME  Test_ServiceAndAdvertisementModifications
    logger.go:256: time=2026-03-17T14:38:24.441Z level=DEBUG source=/app/pkg/bgp/manager/reconciler/service.go:212 msg="performing modified services reconciliation" module=service-reconciler-test
    logger.go:256: time=2026-03-17T14:38:24.441Z level=DEBUG source=/app/pkg/bgp/manager/reconciler/policies.go:168 msg="Removing route policy" module=service-reconciler-test instance=bgp-65001 policy=red-peer-65001-ipv6-Service-red-svc-non-default-ExternalIP
    logger.go:256: time=2026-03-17T14:38:24.441Z level=DEBUG source=/app/pkg/bgp/manager/reconciler/policies.go:168 msg="Removing route policy" module=service-reconciler-test instance=bgp-65001 policy=red-peer-65001-ipv4-Service-red-svc-non-default-ClusterIP
    logger.go:256: time=2026-03-17T14:38:24.441Z level=DEBUG source=/app/pkg/bgp/manager/reconciler/policies.go:168 msg="Removing route policy" module=service-reconciler-test instance=bgp-65001 policy=red-peer-65001-ipv4-Service-red-svc-non-default-ExternalIP
    logger.go:256: time=2026-03-17T14:38:24.441Z level=DEBUG source=/app/pkg/bgp/manager/reconciler/policies.go:168 msg="Removing route policy" module=service-reconciler-test instance=bgp-65001 policy=red-peer-65001-ipv6-Service-red-svc-non-default-ClusterIP
    logger.go:256: time=2026-03-17T14:38:24.441Z level=DEBUG source=/app/pkg/bgp/manager/reconciler/policies.go:213 msg="Resetting peer due to a routing policy change" module=service-reconciler-test instance=bgp-65001 peer=10.10.10.1 direction=out
    logger.go:256: time=2026-03-17T14:38:24.441Z level=DEBUG source=/app/pkg/bgp/manager/reconciler/paths.go:269 msg="Withdrawing path" module=service-reconciler-test instance=bgp-65001 resource=non-default/red-svc family=ipv4-unicast path=192.168.0.2/32
    logger.go:256: time=2026-03-17T14:38:24.441Z level=DEBUG source=/app/pkg/bgp/manager/reconciler/paths.go:269 msg="Withdrawing path" module=service-reconciler-test instance=bgp-65001 resource=non-default/red-svc family=ipv4-unicast path=192.168.0.3/32
    logger.go:256: time=2026-03-17T14:38:24.441Z level=DEBUG source=/app/pkg/bgp/manager/reconciler/paths.go:269 msg="Withdrawing path" module=service-reconciler-test instance=bgp-65001 resource=non-default/red-svc family=ipv6-unicast path=2001:db8::3/128
    logger.go:256: time=2026-03-17T14:38:24.441Z level=DEBUG source=/app/pkg/bgp/manager/reconciler/paths.go:269 msg="Withdrawing path" module=service-reconciler-test instance=bgp-65001 resource=non-default/red-svc family=ipv6-unicast path=2001:db8::2/128
    logger.go:256: time=2026-03-17T14:38:24.441Z level=DEBUG source=/app/pkg/bgp/manager/reconciler/service.go:212 msg="performing modified services reconciliation" module=service-reconciler-test
    logger.go:256: time=2026-03-17T14:38:24.441Z level=INFO source=/app/vendor/github.com/cilium/hive/hive.go:401 msg="Stopping hive"
    logger.go:256: time=2026-03-17T14:38:24.442Z level=DEBUG source=/app/vendor/github.com/cilium/hive/cell/lifecycle.go:184 msg="Executing stop hook" function="*job.queuedJob.Stop (jobs)" detail="module-status-metrics (health.metricPublisher.func2 (.../hive/health/metrics.go:78))"
    logger.go:256: time=2026-03-17T14:38:24.442Z level=DEBUG source=/app/pkg/hive/health/provider.go:144 msg="stopping health reporter" module=health reporter-id=health.job-module-status-metrics
    logger.go:256: time=2026-03-17T14:38:24.442Z level=DEBUG source=/app/vendor/github.com/cilium/hive/cell/lifecycle.go:194 msg="Stop hook executed" function="*job.queuedJob.Stop (jobs)" detail="module-status-metrics (health.metricPublisher.func2 (.../hive/health/metrics.go:78))" duration=146.009µs
    logger.go:256: time=2026-03-17T14:38:24.442Z level=DEBUG source=/app/vendor/github.com/cilium/hive/cell/lifecycle.go:184 msg="Executing stop hook" function="*job.queuedJob.Stop (jobs)" detail="frontend-events (reconciler.(*ServiceReconciler).processFrontendEvents)"
    logger.go:256: time=2026-03-17T14:38:24.442Z level=DEBUG source=/app/pkg/hive/health/provider.go:144 msg="stopping health reporter" module=health reporter-id=service-reconciler-test.job-frontend-events
    logger.go:256: time=2026-03-17T14:38:24.442Z level=DEBUG source=/app/vendor/github.com/cilium/hive/cell/lifecycle.go:194 msg="Stop hook executed" function="*job.queuedJob.Stop (jobs)" detail="frontend-events (reconciler.(*ServiceReconciler).processFrontendEvents)" duration=117.316µs
    logger.go:256: time=2026-03-17T14:38:24.442Z level=DEBUG source=/app/vendor/github.com/cilium/hive/cell/lifecycle.go:184 msg="Executing stop hook" function="*health.provider.Stop (health)"
    logger.go:256: time=2026-03-17T14:38:24.442Z level=DEBUG source=/app/vendor/github.com/cilium/hive/cell/lifecycle.go:194 msg="Stop hook executed" function="*health.provider.Stop (health)" duration=421ns
    logger.go:256: time=2026-03-17T14:38:24.442Z level=DEBUG source=/app/vendor/github.com/cilium/hive/cell/lifecycle.go:184 msg="Executing stop hook" function="*job.registry.Stop (jobs)"
    logger.go:256: time=2026-03-17T14:38:24.442Z level=DEBUG source=/app/vendor/github.com/cilium/hive/cell/lifecycle.go:194 msg="Stop hook executed" function="*job.registry.Stop (jobs)" duration=2.984µs
    logger.go:256: time=2026-03-17T14:38:24.442Z level=DEBUG source=/app/vendor/github.com/cilium/hive/cell/lifecycle.go:184 msg="Executing stop hook" function="statedb.newHiveDB.func2 (.../cilium/statedb/cell.go:37) (statedb)"
    logger.go:256: time=2026-03-17T14:38:24.442Z level=DEBUG source=/app/vendor/github.com/cilium/hive/cell/lifecycle.go:194 msg="Stop hook executed" function="statedb.newHiveDB.func2 (.../cilium/statedb/cell.go:37) (statedb)" duration=4.707µs
    logger.go:256: time=2026-03-17T14:38:24.442Z level=INFO source=/app/vendor/github.com/cilium/hive/hive.go:405 msg="Stopped hive" duration=861.808µs
--- PASS: Test_ServiceAndAdvertisementModifications (0.02s)
    --- PASS: Test_ServiceAndAdvertisementModifications/Initial_setup_-_Service_(nil)_with_advertisement(_empty_) (0.00s)
    --- PASS: Test_ServiceAndAdvertisementModifications/Add_service_(Cluster,_External)_with_advertisement(Cluster)_-_matching_labels (0.00s)
    --- PASS: Test_ServiceAndAdvertisementModifications/Update_advertisement(Cluster,_External)_-_matching_labels (0.00s)
    --- PASS: Test_ServiceAndAdvertisementModifications/Update_service_(Cluster,_External)_traffic_policy_local (0.00s)
    --- PASS: Test_ServiceAndAdvertisementModifications/Update_local_endpoints_(Cluster,_External) (0.00s)
    --- PASS: Test_ServiceAndAdvertisementModifications/Delete_local_endpoints_(Cluster,_External) (0.00s)
=== RUN   Test_ServiceVIPSharing
    logger.go:256: time=2026-03-17T14:38:24.447Z level=DEBUG source=/app/vendor/github.com/cilium/hive/cell/invoke.go:38 msg=Invoking function="reconciler.newServiceTestFixture.func5 (.../manager/reconciler/service_test.go:2742)"
    logger.go:256: time=2026-03-17T14:38:24.448Z level=DEBUG source=/app/vendor/github.com/cilium/hive/cell/invoke.go:59 msg=Invoked duration=139.72µs function="reconciler.newServiceTestFixture.func5 (.../manager/reconciler/service_test.go:2742)"
    logger.go:256: time=2026-03-17T14:38:24.448Z level=DEBUG source=/app/vendor/github.com/cilium/hive/cell/invoke.go:38 msg=Invoking function="reconciler.newServiceTestFixture.func6 (.../manager/reconciler/service_test.go:2746)"
    logger.go:256: time=2026-03-17T14:38:24.449Z level=DEBUG source=/app/vendor/github.com/cilium/hive/cell/invoke.go:59 msg=Invoked duration=989.814µs function="reconciler.newServiceTestFixture.func6 (.../manager/reconciler/service_test.go:2746)"
    logger.go:256: time=2026-03-17T14:38:24.449Z level=DEBUG source=/app/vendor/github.com/cilium/hive/cell/invoke.go:38 msg=Invoking function="health.metricPublisher (.../hive/health/metrics.go:59)"
    logger.go:256: time=2026-03-17T14:38:24.449Z level=DEBUG source=/app/vendor/github.com/cilium/hive/cell/invoke.go:59 msg=Invoked duration=82.635µs function="health.metricPublisher (.../hive/health/metrics.go:59)"
    logger.go:256: time=2026-03-17T14:38:24.449Z level=INFO source=/app/vendor/github.com/cilium/hive/hive.go:385 msg="Starting hive"
    logger.go:256: time=2026-03-17T14:38:24.449Z level=DEBUG source=/app/vendor/github.com/cilium/hive/cell/lifecycle.go:139 msg="Executing start hook" function="statedb.newHiveDB.func1 (.../cilium/statedb/cell.go:34) (statedb)"
    logger.go:256: time=2026-03-17T14:38:24.449Z level=DEBUG source=/app/vendor/github.com/cilium/hive/cell/lifecycle.go:149 msg="Start hook executed" function="statedb.newHiveDB.func1 (.../cilium/statedb/cell.go:34) (statedb)" duration=1.385µs
    logger.go:256: time=2026-03-17T14:38:24.449Z level=DEBUG source=/app/vendor/github.com/cilium/hive/cell/lifecycle.go:139 msg="Executing start hook" function="*job.registry.Start (jobs)"
    logger.go:256: time=2026-03-17T14:38:24.449Z level=DEBUG source=/app/vendor/github.com/cilium/hive/cell/lifecycle.go:149 msg="Start hook executed" function="*job.registry.Start (jobs)" duration=365ns
    logger.go:256: time=2026-03-17T14:38:24.449Z level=DEBUG source=/app/vendor/github.com/cilium/hive/cell/lifecycle.go:139 msg="Executing start hook" function="*health.provider.Start (health)"
    logger.go:256: time=2026-03-17T14:38:24.449Z level=DEBUG source=/app/vendor/github.com/cilium/hive/cell/lifecycle.go:149 msg="Start hook executed" function="*health.provider.Start (health)" duration=126ns
    logger.go:256: time=2026-03-17T14:38:24.449Z level=DEBUG source=/app/vendor/github.com/cilium/hive/cell/lifecycle.go:139 msg="Executing start hook" function="*job.queuedJob.Start (jobs)" detail="frontend-events (reconciler.(*ServiceReconciler).processFrontendEvents)"
    logger.go:256: time=2026-03-17T14:38:24.449Z level=DEBUG source=/app/vendor/github.com/cilium/hive/cell/lifecycle.go:149 msg="Start hook executed" function="*job.queuedJob.Start (jobs)" detail="frontend-events (reconciler.(*ServiceReconciler).processFrontendEvents)" duration=2.576µs
    logger.go:256: time=2026-03-17T14:38:24.449Z level=DEBUG source=/app/vendor/github.com/cilium/hive/cell/lifecycle.go:139 msg="Executing start hook" function="*job.queuedJob.Start (jobs)" detail="module-status-metrics (health.metricPublisher.func2 (.../hive/health/metrics.go:78))"
    logger.go:256: time=2026-03-17T14:38:24.449Z level=DEBUG source=/app/vendor/github.com/cilium/hive/cell/lifecycle.go:149 msg="Start hook executed" function="*job.queuedJob.Start (jobs)" detail="module-status-metrics (health.metricPublisher.func2 (.../hive/health/metrics.go:78))" duration=1.047µs
    logger.go:256: time=2026-03-17T14:38:24.449Z level=INFO source=/app/vendor/github.com/cilium/hive/hive.go:389 msg="Started hive" duration=240.932µs
=== RUN   Test_ServiceVIPSharing/Add_service_1_(LoadBalancer,_port_80)_with_advertisement
=== NAME  Test_ServiceVIPSharing
    logger.go:256: time=2026-03-17T14:38:24.449Z level=DEBUG source=/app/pkg/bgp/manager/reconciler/service.go:204 msg="performing all services reconciliation" module=service-reconciler-test
    logger.go:256: time=2026-03-17T14:38:24.449Z level=DEBUG source=/app/pkg/bgp/manager/reconciler/policies.go:123 msg="Adding route policy" module=service-reconciler-test instance=bgp-65001 policy=red-peer-65001-ipv6-Service-red-svc-non-default-LoadBalancerIP
    logger.go:256: time=2026-03-17T14:38:24.449Z level=DEBUG source=/app/pkg/bgp/manager/reconciler/policies.go:123 msg="Adding route policy" module=service-reconciler-test instance=bgp-65001 policy=red-peer-65001-ipv4-Service-red-svc-non-default-LoadBalancerIP
    logger.go:256: time=2026-03-17T14:38:24.449Z level=DEBUG source=/app/pkg/bgp/manager/reconciler/policies.go:213 msg="Resetting peer due to a routing policy change" module=service-reconciler-test instance=bgp-65001 peer=10.10.10.1 direction=out
    logger.go:256: time=2026-03-17T14:38:24.449Z level=DEBUG source=/app/pkg/bgp/manager/reconciler/paths.go:238 msg="Advertising path" module=service-reconciler-test instance=bgp-65001 resource=non-default/red-svc path=2001:db8::1/128 family=ipv6-unicast
    logger.go:256: time=2026-03-17T14:38:24.449Z level=DEBUG source=/app/pkg/bgp/manager/reconciler/paths.go:238 msg="Advertising path" module=service-reconciler-test instance=bgp-65001 resource=non-default/red-svc path=192.168.0.1/32 family=ipv4-unicast
    logger.go:256: time=2026-03-17T14:38:24.449Z level=DEBUG source=/app/pkg/bgp/manager/reconciler/service.go:212 msg="performing modified services reconciliation" module=service-reconciler-test
=== RUN   Test_ServiceVIPSharing/Add_service_2_(LoadBalancer,_port_443)_with_the_same_VIP
=== NAME  Test_ServiceVIPSharing
    logger.go:256: time=2026-03-17T14:38:24.449Z level=DEBUG source=/app/pkg/bgp/manager/reconciler/service.go:212 msg="performing modified services reconciliation" module=service-reconciler-test
    logger.go:256: time=2026-03-17T14:38:24.450Z level=DEBUG source=/app/pkg/bgp/manager/reconciler/policies.go:123 msg="Adding route policy" module=service-reconciler-test instance=bgp-65001 policy=red-peer-65001-ipv6-Service-red-svc2-non-default-LoadBalancerIP
    logger.go:256: time=2026-03-17T14:38:24.450Z level=DEBUG source=/app/pkg/bgp/manager/reconciler/policies.go:123 msg="Adding route policy" module=service-reconciler-test instance=bgp-65001 policy=red-peer-65001-ipv4-Service-red-svc2-non-default-LoadBalancerIP
    logger.go:256: time=2026-03-17T14:38:24.450Z level=DEBUG source=/app/pkg/bgp/manager/reconciler/policies.go:213 msg="Resetting peer due to a routing policy change" module=service-reconciler-test instance=bgp-65001 peer=10.10.10.1 direction=out
    logger.go:256: time=2026-03-17T14:38:24.450Z level=DEBUG source=/app/pkg/bgp/manager/reconciler/service.go:212 msg="performing modified services reconciliation" module=service-reconciler-test
=== RUN   Test_ServiceVIPSharing/Delete_service_1_(LoadBalancer,_port_80)
=== NAME  Test_ServiceVIPSharing
    logger.go:256: time=2026-03-17T14:38:24.450Z level=DEBUG source=/app/pkg/bgp/manager/reconciler/service.go:212 msg="performing modified services reconciliation" module=service-reconciler-test
    logger.go:256: time=2026-03-17T14:38:24.451Z level=DEBUG source=/app/pkg/bgp/manager/reconciler/policies.go:168 msg="Removing route policy" module=service-reconciler-test instance=bgp-65001 policy=red-peer-65001-ipv6-Service-red-svc-non-default-LoadBalancerIP
    logger.go:256: time=2026-03-17T14:38:24.451Z level=DEBUG source=/app/pkg/bgp/manager/reconciler/policies.go:168 msg="Removing route policy" module=service-reconciler-test instance=bgp-65001 policy=red-peer-65001-ipv4-Service-red-svc-non-default-LoadBalancerIP
    logger.go:256: time=2026-03-17T14:38:24.451Z level=DEBUG source=/app/pkg/bgp/manager/reconciler/policies.go:213 msg="Resetting peer due to a routing policy change" module=service-reconciler-test instance=bgp-65001 peer=10.10.10.1 direction=out
    logger.go:256: time=2026-03-17T14:38:24.451Z level=DEBUG source=/app/pkg/bgp/manager/reconciler/service.go:212 msg="performing modified services reconciliation" module=service-reconciler-test
=== RUN   Test_ServiceVIPSharing/Delete_service_2_(LoadBalancer,_port_443)
=== NAME  Test_ServiceVIPSharing
    logger.go:256: time=2026-03-17T14:38:24.451Z level=DEBUG source=/app/pkg/bgp/manager/reconciler/service.go:212 msg="performing modified services reconciliation" module=service-reconciler-test
    logger.go:256: time=2026-03-17T14:38:24.451Z level=DEBUG source=/app/pkg/bgp/manager/reconciler/policies.go:168 msg="Removing route policy" module=service-reconciler-test instance=bgp-65001 policy=red-peer-65001-ipv6-Service-red-svc2-non-default-LoadBalancerIP
    logger.go:256: time=2026-03-17T14:38:24.451Z level=DEBUG source=/app/pkg/bgp/manager/reconciler/policies.go:168 msg="Removing route policy" module=service-reconciler-test instance=bgp-65001 policy=red-peer-65001-ipv4-Service-red-svc2-non-default-LoadBalancerIP
    logger.go:256: time=2026-03-17T14:38:24.451Z level=DEBUG source=/app/pkg/bgp/manager/reconciler/policies.go:213 msg="Resetting peer due to a routing policy change" module=service-reconciler-test instance=bgp-65001 peer=10.10.10.1 direction=out
    logger.go:256: time=2026-03-17T14:38:24.451Z level=DEBUG source=/app/pkg/bgp/manager/reconciler/paths.go:269 msg="Withdrawing path" module=service-reconciler-test instance=bgp-65001 resource=non-default/red-svc2 family=ipv6-unicast path=2001:db8::1/128
    logger.go:256: time=2026-03-17T14:38:24.451Z level=DEBUG source=/app/pkg/bgp/manager/reconciler/paths.go:269 msg="Withdrawing path" module=service-reconciler-test instance=bgp-65001 resource=non-default/red-svc2 family=ipv4-unicast path=192.168.0.1/32
    logger.go:256: time=2026-03-17T14:38:24.451Z level=DEBUG source=/app/pkg/bgp/manager/reconciler/service.go:212 msg="performing modified services reconciliation" module=service-reconciler-test
=== RUN   Test_ServiceVIPSharing/Add_service_1_(LoadBalancer,_port_80)_with_overlapping_advertisement
=== NAME  Test_ServiceVIPSharing
    logger.go:256: time=2026-03-17T14:38:24.452Z level=DEBUG source=/app/pkg/bgp/manager/reconciler/service.go:204 msg="performing all services reconciliation" module=service-reconciler-test
    logger.go:256: time=2026-03-17T14:38:24.452Z level=DEBUG source=/app/pkg/bgp/manager/reconciler/policies.go:123 msg="Adding route policy" module=service-reconciler-test instance=bgp-65001 policy=red-peer-65001-ipv4-Service-red-svc-non-default-LoadBalancerIP
    logger.go:256: time=2026-03-17T14:38:24.452Z level=DEBUG source=/app/pkg/bgp/manager/reconciler/policies.go:123 msg="Adding route policy" module=service-reconciler-test instance=bgp-65001 policy=red-peer-65001-ipv6-Service-red-svc-non-default-LoadBalancerIP
    logger.go:256: time=2026-03-17T14:38:24.452Z level=DEBUG source=/app/pkg/bgp/manager/reconciler/policies.go:213 msg="Resetting peer due to a routing policy change" module=service-reconciler-test instance=bgp-65001 peer=10.10.10.1 direction=out
    logger.go:256: time=2026-03-17T14:38:24.452Z level=DEBUG source=/app/pkg/bgp/manager/reconciler/paths.go:238 msg="Advertising path" module=service-reconciler-test instance=bgp-65001 resource=non-default/red-svc path=2001:db8::1/128 family=ipv6-unicast
    logger.go:256: time=2026-03-17T14:38:24.452Z level=DEBUG source=/app/pkg/bgp/manager/reconciler/paths.go:238 msg="Advertising path" module=service-reconciler-test instance=bgp-65001 resource=non-default/red-svc path=192.168.0.1/32 family=ipv4-unicast
    logger.go:256: time=2026-03-17T14:38:24.452Z level=DEBUG source=/app/pkg/bgp/manager/reconciler/service.go:212 msg="performing modified services reconciliation" module=service-reconciler-test
    logger.go:256: time=2026-03-17T14:38:24.452Z level=INFO source=/app/vendor/github.com/cilium/hive/hive.go:401 msg="Stopping hive"
    logger.go:256: time=2026-03-17T14:38:24.452Z level=DEBUG source=/app/vendor/github.com/cilium/hive/cell/lifecycle.go:184 msg="Executing stop hook" function="*job.queuedJob.Stop (jobs)" detail="module-status-metrics (health.metricPublisher.func2 (.../hive/health/metrics.go:78))"
    logger.go:256: time=2026-03-17T14:38:24.452Z level=DEBUG source=/app/vendor/github.com/cilium/hive/job/oneshot.go:136 msg="Starting one-shot job" module=service-reconciler-test name=frontend-events func=reconciler.(*ServiceReconciler).processFrontendEvents
    logger.go:256: time=2026-03-17T14:38:24.452Z level=DEBUG source=/app/pkg/hive/health/provider.go:89 msg="upserting health status" module=health lastLevel=none reporter-id=service-reconciler-test.job-frontend-events status="service-reconciler-test.job-frontend-events: [OK] Running"
    logger.go:256: time=2026-03-17T14:38:24.452Z level=DEBUG source=/app/vendor/github.com/cilium/hive/job/oneshot.go:136 msg="Starting one-shot job" module=health name=module-status-metrics func="health.metricPublisher.func2 (.../hive/health/metrics.go:78)"
    logger.go:256: time=2026-03-17T14:38:24.452Z level=DEBUG source=/app/pkg/hive/health/provider.go:89 msg="upserting health status" module=health lastLevel=none reporter-id=health.job-module-status-metrics status="health.job-module-status-metrics: [OK] Running"
    logger.go:256: time=2026-03-17T14:38:24.452Z level=DEBUG source=/app/pkg/hive/health/provider.go:144 msg="stopping health reporter" module=health reporter-id=health.job-module-status-metrics
    logger.go:256: time=2026-03-17T14:38:24.452Z level=DEBUG source=/app/vendor/github.com/cilium/hive/cell/lifecycle.go:194 msg="Stop hook executed" function="*job.queuedJob.Stop (jobs)" detail="module-status-metrics (health.metricPublisher.func2 (.../hive/health/metrics.go:78))" duration=239.543µs
    logger.go:256: time=2026-03-17T14:38:24.452Z level=DEBUG source=/app/vendor/github.com/cilium/hive/cell/lifecycle.go:184 msg="Executing stop hook" function="*job.queuedJob.Stop (jobs)" detail="frontend-events (reconciler.(*ServiceReconciler).processFrontendEvents)"
    logger.go:256: time=2026-03-17T14:38:24.452Z level=DEBUG source=/app/pkg/hive/health/provider.go:144 msg="stopping health reporter" module=health reporter-id=service-reconciler-test.job-frontend-events
    logger.go:256: time=2026-03-17T14:38:24.452Z level=DEBUG source=/app/vendor/github.com/cilium/hive/cell/lifecycle.go:194 msg="Stop hook executed" function="*job.queuedJob.Stop (jobs)" detail="frontend-events (reconciler.(*ServiceReconciler).processFrontendEvents)" duration=33.021µs
    logger.go:256: time=2026-03-17T14:38:24.452Z level=DEBUG source=/app/vendor/github.com/cilium/hive/cell/lifecycle.go:184 msg="Executing stop hook" function="*health.provider.Stop (health)"
    logger.go:256: time=2026-03-17T14:38:24.452Z level=DEBUG source=/app/vendor/github.com/cilium/hive/cell/lifecycle.go:194 msg="Stop hook executed" function="*health.provider.Stop (health)" duration=124ns
    logger.go:256: time=2026-03-17T14:38:24.452Z level=DEBUG source=/app/vendor/github.com/cilium/hive/cell/lifecycle.go:184 msg="Executing stop hook" function="*job.registry.Stop (jobs)"
    logger.go:256: time=2026-03-17T14:38:24.452Z level=DEBUG source=/app/vendor/github.com/cilium/hive/cell/lifecycle.go:194 msg="Stop hook executed" function="*job.registry.Stop (jobs)" duration=1.617µs
    logger.go:256: time=2026-03-17T14:38:24.452Z level=DEBUG source=/app/vendor/github.com/cilium/hive/cell/lifecycle.go:184 msg="Executing stop hook" function="statedb.newHiveDB.func2 (.../cilium/statedb/cell.go:37) (statedb)"
    logger.go:256: time=2026-03-17T14:38:24.452Z level=DEBUG source=/app/vendor/github.com/cilium/hive/cell/lifecycle.go:194 msg="Stop hook executed" function="statedb.newHiveDB.func2 (.../cilium/statedb/cell.go:37) (statedb)" duration=1.91µs
    logger.go:256: time=2026-03-17T14:38:24.452Z level=INFO source=/app/vendor/github.com/cilium/hive/hive.go:405 msg="Stopped hive" duration=485.108µs
--- PASS: Test_ServiceVIPSharing (0.01s)
    --- PASS: Test_ServiceVIPSharing/Add_service_1_(LoadBalancer,_port_80)_with_advertisement (0.00s)
    --- PASS: Test_ServiceVIPSharing/Add_service_2_(LoadBalancer,_port_443)_with_the_same_VIP (0.00s)
    --- PASS: Test_ServiceVIPSharing/Delete_service_1_(LoadBalancer,_port_80) (0.00s)
    --- PASS: Test_ServiceVIPSharing/Delete_service_2_(LoadBalancer,_port_443) (0.00s)
    --- PASS: Test_ServiceVIPSharing/Add_service_1_(LoadBalancer,_port_80)_with_overlapping_advertisement (0.00s)
=== RUN   Test_ServiceAdvertisementWithPeerIPChange
    logger.go:256: time=2026-03-17T14:38:24.459Z level=DEBUG source=/app/vendor/github.com/cilium/hive/cell/invoke.go:38 msg=Invoking function="reconciler.newServiceTestFixture.func5 (.../manager/reconciler/service_test.go:2742)"
    logger.go:256: time=2026-03-17T14:38:24.459Z level=DEBUG source=/app/vendor/github.com/cilium/hive/cell/invoke.go:59 msg=Invoked duration=84.125µs function="reconciler.newServiceTestFixture.func5 (.../manager/reconciler/service_test.go:2742)"
    logger.go:256: time=2026-03-17T14:38:24.459Z level=DEBUG source=/app/vendor/github.com/cilium/hive/cell/invoke.go:38 msg=Invoking function="reconciler.newServiceTestFixture.func6 (.../manager/reconciler/service_test.go:2746)"
    logger.go:256: time=2026-03-17T14:38:24.459Z level=DEBUG source=/app/vendor/github.com/cilium/hive/cell/invoke.go:59 msg=Invoked duration=181.755µs function="reconciler.newServiceTestFixture.func6 (.../manager/reconciler/service_test.go:2746)"
    logger.go:256: time=2026-03-17T14:38:24.459Z level=DEBUG source=/app/vendor/github.com/cilium/hive/cell/invoke.go:38 msg=Invoking function="health.metricPublisher (.../hive/health/metrics.go:59)"
    logger.go:256: time=2026-03-17T14:38:24.459Z level=DEBUG source=/app/vendor/github.com/cilium/hive/cell/invoke.go:59 msg=Invoked duration=47.206µs function="health.metricPublisher (.../hive/health/metrics.go:59)"
    logger.go:256: time=2026-03-17T14:38:24.461Z level=INFO source=/app/vendor/github.com/cilium/hive/hive.go:385 msg="Starting hive"
    logger.go:256: time=2026-03-17T14:38:24.461Z level=DEBUG source=/app/vendor/github.com/cilium/hive/cell/lifecycle.go:139 msg="Executing start hook" function="statedb.newHiveDB.func1 (.../cilium/statedb/cell.go:34) (statedb)"
    logger.go:256: time=2026-03-17T14:38:24.461Z level=DEBUG source=/app/vendor/github.com/cilium/hive/cell/lifecycle.go:149 msg="Start hook executed" function="statedb.newHiveDB.func1 (.../cilium/statedb/cell.go:34) (statedb)" duration=6.074µs
    logger.go:256: time=2026-03-17T14:38:24.461Z level=DEBUG source=/app/vendor/github.com/cilium/hive/cell/lifecycle.go:139 msg="Executing start hook" function="*job.registry.Start (jobs)"
    logger.go:256: time=2026-03-17T14:38:24.461Z level=DEBUG source=/app/vendor/github.com/cilium/hive/cell/lifecycle.go:149 msg="Start hook executed" function="*job.registry.Start (jobs)" duration=855ns
    logger.go:256: time=2026-03-17T14:38:24.461Z level=DEBUG source=/app/vendor/github.com/cilium/hive/cell/lifecycle.go:139 msg="Executing start hook" function="*health.provider.Start (health)"
    logger.go:256: time=2026-03-17T14:38:24.461Z level=DEBUG source=/app/vendor/github.com/cilium/hive/cell/lifecycle.go:149 msg="Start hook executed" function="*health.provider.Start (health)" duration=238ns
    logger.go:256: time=2026-03-17T14:38:24.461Z level=DEBUG source=/app/vendor/github.com/cilium/hive/cell/lifecycle.go:139 msg="Executing start hook" function="*job.queuedJob.Start (jobs)" detail="frontend-events (reconciler.(*ServiceReconciler).processFrontendEvents)"
    logger.go:256: time=2026-03-17T14:38:24.461Z level=DEBUG source=/app/vendor/github.com/cilium/hive/cell/lifecycle.go:149 msg="Start hook executed" function="*job.queuedJob.Start (jobs)" detail="frontend-events (reconciler.(*ServiceReconciler).processFrontendEvents)" duration=25.358µs
    logger.go:256: time=2026-03-17T14:38:24.461Z level=DEBUG source=/app/vendor/github.com/cilium/hive/cell/lifecycle.go:139 msg="Executing start hook" function="*job.queuedJob.Start (jobs)" detail="module-status-metrics (health.metricPublisher.func2 (.../hive/health/metrics.go:78))"
    logger.go:256: time=2026-03-17T14:38:24.461Z level=DEBUG source=/app/vendor/github.com/cilium/hive/cell/lifecycle.go:149 msg="Start hook executed" function="*job.queuedJob.Start (jobs)" detail="module-status-metrics (health.metricPublisher.func2 (.../hive/health/metrics.go:78))" duration=2.207µs
    logger.go:256: time=2026-03-17T14:38:24.461Z level=INFO source=/app/vendor/github.com/cilium/hive/hive.go:389 msg="Started hive" duration=567.078µs
=== RUN   Test_ServiceAdvertisementWithPeerIPChange/Add_service_and_advertisement
=== NAME  Test_ServiceAdvertisementWithPeerIPChange
    logger.go:256: time=2026-03-17T14:38:24.461Z level=DEBUG source=/app/vendor/github.com/cilium/hive/job/oneshot.go:136 msg="Starting one-shot job" module=service-reconciler-test name=frontend-events func=reconciler.(*ServiceReconciler).processFrontendEvents
    logger.go:256: time=2026-03-17T14:38:24.461Z level=DEBUG source=/app/vendor/github.com/cilium/hive/job/oneshot.go:136 msg="Starting one-shot job" module=health name=module-status-metrics func="health.metricPublisher.func2 (.../hive/health/metrics.go:78)"
    logger.go:256: time=2026-03-17T14:38:24.462Z level=DEBUG source=/app/pkg/hive/health/provider.go:89 msg="upserting health status" module=health lastLevel=none reporter-id=service-reconciler-test.job-frontend-events status="service-reconciler-test.job-frontend-events: [OK] Running"
    logger.go:256: time=2026-03-17T14:38:24.462Z level=DEBUG source=/app/pkg/bgp/manager/reconciler/service.go:204 msg="performing all services reconciliation" module=service-reconciler-test
    logger.go:256: time=2026-03-17T14:38:24.462Z level=DEBUG source=/app/pkg/hive/health/provider.go:89 msg="upserting health status" module=health lastLevel=none reporter-id=health.job-module-status-metrics status="health.job-module-status-metrics: [OK] Running"
    logger.go:256: time=2026-03-17T14:38:24.462Z level=DEBUG source=/app/pkg/bgp/manager/reconciler/policies.go:123 msg="Adding route policy" module=service-reconciler-test instance=bgp-65001 policy=red-peer-65001-ipv4-Service-red-svc-non-default-LoadBalancerIP
    logger.go:256: time=2026-03-17T14:38:24.462Z level=DEBUG source=/app/pkg/bgp/manager/reconciler/policies.go:123 msg="Adding route policy" module=service-reconciler-test instance=bgp-65001 policy=red-peer-65001-ipv6-Service-red-svc-non-default-LoadBalancerIP
    logger.go:256: time=2026-03-17T14:38:24.462Z level=DEBUG source=/app/pkg/bgp/manager/reconciler/policies.go:213 msg="Resetting peer due to a routing policy change" module=service-reconciler-test instance=bgp-65001 peer=10.10.10.1 direction=out
    logger.go:256: time=2026-03-17T14:38:24.462Z level=DEBUG source=/app/pkg/bgp/manager/reconciler/paths.go:238 msg="Advertising path" module=service-reconciler-test instance=bgp-65001 resource=non-default/red-svc path=192.168.0.1/32 family=ipv4-unicast
    logger.go:256: time=2026-03-17T14:38:24.462Z level=DEBUG source=/app/pkg/bgp/manager/reconciler/paths.go:238 msg="Advertising path" module=service-reconciler-test instance=bgp-65001 resource=non-default/red-svc path=2001:db8::1/128 family=ipv6-unicast
    logger.go:256: time=2026-03-17T14:38:24.462Z level=DEBUG source=/app/pkg/bgp/manager/reconciler/service.go:212 msg="performing modified services reconciliation" module=service-reconciler-test
=== RUN   Test_ServiceAdvertisementWithPeerIPChange/Change_peer_IP_address
=== NAME  Test_ServiceAdvertisementWithPeerIPChange
    logger.go:256: time=2026-03-17T14:38:24.462Z level=DEBUG source=/app/pkg/bgp/manager/reconciler/service.go:204 msg="performing all services reconciliation" module=service-reconciler-test
    logger.go:256: time=2026-03-17T14:38:24.462Z level=DEBUG source=/app/pkg/bgp/manager/reconciler/policies.go:143 msg="Updating (re-creating) route policy" module=service-reconciler-test instance=bgp-65001 policy=red-peer-65001-ipv4-Service-red-svc-non-default-LoadBalancerIP
    logger.go:256: time=2026-03-17T14:38:24.462Z level=DEBUG source=/app/pkg/bgp/manager/reconciler/policies.go:143 msg="Updating (re-creating) route policy" module=service-reconciler-test instance=bgp-65001 policy=red-peer-65001-ipv6-Service-red-svc-non-default-LoadBalancerIP
    logger.go:256: time=2026-03-17T14:38:24.462Z level=DEBUG source=/app/pkg/bgp/manager/reconciler/policies.go:213 msg="Resetting peer due to a routing policy change" module=service-reconciler-test instance=bgp-65001 peer=10.10.10.99 direction=out
    logger.go:256: time=2026-03-17T14:38:24.462Z level=DEBUG source=/app/pkg/bgp/manager/reconciler/policies.go:213 msg="Resetting peer due to a routing policy change" module=service-reconciler-test instance=bgp-65001 peer=10.10.10.1 direction=out
    logger.go:256: time=2026-03-17T14:38:24.462Z level=DEBUG source=/app/pkg/bgp/manager/reconciler/paths.go:204 msg="no reconciliation necessary" module=service-reconciler-test instance=bgp-65001 resource=non-default/red-svc
    logger.go:256: time=2026-03-17T14:38:24.462Z level=DEBUG source=/app/pkg/bgp/manager/reconciler/paths.go:204 msg="no reconciliation necessary" module=service-reconciler-test instance=bgp-65001 resource=non-default/red-svc
    logger.go:256: time=2026-03-17T14:38:24.462Z level=DEBUG source=/app/pkg/bgp/manager/reconciler/service.go:212 msg="performing modified services reconciliation" module=service-reconciler-test
    logger.go:256: time=2026-03-17T14:38:24.463Z level=INFO source=/app/vendor/github.com/cilium/hive/hive.go:401 msg="Stopping hive"
    logger.go:256: time=2026-03-17T14:38:24.463Z level=DEBUG source=/app/vendor/github.com/cilium/hive/cell/lifecycle.go:184 msg="Executing stop hook" function="*job.queuedJob.Stop (jobs)" detail="module-status-metrics (health.metricPublisher.func2 (.../hive/health/metrics.go:78))"
    logger.go:256: time=2026-03-17T14:38:24.463Z level=DEBUG source=/app/pkg/hive/health/provider.go:144 msg="stopping health reporter" module=health reporter-id=health.job-module-status-metrics
    logger.go:256: time=2026-03-17T14:38:24.463Z level=DEBUG source=/app/vendor/github.com/cilium/hive/cell/lifecycle.go:194 msg="Stop hook executed" function="*job.queuedJob.Stop (jobs)" detail="module-status-metrics (health.metricPublisher.func2 (.../hive/health/metrics.go:78))" duration=73.705µs
    logger.go:256: time=2026-03-17T14:38:24.463Z level=DEBUG source=/app/vendor/github.com/cilium/hive/cell/lifecycle.go:184 msg="Executing stop hook" function="*job.queuedJob.Stop (jobs)" detail="frontend-events (reconciler.(*ServiceReconciler).processFrontendEvents)"
    logger.go:256: time=2026-03-17T14:38:24.463Z level=DEBUG source=/app/pkg/hive/health/provider.go:144 msg="stopping health reporter" module=health reporter-id=service-reconciler-test.job-frontend-events
    logger.go:256: time=2026-03-17T14:38:24.463Z level=DEBUG source=/app/vendor/github.com/cilium/hive/cell/lifecycle.go:194 msg="Stop hook executed" function="*job.queuedJob.Stop (jobs)" detail="frontend-events (reconciler.(*ServiceReconciler).processFrontendEvents)" duration=47.536µs
    logger.go:256: time=2026-03-17T14:38:24.463Z level=DEBUG source=/app/vendor/github.com/cilium/hive/cell/lifecycle.go:184 msg="Executing stop hook" function="*health.provider.Stop (health)"
    logger.go:256: time=2026-03-17T14:38:24.463Z level=DEBUG source=/app/vendor/github.com/cilium/hive/cell/lifecycle.go:194 msg="Stop hook executed" function="*health.provider.Stop (health)" duration=150ns
    logger.go:256: time=2026-03-17T14:38:24.463Z level=DEBUG source=/app/vendor/github.com/cilium/hive/cell/lifecycle.go:184 msg="Executing stop hook" function="*job.registry.Stop (jobs)"
    logger.go:256: time=2026-03-17T14:38:24.463Z level=DEBUG source=/app/vendor/github.com/cilium/hive/cell/lifecycle.go:194 msg="Stop hook executed" function="*job.registry.Stop (jobs)" duration=3.359µs
    logger.go:256: time=2026-03-17T14:38:24.463Z level=DEBUG source=/app/vendor/github.com/cilium/hive/cell/lifecycle.go:184 msg="Executing stop hook" function="statedb.newHiveDB.func2 (.../cilium/statedb/cell.go:37) (statedb)"
    logger.go:256: time=2026-03-17T14:38:24.463Z level=DEBUG source=/app/vendor/github.com/cilium/hive/cell/lifecycle.go:194 msg="Stop hook executed" function="statedb.newHiveDB.func2 (.../cilium/statedb/cell.go:37) (statedb)" duration=3.425µs
    logger.go:256: time=2026-03-17T14:38:24.463Z level=INFO source=/app/vendor/github.com/cilium/hive/hive.go:405 msg="Stopped hive" duration=329.085µs
--- PASS: Test_ServiceAdvertisementWithPeerIPChange (0.01s)
    --- PASS: Test_ServiceAdvertisementWithPeerIPChange/Add_service_and_advertisement (0.00s)
    --- PASS: Test_ServiceAdvertisementWithPeerIPChange/Change_peer_IP_address (0.00s)
PASS
ok  	github.com/cilium/cilium/pkg/bgp/manager/reconciler	1.641s
?   	github.com/cilium/cilium/pkg/bgp/manager/store	[no test files]
?   	github.com/cilium/cilium/pkg/bgp/manager/tables	[no test files]
?   	github.com/cilium/cilium/pkg/bgp/metrics	[no test files]
?   	github.com/cilium/cilium/pkg/bgp/mock	[no test files]
?   	github.com/cilium/cilium/pkg/bgp/option	[no test files]
=== RUN   TestPrivilegedScript
    script_test.go:71: Set PRIVILEGED_TESTS to run this test
--- SKIP: TestPrivilegedScript (0.00s)
PASS
ok  	github.com/cilium/cilium/pkg/bgp/test	0.073s
?   	github.com/cilium/cilium/pkg/bgp/test/commands	[no test files]
=== RUN   Test_RoutePolicyConditionsString
=== RUN   Test_RoutePolicyConditionsString/empty
=== RUN   Test_RoutePolicyConditionsString/sets_only_neighbors
=== RUN   Test_RoutePolicyConditionsString/sets_only_prefixes
=== RUN   Test_RoutePolicyConditionsString/multiple_prefixes
=== RUN   Test_RoutePolicyConditionsString/sets_only_families
=== RUN   Test_RoutePolicyConditionsString/sets_families_and_prefixes
=== RUN   Test_RoutePolicyConditionsString/sets_families_prefixes_neighbors
--- PASS: Test_RoutePolicyConditionsString (0.00s)
    --- PASS: Test_RoutePolicyConditionsString/empty (0.00s)
    --- PASS: Test_RoutePolicyConditionsString/sets_only_neighbors (0.00s)
    --- PASS: Test_RoutePolicyConditionsString/sets_only_prefixes (0.00s)
    --- PASS: Test_RoutePolicyConditionsString/multiple_prefixes (0.00s)
    --- PASS: Test_RoutePolicyConditionsString/sets_only_families (0.00s)
    --- PASS: Test_RoutePolicyConditionsString/sets_families_and_prefixes (0.00s)
    --- PASS: Test_RoutePolicyConditionsString/sets_families_prefixes_neighbors (0.00s)
=== RUN   TestToNeighbor
=== RUN   TestToNeighbor/IPv4_Minimal
=== RUN   TestToNeighbor/IPv6_Minimal
=== RUN   TestToNeighbor/LocalAddress
=== RUN   TestToNeighbor/PeerPort
=== RUN   TestToNeighbor/Timers
=== RUN   TestToNeighbor/AuthPassword
=== RUN   TestToNeighbor/GracefulRestart
=== RUN   TestToNeighbor/EBGPMultihop
=== RUN   TestToNeighbor/Families
=== RUN   TestToNeighbor/Maximum
--- PASS: TestToNeighbor (0.00s)
    --- PASS: TestToNeighbor/IPv4_Minimal (0.00s)
    --- PASS: TestToNeighbor/IPv6_Minimal (0.00s)
    --- PASS: TestToNeighbor/LocalAddress (0.00s)
    --- PASS: TestToNeighbor/PeerPort (0.00s)
    --- PASS: TestToNeighbor/Timers (0.00s)
    --- PASS: TestToNeighbor/AuthPassword (0.00s)
    --- PASS: TestToNeighbor/GracefulRestart (0.00s)
    --- PASS: TestToNeighbor/EBGPMultihop (0.00s)
    --- PASS: TestToNeighbor/Families (0.00s)
    --- PASS: TestToNeighbor/Maximum (0.00s)
PASS
ok  	github.com/cilium/cilium/pkg/bgp/types	0.020s
=== RUN   TestDefaultMapFlags
--- PASS: TestDefaultMapFlags (0.00s)
=== RUN   TestMapValueGroup
    logger.go:256: time=2026-03-17T14:38:29.469Z level=INFO source=/app/vendor/github.com/cilium/hive/hive.go:385 msg="Starting hive"
    logger.go:256: time=2026-03-17T14:38:29.469Z level=INFO source=/app/vendor/github.com/cilium/hive/hive.go:389 msg="Started hive" duration=67.068µs
    logger.go:256: time=2026-03-17T14:38:29.469Z level=INFO source=/app/vendor/github.com/cilium/hive/hive.go:401 msg="Stopping hive"
    logger.go:256: time=2026-03-17T14:38:29.469Z level=INFO source=/app/vendor/github.com/cilium/hive/hive.go:405 msg="Stopped hive" duration=199.1µs
--- PASS: TestMapValueGroup (0.00s)
=== RUN   TestPrivilegedUpgradeMap
    collection_test.go:18: Set PRIVILEGED_TESTS to run this test
--- SKIP: TestPrivilegedUpgradeMap (0.00s)
=== RUN   TestPrintConstants
--- PASS: TestPrintConstants (0.00s)
=== RUN   TestDumpConstants
--- PASS: TestDumpConstants (0.00s)
=== RUN   TestEndpointKeyToString
--- PASS: TestEndpointKeyToString (0.00s)
=== RUN   TestEventsSubscribe
--- PASS: TestEventsSubscribe (0.00s)
=== RUN   TestPrivilegedOpen
    map_linux_test.go:58: Set PRIVILEGED_TESTS to run this test
--- SKIP: TestPrivilegedOpen (0.00s)
=== RUN   TestPrivilegedOpenMap
    map_linux_test.go:58: Set PRIVILEGED_TESTS to run this test
--- SKIP: TestPrivilegedOpenMap (0.00s)
=== RUN   TestPrivilegedOpenOrCreate
    map_linux_test.go:58: Set PRIVILEGED_TESTS to run this test
--- SKIP: TestPrivilegedOpenOrCreate (0.00s)
=== RUN   TestPrivilegedRecreateMap
    map_linux_test.go:58: Set PRIVILEGED_TESTS to run this test
--- SKIP: TestPrivilegedRecreateMap (0.00s)
=== RUN   TestPrivilegedBasicManipulation
    map_linux_test.go:58: Set PRIVILEGED_TESTS to run this test
--- SKIP: TestPrivilegedBasicManipulation (0.00s)
=== RUN   TestPrivilegedSubscribe
    map_linux_test.go:58: Set PRIVILEGED_TESTS to run this test
--- SKIP: TestPrivilegedSubscribe (0.00s)
=== RUN   TestPrivilegedDump
    map_linux_test.go:58: Set PRIVILEGED_TESTS to run this test
--- SKIP: TestPrivilegedDump (0.00s)
=== RUN   TestPrivilegedDumpPerCPU
    map_linux_test.go:84: Set PRIVILEGED_TESTS to run this test
--- SKIP: TestPrivilegedDumpPerCPU (0.00s)
=== RUN   TestPrivilegedDumpReliablyWithCallbackOverlapping
    map_linux_test.go:58: Set PRIVILEGED_TESTS to run this test
--- SKIP: TestPrivilegedDumpReliablyWithCallbackOverlapping (0.00s)
=== RUN   TestPrivilegedDumpReliablyWithCallback
    map_linux_test.go:58: Set PRIVILEGED_TESTS to run this test
--- SKIP: TestPrivilegedDumpReliablyWithCallback (0.00s)
=== RUN   TestPrivilegedDeleteAll
    map_linux_test.go:58: Set PRIVILEGED_TESTS to run this test
--- SKIP: TestPrivilegedDeleteAll (0.00s)
=== RUN   TestPrivilegedGetModel
    map_linux_test.go:58: Set PRIVILEGED_TESTS to run this test
--- SKIP: TestPrivilegedGetModel (0.00s)
=== RUN   TestPrivilegedUnpin
    map_linux_test.go:58: Set PRIVILEGED_TESTS to run this test
--- SKIP: TestPrivilegedUnpin (0.00s)
=== RUN   TestPrivilegedCreateUnpinned
    map_linux_test.go:58: Set PRIVILEGED_TESTS to run this test
--- SKIP: TestPrivilegedCreateUnpinned (0.00s)
=== RUN   TestPrivilegedErrorResolver
    map_linux_test.go:898: Set PRIVILEGED_TESTS to run this test
--- SKIP: TestPrivilegedErrorResolver (0.00s)
=== RUN   TestBatchIteratorTypes
--- PASS: TestBatchIteratorTypes (0.00s)
=== RUN   TestPrivilegedBatchIterator
    map_linux_test.go:990: Set PRIVILEGED_TESTS to run this test
--- SKIP: TestPrivilegedBatchIterator (0.00s)
=== RUN   TestExtractCommonName
--- PASS: TestExtractCommonName (0.00s)
=== RUN   TestZeroValue
--- PASS: TestZeroValue (0.00s)
=== RUN   TestPrivilegedMapOps
    ops_linux_test.go:57: Set PRIVILEGED_TESTS to run this test
--- SKIP: TestPrivilegedMapOps (0.00s)
=== RUN   TestPrivilegedMapOpsPrune
    ops_linux_test.go:112: Set PRIVILEGED_TESTS to run this test
--- SKIP: TestPrivilegedMapOpsPrune (0.00s)
=== RUN   TestPrivilegedMapOps_ReconcilerExample
    ops_linux_test.go:154: Set PRIVILEGED_TESTS to run this test
--- SKIP: TestPrivilegedMapOps_ReconcilerExample (0.00s)
=== RUN   TestPrivilegedUnusedMaps
    unused_maps_test.go:32: Set PRIVILEGED_TESTS to run this test
--- SKIP: TestPrivilegedUnusedMaps (0.00s)
=== RUN   TestPrivilegedUnusedMapsFalseNegative
    unused_maps_test.go:96: Set PRIVILEGED_TESTS to run this test
--- SKIP: TestPrivilegedUnusedMapsFalseNegative (0.00s)
=== RUN   TestUnusedMapsFixedSet
--- PASS: TestUnusedMapsFixedSet (0.00s)
=== RUN   TestRemoveUnusedTailcalls
--- PASS: TestRemoveUnusedTailcalls (0.00s)
PASS
ok  	github.com/cilium/cilium/pkg/bpf	0.062s
=== RUN   TestBitmap
--- PASS: TestBitmap (0.00s)
=== RUN   TestMakeBlocksSimple
--- PASS: TestMakeBlocksSimple (0.00s)
=== RUN   TestBlocksMultiplePredecessors
--- PASS: TestBlocksMultiplePredecessors (0.00s)
=== RUN   TestMakeBlocksManyBranches
--- PASS: TestMakeBlocksManyBranches (0.00s)
=== RUN   TestMakeBlocksCalls
--- PASS: TestMakeBlocksCalls (0.00s)
=== RUN   TestMakeBlocksManyCalls
--- PASS: TestMakeBlocksManyCalls (0.00s)
=== RUN   TestBlocksIterateLocal
--- PASS: TestBlocksIterateLocal (0.00s)
=== RUN   TestBlocksIterateGlobal
--- PASS: TestBlocksIterateGlobal (0.00s)
=== RUN   TestBlocksIterateOffset
--- PASS: TestBlocksIterateOffset (0.00s)
=== RUN   TestBacktracker
--- PASS: TestBacktracker (0.00s)
=== RUN   TestBlocksDump
--- PASS: TestBlocksDump (0.00s)
=== RUN   TestReachabilitySimple
--- PASS: TestReachabilitySimple (0.00s)
=== RUN   TestReachabilityBacktrackBlock
--- PASS: TestReachabilityBacktrackBlock (0.00s)
=== RUN   TestReachabilityLongJump
--- PASS: TestReachabilityLongJump (0.00s)
=== RUN   TestReachabilityConcurrent
--- PASS: TestReachabilityConcurrent (0.00s)
PASS
ok  	github.com/cilium/cilium/pkg/bpf/analyze	0.015s
=== RUN   TestUUIDGenerator
=== RUN   TestUUIDGenerator/1_slots
=== RUN   TestUUIDGenerator/8_slots
=== RUN   TestUUIDGenerator/64_slots
--- PASS: TestUUIDGenerator (0.00s)
    --- PASS: TestUUIDGenerator/1_slots (0.00s)
    --- PASS: TestUUIDGenerator/8_slots (0.00s)
    --- PASS: TestUUIDGenerator/64_slots (0.00s)
PASS
ok  	github.com/cilium/cilium/pkg/bufuuid	0.010s
=== RUN   TestHostToNetwork
--- PASS: TestHostToNetwork (0.00s)
=== RUN   TestNetIPv4ToHost32
--- PASS: TestNetIPv4ToHost32 (0.00s)
=== RUN   TestNetiIPAddrToHost32
--- PASS: TestNetiIPAddrToHost32 (0.00s)
PASS
ok  	github.com/cilium/cilium/pkg/byteorder	0.006s
?   	github.com/cilium/cilium/pkg/cgroups	[no test files]
=== RUN   TestGetPodMetadataOnPodAdd
=== RUN   TestGetPodMetadataOnPodAdd/foo-p1
=== RUN   TestGetPodMetadataOnPodAdd/foo-p2
=== RUN   TestGetPodMetadataOnPodAdd/foo-p1#01
--- PASS: TestGetPodMetadataOnPodAdd (0.00s)
    --- PASS: TestGetPodMetadataOnPodAdd/foo-p1 (0.00s)
    --- PASS: TestGetPodMetadataOnPodAdd/foo-p2 (0.00s)
    --- PASS: TestGetPodMetadataOnPodAdd/foo-p1#01 (0.00s)
=== RUN   TestGetPodMetadataOnPodUpdate
--- PASS: TestGetPodMetadataOnPodUpdate (0.00s)
=== RUN   TestGetPodMetadataOnManagerDisabled
--- PASS: TestGetPodMetadataOnManagerDisabled (0.00s)
=== RUN   TestGetBasePath
=== RUN   TestGetBasePath/Test_index_0
=== RUN   TestGetBasePath/Test_index_1
=== RUN   TestGetBasePath/Test_index_2
=== RUN   TestGetBasePath/Test_index_3
--- PASS: TestGetBasePath (0.00s)
    --- PASS: TestGetBasePath/Test_index_0 (0.00s)
    --- PASS: TestGetBasePath/Test_index_1 (0.00s)
    --- PASS: TestGetBasePath/Test_index_2 (0.00s)
    --- PASS: TestGetBasePath/Test_index_3 (0.00s)
=== RUN   TestGetContainerPath
=== RUN   TestGetContainerPath/default_provider
=== RUN   TestGetContainerPath/default_provider_+_guaranteed_qos_pod
=== RUN   TestGetContainerPath/systemd_provider
=== RUN   TestGetContainerPath/systemd_provider_+_guaranteed_qos_pod_+_crio
=== RUN   TestGetContainerPath/nested_provider
=== RUN   TestGetContainerPath/nested_systemd_provider
=== RUN   TestGetContainerPath/default_provider_+_no_valid_path
=== RUN   TestGetContainerPath/systemd_provider_+_no_valid_path
=== RUN   TestGetContainerPath/nested_systemd_provider_+_no_valid_path
--- PASS: TestGetContainerPath (0.00s)
    --- PASS: TestGetContainerPath/default_provider (0.00s)
    --- PASS: TestGetContainerPath/default_provider_+_guaranteed_qos_pod (0.00s)
    --- PASS: TestGetContainerPath/systemd_provider (0.00s)
    --- PASS: TestGetContainerPath/systemd_provider_+_guaranteed_qos_pod_+_crio (0.00s)
    --- PASS: TestGetContainerPath/nested_provider (0.00s)
    --- PASS: TestGetContainerPath/nested_systemd_provider (0.00s)
    --- PASS: TestGetContainerPath/default_provider_+_no_valid_path (0.00s)
    --- PASS: TestGetContainerPath/systemd_provider_+_no_valid_path (0.00s)
    --- PASS: TestGetContainerPath/nested_systemd_provider_+_no_valid_path (0.00s)
PASS
ok  	github.com/cilium/cilium/pkg/cgroups/manager	0.047s
=== RUN   TestNilString
--- PASS: TestNilString (0.00s)
=== RUN   TestNilDeepCopy
--- PASS: TestNilDeepCopy (0.00s)
=== RUN   TestDeepCopy
--- PASS: TestDeepCopy (0.00s)
=== RUN   TestNewCIDRNil
--- PASS: TestNewCIDRNil (0.00s)
=== RUN   TestIllegalParseCIDR
--- PASS: TestIllegalParseCIDR (0.00s)
=== RUN   TestIllegalMustParseCIDR
--- PASS: TestIllegalMustParseCIDR (0.00s)
=== RUN   TestEqual
--- PASS: TestEqual (0.00s)
=== RUN   TestDiffIPNetLists
--- PASS: TestDiffIPNetLists (0.00s)
PASS
ok  	github.com/cilium/cilium/pkg/cidr	0.019s
=== RUN   TestUpstreamInject
--- PASS: TestUpstreamInject (0.00s)
=== RUN   TestCiliumEnvoyConfigSpec
--- PASS: TestCiliumEnvoyConfigSpec (0.01s)
=== RUN   TestCiliumEnvoyConfig
--- PASS: TestCiliumEnvoyConfig (0.00s)
=== RUN   TestCiliumEnvoyConfigValidation
--- PASS: TestCiliumEnvoyConfigValidation (0.00s)
=== RUN   TestCiliumEnvoyConfigNoAddress
--- PASS: TestCiliumEnvoyConfigNoAddress (0.00s)
=== RUN   TestCiliumEnvoyConfigMulti
--- PASS: TestCiliumEnvoyConfigMulti (0.00s)
=== RUN   TestCiliumEnvoyConfigInternalListener
--- PASS: TestCiliumEnvoyConfigInternalListener (0.00s)
=== RUN   TestCiliumEnvoyConfigMissingInternalListener
--- PASS: TestCiliumEnvoyConfigMissingInternalListener (0.00s)
=== RUN   TestCiliumEnvoyConfigTCPProxy
--- PASS: TestCiliumEnvoyConfigTCPProxy (0.00s)
=== RUN   TestCiliumEnvoyConfigTCPProxyTermination
--- PASS: TestCiliumEnvoyConfigTCPProxyTermination (0.00s)
=== RUN   TestCiliumEnvoyConfigtHTTPHealthCheckFilter
--- PASS: TestCiliumEnvoyConfigtHTTPHealthCheckFilter (0.00s)
=== RUN   TestListenersAddedOrDeleted
--- PASS: TestListenersAddedOrDeleted (0.00s)
=== RUN   TestCiliumEnvoyConfigCombinedValidationContext
--- PASS: TestCiliumEnvoyConfigCombinedValidationContext (0.00s)
=== RUN   TestCiliumEnvoyConfigTlsSessionTicketKeys
--- PASS: TestCiliumEnvoyConfigTlsSessionTicketKeys (0.00s)
=== RUN   TestCiliumEnvoyConfigInjectCiliumFilters
--- PASS: TestCiliumEnvoyConfigInjectCiliumFilters (0.00s)
=== RUN   TestParseEnvoySpec
--- PASS: TestParseEnvoySpec (0.00s)
=== RUN   TestParseEnvoySpecWithService
--- PASS: TestParseEnvoySpecWithService (0.00s)
=== RUN   TestIsCiliumIngress
--- PASS: TestIsCiliumIngress (0.00s)
=== RUN   Test_injectCiliumEnvoyFilters
=== RUN   Test_injectCiliumEnvoyFilters/L7LB_services_defined
=== RUN   Test_injectCiliumEnvoyFilters/L7LB_services_defined_but_override_via_annotation
=== RUN   Test_injectCiliumEnvoyFilters/No_L7LB_services_but_explicit_inject_via_annotation
=== RUN   Test_injectCiliumEnvoyFilters/L7LB_services_defined_and_invalid_annotation_value
=== RUN   Test_injectCiliumEnvoyFilters/No_L7LB_services_and_invalid_annotation_value
=== RUN   Test_injectCiliumEnvoyFilters/No_L7LB_services_and_no_annotation
--- PASS: Test_injectCiliumEnvoyFilters (0.00s)
    --- PASS: Test_injectCiliumEnvoyFilters/L7LB_services_defined (0.00s)
    --- PASS: Test_injectCiliumEnvoyFilters/L7LB_services_defined_but_override_via_annotation (0.00s)
    --- PASS: Test_injectCiliumEnvoyFilters/No_L7LB_services_but_explicit_inject_via_annotation (0.00s)
    --- PASS: Test_injectCiliumEnvoyFilters/L7LB_services_defined_and_invalid_annotation_value (0.00s)
    --- PASS: Test_injectCiliumEnvoyFilters/No_L7LB_services_and_invalid_annotation_value (0.00s)
    --- PASS: Test_injectCiliumEnvoyFilters/No_L7LB_services_and_no_annotation (0.00s)
=== RUN   Test_isL7LB
=== RUN   Test_isL7LB/L7LB_services_defined
=== RUN   Test_isL7LB/L7LB_services_defined_but_override_via_annotation
=== RUN   Test_isL7LB/No_L7LB_services_but_explicit_inject_via_annotation
=== RUN   Test_isL7LB/L7LB_services_defined_and_invalid_annotation_value
=== RUN   Test_isL7LB/No_L7LB_services_and_invalid_annotation_value
=== RUN   Test_isL7LB/No_L7LB_services_and_no_annotation
--- PASS: Test_isL7LB (0.00s)
    --- PASS: Test_isL7LB/L7LB_services_defined (0.00s)
    --- PASS: Test_isL7LB/L7LB_services_defined_but_override_via_annotation (0.00s)
    --- PASS: Test_isL7LB/No_L7LB_services_but_explicit_inject_via_annotation (0.00s)
    --- PASS: Test_isL7LB/L7LB_services_defined_and_invalid_annotation_value (0.00s)
    --- PASS: Test_isL7LB/No_L7LB_services_and_invalid_annotation_value (0.00s)
    --- PASS: Test_isL7LB/No_L7LB_services_and_no_annotation (0.00s)
=== RUN   TestScript
=== RUN   TestScript/anyport.txtar
=== PAUSE TestScript/anyport.txtar
=== RUN   TestScript/backendservices.txtar
=== PAUSE TestScript/backendservices.txtar
=== RUN   TestScript/clusterwide.txtar
=== PAUSE TestScript/clusterwide.txtar
=== RUN   TestScript/headless.txtar
=== PAUSE TestScript/headless.txtar
=== RUN   TestScript/ingress-headless.txtar
=== PAUSE TestScript/ingress-headless.txtar
=== RUN   TestScript/ingress.txtar
=== PAUSE TestScript/ingress.txtar
=== RUN   TestScript/labels.txtar
=== PAUSE TestScript/labels.txtar
=== RUN   TestScript/marshalling.txtar
=== PAUSE TestScript/marshalling.txtar
=== RUN   TestScript/namespaced.txtar
=== PAUSE TestScript/namespaced.txtar
=== RUN   TestScript/shared_cluster.txtar
=== PAUSE TestScript/shared_cluster.txtar
=== RUN   TestScript/terminating.txtar
=== PAUSE TestScript/terminating.txtar
=== CONT  TestScript/anyport.txtar
=== CONT  TestScript/labels.txtar
    scripttest.go:253: 2026-03-17T14:39:11Z
    scripttest.go:255: $WORK=/tmp/TestScriptlabels.txtar319808859/001
=== CONT  TestScript/headless.txtar
    scripttest.go:253: 2026-03-17T14:39:11Z
    scripttest.go:255: $WORK=/tmp/TestScriptheadless.txtar2719126139/001
=== NAME  TestScript/anyport.txtar
    scripttest.go:253: 2026-03-17T14:39:11Z
    scripttest.go:255: $WORK=/tmp/TestScriptanyport.txtar1632524817/001
=== CONT  TestScript/clusterwide.txtar
    scripttest.go:253: 2026-03-17T14:39:11Z
    scripttest.go:255: $WORK=/tmp/TestScriptclusterwide.txtar3088128821/001
=== NAME  TestScript/labels.txtar
    logger.go:256: time=2026-03-17T14:39:11.829Z level=INFO source=/app/pkg/loadbalancer/config.go:371 msg="option bpf-sock-rev-map-max set by dynamic sizing to 262144"
    scripttest.go:72:
        [stdout]
        DATADIR=/app/pkg/ciliumenvoyconfig/testdata
        PWD=/tmp/TestScriptlabels.txtar319808859/001
        WORK=/tmp/TestScriptlabels.txtar319808859/001
        TMPDIR=/tmp/TestScriptlabels.txtar319808859/001/tmp
    logger.go:256: time=2026-03-17T14:39:11.837Z level=INFO source=/app/vendor/github.com/cilium/hive/hive.go:385 msg="Starting hive"
    logger.go:256: time=2026-03-17T14:39:11.837Z level=INFO source=/app/vendor/github.com/cilium/hive/cell/lifecycle.go:147 msg="Start hook executed" module=jobs function=*job.queuedJob.Start detail="sync-local-node (node.NewLocalNodeStore.func1.1 (pkg/node/local_node_store.go:118))" duration=8.777µs
    logger.go:256: time=2026-03-17T14:39:11.837Z level=INFO source=/app/vendor/github.com/cilium/hive/hive.go:389 msg="Started hive" duration=329.435µs
    scripttest.go:72: # Test handling of node label based selection of CECs
        # Start the hive and wait for tables to be synchronized before adding k8s objects. (0.000s)
        > hive start
        > set-node-labels foo=a
        Labels set to map[foo:a]
    scripttest.go:72: # Add CECs with foo=a and foo=b node selectors (0.001s)
        > k8s/add cec_a.yaml cec_b.yaml
=== NAME  TestScript/anyport.txtar
    logger.go:256: time=2026-03-17T14:39:11.839Z level=INFO source=/app/pkg/loadbalancer/config.go:371 msg="option bpf-sock-rev-map-max set by dynamic sizing to 262144"
=== NAME  TestScript/labels.txtar
    logger.go:256: time=2026-03-17T14:39:11.841Z level=INFO source=/app/vendor/github.com/cilium/hive/cell/lifecycle.go:147 msg="Start hook executed" module=jobs function=*job.queuedJob.Start detail="reconcile (reconciler.Register[...].func2 (.../statedb/reconciler/builder.go:84))" duration=4.93µs
    logger.go:256: time=2026-03-17T14:39:11.841Z level=INFO source=/app/vendor/github.com/cilium/hive/cell/lifecycle.go:147 msg="Start hook executed" module=jobs function=*job.queuedJob.Start detail="refresh (reconciler.Register[...].func3 (.../statedb/reconciler/builder.go:86))" duration=99.876µs
=== NAME  TestScript/headless.txtar
    logger.go:256: time=2026-03-17T14:39:11.845Z level=INFO source=/app/pkg/loadbalancer/config.go:371 msg="option bpf-sock-rev-map-max set by dynamic sizing to 262144"
=== NAME  TestScript/anyport.txtar
    scripttest.go:72:
        [stdout]
        DATADIR=/app/pkg/ciliumenvoyconfig/testdata
        PWD=/tmp/TestScriptanyport.txtar1632524817/001
        WORK=/tmp/TestScriptanyport.txtar1632524817/001
        TMPDIR=/tmp/TestScriptanyport.txtar1632524817/001/tmp
    logger.go:256: time=2026-03-17T14:39:11.870Z level=INFO source=/app/vendor/github.com/cilium/hive/hive.go:385 msg="Starting hive"
    logger.go:256: time=2026-03-17T14:39:11.870Z level=INFO source=/app/vendor/github.com/cilium/hive/cell/lifecycle.go:147 msg="Start hook executed" module=jobs function=*job.queuedJob.Start detail="sync-local-node (node.NewLocalNodeStore.func1.1 (pkg/node/local_node_store.go:118))" duration=1.066µs
    logger.go:256: time=2026-03-17T14:39:11.870Z level=INFO source=/app/vendor/github.com/cilium/hive/hive.go:389 msg="Started hive" duration=343.536µs
    scripttest.go:72: # Test handling of CiliumEnvoyConfig, without specifying service ports (0.000s)
        > hive start
=== NAME  TestScript/clusterwide.txtar
    logger.go:256: time=2026-03-17T14:39:11.857Z level=INFO source=/app/pkg/loadbalancer/config.go:371 msg="option bpf-sock-rev-map-max set by dynamic sizing to 262144"
=== NAME  TestScript/anyport.txtar
    logger.go:256: time=2026-03-17T14:39:11.874Z level=INFO source=/app/vendor/github.com/cilium/hive/cell/lifecycle.go:147 msg="Start hook executed" module=jobs function=*job.queuedJob.Start detail="reconcile (reconciler.Register[...].func2 (.../statedb/reconciler/builder.go:84))" duration=3.384µs
=== NAME  TestScript/headless.txtar
    scripttest.go:72:
        [stdout]
        DATADIR=/app/pkg/ciliumenvoyconfig/testdata
        PWD=/tmp/TestScriptheadless.txtar2719126139/001
        WORK=/tmp/TestScriptheadless.txtar2719126139/001
        TMPDIR=/tmp/TestScriptheadless.txtar2719126139/001/tmp
    logger.go:256: time=2026-03-17T14:39:11.877Z level=INFO source=/app/vendor/github.com/cilium/hive/hive.go:385 msg="Starting hive"
    logger.go:256: time=2026-03-17T14:39:11.877Z level=INFO source=/app/vendor/github.com/cilium/hive/cell/lifecycle.go:147 msg="Start hook executed" module=jobs function=*job.queuedJob.Start detail="sync-local-node (node.NewLocalNodeStore.func1.1 (pkg/node/local_node_store.go:118))" duration=1.187µs
    logger.go:256: time=2026-03-17T14:39:11.884Z level=INFO source=/app/vendor/github.com/cilium/hive/hive.go:389 msg="Started hive" duration=7.339251ms
    scripttest.go:72: # Test handling of headless services (0.007s)
        > hive start
=== NAME  TestScript/clusterwide.txtar
    scripttest.go:72:
        [stdout]
        DATADIR=/app/pkg/ciliumenvoyconfig/testdata
        PWD=/tmp/TestScriptclusterwide.txtar3088128821/001
        WORK=/tmp/TestScriptclusterwide.txtar3088128821/001
        TMPDIR=/tmp/TestScriptclusterwide.txtar3088128821/001/tmp
    logger.go:256: time=2026-03-17T14:39:11.885Z level=INFO source=/app/vendor/github.com/cilium/hive/hive.go:385 msg="Starting hive"
    logger.go:256: time=2026-03-17T14:39:11.885Z level=INFO source=/app/vendor/github.com/cilium/hive/cell/lifecycle.go:147 msg="Start hook executed" module=jobs function=*job.queuedJob.Start detail="sync-local-node (node.NewLocalNodeStore.func1.1 (pkg/node/local_node_store.go:118))" duration=1.991µs
    logger.go:256: time=2026-03-17T14:39:11.885Z level=INFO source=/app/vendor/github.com/cilium/hive/hive.go:389 msg="Started hive" duration=162.5µs
    scripttest.go:72: # Test handling of CiliumClusterwideEnvoyConfig (0.000s)
        > hive start
=== NAME  TestScript/headless.txtar
    logger.go:256: time=2026-03-17T14:39:11.885Z level=INFO source=/app/vendor/github.com/cilium/hive/cell/lifecycle.go:147 msg="Start hook executed" module=jobs function=*job.queuedJob.Start detail="reconcile (reconciler.Register[...].func2 (.../statedb/reconciler/builder.go:84))" duration=2.554µs
    logger.go:256: time=2026-03-17T14:39:11.886Z level=INFO source=/app/vendor/github.com/cilium/hive/cell/lifecycle.go:147 msg="Start hook executed" module=jobs function=*job.queuedJob.Start detail="refresh (reconciler.Register[...].func3 (.../statedb/reconciler/builder.go:86))" duration=2.561µs
=== NAME  TestScript/clusterwide.txtar
    logger.go:256: time=2026-03-17T14:39:11.886Z level=INFO source=/app/vendor/github.com/cilium/hive/cell/lifecycle.go:147 msg="Start hook executed" module=jobs function=*job.queuedJob.Start detail="reconcile (reconciler.Register[...].func2 (.../statedb/reconciler/builder.go:84))" duration=3.176µs
    logger.go:256: time=2026-03-17T14:39:11.886Z level=INFO source=/app/vendor/github.com/cilium/hive/cell/lifecycle.go:147 msg="Start hook executed" module=jobs function=*job.queuedJob.Start detail="refresh (reconciler.Register[...].func3 (.../statedb/reconciler/builder.go:86))" duration=1.144µs
=== NAME  TestScript/anyport.txtar
    logger.go:256: time=2026-03-17T14:39:11.880Z level=INFO source=/app/vendor/github.com/cilium/hive/cell/lifecycle.go:147 msg="Start hook executed" module=jobs function=*job.queuedJob.Start detail="refresh (reconciler.Register[...].func3 (.../statedb/reconciler/builder.go:86))" duration=9.855µs
=== NAME  TestScript/headless.txtar
    scripttest.go:72: # Set up the services and endpoints (0.007s)
        > k8s/add service.yaml endpointslice.yaml
        > db/cmp services services.table
=== NAME  TestScript/anyport.txtar
    scripttest.go:72: # Set up the services and endpoints (0.024s)
        > k8s/add service.yaml
        > db/cmp services services.table
        > k8s/add endpointslice.yaml
        > db/cmp backends backends.table
=== NAME  TestScript/labels.txtar
    logger.go:256: time=2026-03-17T14:39:11.896Z level=INFO source=/app/pkg/ciliumenvoyconfig/script_test.go:511 msg=AckProxyPort listener=test/envoy-a/envoy-lb-listener
    scripttest.go:72: # CEC with foo=a should be selected. (0.057s)
        > db/cmp ciliumenvoyconfigs cec_a.table
        > db/cmp envoy-resources envoy-resources-a.table
    scripttest.go:72: # Envoy should be updated (0.000s)
        > * envoy/cmp envoy_a.expected
    scripttest.go:72: # Update the node labels to flip the selected CECs (0.000s)
        > set-node-labels foo=b
        Labels set to map[foo:b]
=== NAME  TestScript/clusterwide.txtar
    scripttest.go:72: # Set up the services and endpoints (0.012s)
        > k8s/add service.yaml endpointslice.yaml
        > db/cmp services services.table
=== NAME  TestScript/anyport.txtar
    logger.go:256: time=2026-03-17T14:39:11.924Z level=INFO source=/app/pkg/ciliumenvoyconfig/script_test.go:511 msg=AckProxyPort listener=test/envoy-lb-listener/envoy-lb-listener
    scripttest.go:72: # Add the CiliumEnvoyConfig and wait for it to be ingested. (0.030s)
        > k8s/add cec.yaml
        > db/cmp ciliumenvoyconfigs cec.table
    scripttest.go:72: # Check that both services are now redirected to proxy. (0.000s)
        > db/cmp services services_redirected.table
    scripttest.go:72: # Check BPF maps. The service should have L7 redirect set. (0.000s)
        > lb/maps-dump lbmaps.out
        > * cmp lbmaps.out lbmaps.expected
    scripttest.go:72: # Check that right updates towards Envoy happened. (0.000s)
        > * envoy/cmp envoy1.expected
    scripttest.go:72: # Test the processing other way around, e.g. CEC exists before
        # the service. Start by dropping the backends. (0.000s)
        > k8s/delete endpointslice.yaml
    scripttest.go:72: # Backends towards Envoy should be dropped.
        > * envoy/cmp envoy2.expected
        resources not equal
        --- <actual>
        +++ envoy2.expected
        @@ -1,56 +1,6 @@
         policy-trigger-count:
           1
        -endpoints:test/echo:
        -  cluster_name: "test/echo"
        -  endpoints: {
        -    lb_endpoints: {
        -      endpoint: {
        -        address: {
        -          socket_address: {
        -            address: "10.244.1.1"
        -            port_value: 25
        -          }
        -        }
        -      }
        -    }
        -    lb_endpoints: {
        -      endpoint: {
        -        address: {
        -          socket_address: {
        -            address: "10.244.1.1"
        -            port_value: 8080
        -          }
        -        }
        -      }
        -    }
        -  }
        -
        -endpoints:test/echo:*:
        -  cluster_name: "test/echo:*"
        -  endpoints: {
        -    lb_endpoints: {
        -      endpoint: {
        -        address: {
        -          socket_address: {
        -            address: "10.244.1.1"
        -            port_value: 25
        -          }
        -        }
        -      }
        -    }
        -    lb_endpoints: {
        -      endpoint: {
        -        address: {
        -          socket_address: {
        -            address: "10.244.1.1"
        -            port_value: 8080
        -          }
        -        }
        -      }
        -    }
        -  }
        -
         listener:test/envoy-lb-listener/envoy-lb-listener:
           name: "test/envoy-lb-listener/envoy-lb-listener"
           address: {
             socket_address: {

        (to update expected files run test again with -scripttest.update)
=== NAME  TestScript/headless.txtar
    logger.go:256: time=2026-03-17T14:39:11.936Z level=INFO source=/app/pkg/ciliumenvoyconfig/script_test.go:511 msg=AckProxyPort listener=test/envoy-lb-listener/envoy-lb-listener
    scripttest.go:72: # Add the CiliumEnvoyConfig and wait for it to be ingested. (0.045s)
        > k8s/add cec.yaml
        > db/cmp ciliumenvoyconfigs cec.table
        > db/cmp envoy-resources envoy-resources.table
    scripttest.go:72: # Check that right updates towards Envoy happened. (0.000s)
        > * envoy/cmp envoy1.expected
=== NAME  TestScript/clusterwide.txtar
    logger.go:256: time=2026-03-17T14:39:11.938Z level=INFO source=/app/pkg/ciliumenvoyconfig/script_test.go:511 msg=AckProxyPort listener=/envoy-lb-listener-2/envoy-lb-listener-2
    scripttest.go:72: # Add the CiliumClusterwideEnvoyConfig and wait for it to be ingested. (0.041s)
        > k8s/add ccec.yaml
        > db/cmp ciliumenvoyconfigs cec.table
        > db/cmp envoy-resources envoy-resources.table
    scripttest.go:72: # Check that both services are now redirected to proxy. (0.000s)
        > db/cmp services services_redirected.table
    scripttest.go:72: # Check that right updates towards Envoy happened. (0.000s)
        > * envoy/cmp envoy1.expected
    scripttest.go:72: # Test the processing other way around, e.g. CEC exists before
        # the service. (0.001s)
        > k8s/delete service.yaml endpointslice.yaml
    scripttest.go:72: # Services should now be empty and there should be no backends in the
        # cluster resource.
        > * db/empty services
=== NAME  TestScript/headless.txtar
    scripttest.go:72: # Test the processing other way around, e.g. CEC exists before
        # the service. Start by dropping the backends. (0.003s)
        > k8s/delete endpointslice.yaml
    scripttest.go:72: # Backends towards Envoy should be dropped.
        > * envoy/cmp envoy2.expected
        resources not equal
        --- <actual>
        +++ envoy2.expected
        @@ -1,21 +1,6 @@
         policy-trigger-count:
           1
        -endpoints:test/echo:80:
        -  cluster_name: "test/echo:80"
        -  endpoints: {
        -    lb_endpoints: {
        -      endpoint: {
        -        address: {
        -          socket_address: {
        -            address: "10.244.1.1"
        -            port_value: 8080
        -          }
        -        }
        -      }
        -    }
        -  }
        -
         listener:test/envoy-lb-listener/envoy-lb-listener:
           name: "test/envoy-lb-listener/envoy-lb-listener"
           address: {
             socket_address: {

        (to update expected files run test again with -scripttest.update)
=== NAME  TestScript/labels.txtar
    logger.go:256: time=2026-03-17T14:39:11.998Z level=INFO source=/app/pkg/ciliumenvoyconfig/script_test.go:511 msg=AckProxyPort listener=test/envoy-b/envoy-lb-listener
    logger.go:256: time=2026-03-17T14:39:11.998Z level=INFO source=/app/pkg/ciliumenvoyconfig/script_test.go:527 msg=ReleaseProxyPort listener=test/envoy-a/envoy-lb-listener
    scripttest.go:72: # CEC with foo=b should be selected. (0.102s)
        > db/cmp ciliumenvoyconfigs cec_b.table
        > db/cmp envoy-resources envoy-resources-b.table
    scripttest.go:72: # Envoy should be updated (0.000s)
        > * envoy/cmp envoy_b.expected
    scripttest.go:72: # ---------------------------------------------
    logger.go:256: time=2026-03-17T14:39:11.999Z level=INFO source=/app/vendor/github.com/cilium/hive/hive.go:401 msg="Stopping hive"
    logger.go:256: time=2026-03-17T14:39:12.001Z level=ERROR source=/app/pkg/hive/health/provider.go:223 msg="failed to delete reporter status tree" module=health error="provider is stopped, no more updates will take place"
    logger.go:256: time=2026-03-17T14:39:12.002Z level=INFO source=/app/vendor/github.com/cilium/hive/cell/lifecycle.go:192 msg="Stop hook executed" module=jobs function=*job.queuedJob.Stop detail="refresh (reconciler.Register[...].func3 (.../statedb/reconciler/builder.go:86))" duration=249.925µs
    logger.go:256: time=2026-03-17T14:39:12.002Z level=ERROR source=/app/pkg/hive/health/provider.go:223 msg="failed to delete reporter status tree" module=health error="provider is stopped, no more updates will take place"
    logger.go:256: time=2026-03-17T14:39:12.002Z level=INFO source=/app/vendor/github.com/cilium/hive/cell/lifecycle.go:192 msg="Stop hook executed" module=jobs function=*job.queuedJob.Stop detail="reconcile (reconciler.Register[...].func2 (.../statedb/reconciler/builder.go:84))" duration=198.938µs
    logger.go:256: time=2026-03-17T14:39:12.002Z level=INFO source=/app/vendor/github.com/cilium/hive/cell/lifecycle.go:192 msg="Stop hook executed" module=jobs function=*job.queuedJob.Stop detail="sync-local-node (node.NewLocalNodeStore.func1.1 (pkg/node/local_node_store.go:118))" duration=1.856µs
    logger.go:256: time=2026-03-17T14:39:12.002Z level=INFO source=/app/vendor/github.com/cilium/hive/hive.go:405 msg="Stopped hive" duration=2.965286ms
=== CONT  TestScript/ingress.txtar
    scripttest.go:253: 2026-03-17T14:39:12Z
    scripttest.go:255: $WORK=/tmp/TestScriptingress.txtar3588104957/001
    logger.go:256: time=2026-03-17T14:39:12.013Z level=INFO source=/app/pkg/loadbalancer/config.go:371 msg="option bpf-sock-rev-map-max set by dynamic sizing to 262144"
    scripttest.go:72:
        [stdout]
        DATADIR=/app/pkg/ciliumenvoyconfig/testdata
        PWD=/tmp/TestScriptingress.txtar3588104957/001
        WORK=/tmp/TestScriptingress.txtar3588104957/001
        TMPDIR=/tmp/TestScriptingress.txtar3588104957/001/tmp
    logger.go:256: time=2026-03-17T14:39:12.021Z level=INFO source=/app/vendor/github.com/cilium/hive/hive.go:385 msg="Starting hive"
    logger.go:256: time=2026-03-17T14:39:12.021Z level=INFO source=/app/vendor/github.com/cilium/hive/cell/lifecycle.go:147 msg="Start hook executed" module=jobs function=*job.queuedJob.Start detail="reconcile (reconciler.Register[...].func2 (.../statedb/reconciler/builder.go:84))" duration=1.41µs
    logger.go:256: time=2026-03-17T14:39:12.021Z level=INFO source=/app/vendor/github.com/cilium/hive/cell/lifecycle.go:147 msg="Start hook executed" module=jobs function=*job.queuedJob.Start detail="refresh (reconciler.Register[...].func3 (.../statedb/reconciler/builder.go:86))" duration=1.758µs
    logger.go:256: time=2026-03-17T14:39:12.022Z level=INFO source=/app/vendor/github.com/cilium/hive/cell/lifecycle.go:147 msg="Start hook executed" module=jobs function=*job.queuedJob.Start detail="sync-local-node (node.NewLocalNodeStore.func1.1 (pkg/node/local_node_store.go:118))" duration=28.211µs
    logger.go:256: time=2026-03-17T14:39:12.023Z level=INFO source=/app/vendor/github.com/cilium/hive/hive.go:389 msg="Started hive" duration=1.909069ms
    scripttest.go:72: #! --lb-test-fault-probability=0.0
        # Test the CiliumEnvoyConfig handling for the ingress service created by the operator.
        # This validates that we process the service even though it has no endpoints associated
        # to it.
        # Based on https://docs.cilium.io/en/stable/network/servicemesh/http/, with files
        # dumped using e.g. "kubectl get svc/details -o yaml". (0.002s)
        > hive/start
=== NAME  TestScript/anyport.txtar
    scripttest.go:72: (command "* envoy/cmp envoy2.expected" failed, retrying in 100ms...)
    scripttest.go:72: (command "* envoy/cmp envoy2.expected" succeeded after 1 retries in 0.101s)
        # Drop the service (0.000s)
        > k8s/delete service.yaml
    scripttest.go:72: # Services should be empty
        > * db/empty services
=== NAME  TestScript/ingress.txtar
    scripttest.go:72: # Add the objects (0.008s)
        > k8s/add svc-ingress.yaml cec.yaml
        > k8s/add svc-details.yaml eps-details.yaml
        > k8s/add svc-productpage.yaml eps-productpage.yaml
=== NAME  TestScript/headless.txtar
    scripttest.go:72: (command "* envoy/cmp envoy2.expected" failed, retrying in 100ms...)
    scripttest.go:72: (command "* envoy/cmp envoy2.expected" succeeded after 1 retries in 0.101s)
        # Drop the service. No changes towards envoy as the load assignments
        # do not change. (0.000s)
        > k8s/delete service.yaml
    scripttest.go:72: # Wait until empty
        > * db/empty services
=== NAME  TestScript/clusterwide.txtar
    scripttest.go:72: (command "* db/empty services" failed, retrying in 100ms...)
    scripttest.go:72: (command "* db/empty services" succeeded after 1 retries in 0.102s)
        > db/cmp envoy-resources envoy-resources-no-backends.table
    scripttest.go:72: # Backends towards Envoy should be updated. (0.000s)
        > * envoy/cmp envoy2.expected
=== NAME  TestScript/ingress.txtar
    logger.go:256: time=2026-03-17T14:39:12.074Z level=INFO source=/app/pkg/ciliumenvoyconfig/script_test.go:511 msg=AckProxyPort listener=default/cilium-ingress-default-basic-ingress/listener
    scripttest.go:72: # Validate tables (0.043s)
        > db/cmp services services.table
        > db/cmp frontends frontends.table
        > db/cmp backends backends.table
        > db/cmp ciliumenvoyconfigs cec.table
        > db/cmp envoy-resources envoy.table
    scripttest.go:72: # Validate BPF maps. The "basic-ingress" (port 80) frontends should be redirected to proxy.
        # Matching with grep so we don't need to deal with ID allocation ordering issues. (0.000s)
        > lb/maps-dump maps.actual
        > * grep '0.0.0.0:31988/TCP.*L7Proxy=1000' maps.actual
        matched: SVC: ID=2 ADDR=0.0.0.0:31988/TCP SLOT=0 L7Proxy=1000 COUNT=0 QCOUNT=0 FLAGS=NodePort+non-routable+l7-load-balancer
        > * grep '10.96.171.236:80/TCP.*L7Proxy=1000' maps.actual
        matched: SVC: ID=3 ADDR=10.96.171.236:80/TCP SLOT=0 L7Proxy=1000 COUNT=0 QCOUNT=0 FLAGS=ClusterIP+non-routable+l7-load-balancer
    scripttest.go:72: # The https NodePort and ClusterIP frontends should not be redirected according
        # to 'services.ports' in cec.yaml. (0.000s)
        > ! grep '10.96.171.236:443/TCP.*L7Proxy=1000' maps.actual
        > ! grep '0.0.0.0:30979/TCP.*L7Proxy=1000' maps.actual
    scripttest.go:72: # Validate the resources sent to Envoy (0.001s)
        > * envoy/cmp envoy.expected
    scripttest.go:72: ###
    logger.go:256: time=2026-03-17T14:39:12.077Z level=INFO source=/app/vendor/github.com/cilium/hive/hive.go:401 msg="Stopping hive"
    logger.go:256: time=2026-03-17T14:39:12.079Z level=INFO source=/app/vendor/github.com/cilium/hive/cell/lifecycle.go:192 msg="Stop hook executed" module=jobs function=*job.queuedJob.Stop detail="sync-local-node (node.NewLocalNodeStore.func1.1 (pkg/node/local_node_store.go:118))" duration=1.079µs
    logger.go:256: time=2026-03-17T14:39:12.079Z level=ERROR source=/app/pkg/hive/health/provider.go:223 msg="failed to delete reporter status tree" module=health error="provider is stopped, no more updates will take place"
    logger.go:256: time=2026-03-17T14:39:12.079Z level=INFO source=/app/vendor/github.com/cilium/hive/cell/lifecycle.go:192 msg="Stop hook executed" module=jobs function=*job.queuedJob.Stop detail="refresh (reconciler.Register[...].func3 (.../statedb/reconciler/builder.go:86))" duration=100.865µs
    logger.go:256: time=2026-03-17T14:39:12.079Z level=ERROR source=/app/pkg/hive/health/provider.go:223 msg="failed to delete reporter status tree" module=health error="provider is stopped, no more updates will take place"
    logger.go:256: time=2026-03-17T14:39:12.079Z level=INFO source=/app/vendor/github.com/cilium/hive/cell/lifecycle.go:192 msg="Stop hook executed" module=jobs function=*job.queuedJob.Stop detail="reconcile (reconciler.Register[...].func2 (.../statedb/reconciler/builder.go:84))" duration=130.942µs
    logger.go:256: time=2026-03-17T14:39:12.079Z level=INFO source=/app/vendor/github.com/cilium/hive/hive.go:405 msg="Stopped hive" duration=2.661095ms
=== CONT  TestScript/ingress-headless.txtar
    scripttest.go:253: 2026-03-17T14:39:12Z
    scripttest.go:255: $WORK=/tmp/TestScriptingress-headless.txtar1725671950/001
    logger.go:256: time=2026-03-17T14:39:12.088Z level=INFO source=/app/pkg/loadbalancer/config.go:371 msg="option bpf-sock-rev-map-max set by dynamic sizing to 262144"
    scripttest.go:72:
        [stdout]
        DATADIR=/app/pkg/ciliumenvoyconfig/testdata
        PWD=/tmp/TestScriptingress-headless.txtar1725671950/001
        WORK=/tmp/TestScriptingress-headless.txtar1725671950/001
        TMPDIR=/tmp/TestScriptingress-headless.txtar1725671950/001/tmp
    logger.go:256: time=2026-03-17T14:39:12.094Z level=INFO source=/app/vendor/github.com/cilium/hive/hive.go:385 msg="Starting hive"
    logger.go:256: time=2026-03-17T14:39:12.094Z level=INFO source=/app/vendor/github.com/cilium/hive/cell/lifecycle.go:147 msg="Start hook executed" module=jobs function=*job.queuedJob.Start detail="sync-local-node (node.NewLocalNodeStore.func1.1 (pkg/node/local_node_store.go:118))" duration=1.012µs
    logger.go:256: time=2026-03-17T14:39:12.094Z level=INFO source=/app/vendor/github.com/cilium/hive/hive.go:389 msg="Started hive" duration=277.192µs
    logger.go:256: time=2026-03-17T14:39:12.095Z level=INFO source=/app/vendor/github.com/cilium/hive/cell/lifecycle.go:147 msg="Start hook executed" module=jobs function=*job.queuedJob.Start detail="reconcile (reconciler.Register[...].func2 (.../statedb/reconciler/builder.go:84))" duration=3.003µs
    logger.go:256: time=2026-03-17T14:39:12.095Z level=INFO source=/app/vendor/github.com/cilium/hive/cell/lifecycle.go:147 msg="Start hook executed" module=jobs function=*job.queuedJob.Start detail="refresh (reconciler.Register[...].func3 (.../statedb/reconciler/builder.go:86))" duration=39.681µs
    scripttest.go:72: #! --lb-test-fault-probability=0.0
        # This is similar to the ingress.txtar test but derived from the 'ci-ingress' e2e test.
        # It's catching a regression where CEC controller did not recompute the backends on
        # changes (https://github.com/cilium/statedb/pull/90). (0.010s)
        > hive/start
        > k8s/add cec-headless.yaml
    scripttest.go:72: # Add service "details-headless" which has the prefix of "details-headless-endpoint-slices" (0.006s)
        > k8s/add svc-details-headless.yaml
        > k8s/add eps-details-headless-endpoint-slice.yaml
        > k8s/add eps-details-headless.yaml
=== NAME  TestScript/anyport.txtar
    scripttest.go:72: (command "* db/empty services" failed, retrying in 100ms...)
=== NAME  TestScript/clusterwide.txtar
    scripttest.go:72: # Add back the service and endpoints (0.098s)
        > k8s/add service.yaml endpointslice.yaml
        > db/cmp services services_redirected.table
    scripttest.go:72: # Check again that updates happened. (0.000s)
        > * envoy/cmp envoy3.expected
    scripttest.go:72: # Remove the CCEC (0.000s)
        > k8s/delete ccec.yaml
=== NAME  TestScript/headless.txtar
    scripttest.go:72: (command "* db/empty services" failed, retrying in 100ms...)
=== NAME  TestScript/ingress-headless.txtar
    logger.go:256: time=2026-03-17T14:39:12.150Z level=INFO source=/app/pkg/ciliumenvoyconfig/script_test.go:511 msg=AckProxyPort listener=default/cilium-ingress-default-basic-ingress-headless/listener
=== NAME  TestScript/headless.txtar
    scripttest.go:72: (command "* db/empty services" succeeded after 1 retries in 0.101s)
        # Add back the service and endpoints (0.010s)
        > k8s/add service.yaml endpointslice.yaml
        > db/cmp services services.table
    scripttest.go:72: # Check again that updates happened.
        > * envoy/cmp envoy3.expected
        resources not equal
        --- <actual>
        +++ envoy3.expected
        @@ -1,6 +1,21 @@
         policy-trigger-count:
           1
        +endpoints:test/echo:80:
        +  cluster_name: "test/echo:80"
        +  endpoints: {
        +    lb_endpoints: {
        +      endpoint: {
        +        address: {
        +          socket_address: {
        +            address: "10.244.1.1"
        +            port_value: 8080
        +          }
        +        }
        +      }
        +    }
        +  }
        +
         listener:test/envoy-lb-listener/envoy-lb-listener:
           name: "test/envoy-lb-listener/envoy-lb-listener"
           address: {
             socket_address: {

        (to update expected files run test again with -scripttest.update)
=== NAME  TestScript/anyport.txtar
    scripttest.go:72: (command "* db/empty services" succeeded after 1 retries in 0.102s)
        # Add back the service and endpoints (0.107s)
        > k8s/add service.yaml endpointslice.yaml
        > db/cmp services services_redirected.table
    scripttest.go:72: # Check again that updates happened. (0.000s)
        > * envoy/cmp envoy3.expected
    scripttest.go:72: # Cleanup. Remove CEC and check that proxy redirect is gone. (0.000s)
        > k8s/delete cec.yaml
    scripttest.go:72: # Tables should be empty
        > * db/empty ciliumenvoyconfigs envoy-resources
=== NAME  TestScript/clusterwide.txtar
    logger.go:256: time=2026-03-17T14:39:12.242Z level=INFO source=/app/pkg/ciliumenvoyconfig/script_test.go:527 msg=ReleaseProxyPort listener=/envoy-lb-listener-2/envoy-lb-listener-2
    scripttest.go:72: # Proxy redirect and CEC should be gone (0.102s)
        > db/cmp services services.table
        > * db/empty ciliumenvoyconfigs
        > * db/empty envoy-resources
    scripttest.go:72: # The listener should now be deleted. (0.000s)
        > * envoy/cmp envoy4.expected
    scripttest.go:72: # ---------------------------------------------
    logger.go:256: time=2026-03-17T14:39:12.242Z level=INFO source=/app/vendor/github.com/cilium/hive/hive.go:401 msg="Stopping hive"
    logger.go:256: time=2026-03-17T14:39:12.243Z level=ERROR source=/app/pkg/hive/health/provider.go:223 msg="failed to delete reporter status tree" module=health error="provider is stopped, no more updates will take place"
    logger.go:256: time=2026-03-17T14:39:12.243Z level=INFO source=/app/vendor/github.com/cilium/hive/cell/lifecycle.go:192 msg="Stop hook executed" module=jobs function=*job.queuedJob.Stop detail="refresh (reconciler.Register[...].func3 (.../statedb/reconciler/builder.go:86))" duration=39.646µs
    logger.go:256: time=2026-03-17T14:39:12.243Z level=ERROR source=/app/pkg/hive/health/provider.go:223 msg="failed to delete reporter status tree" module=health error="provider is stopped, no more updates will take place"
    logger.go:256: time=2026-03-17T14:39:12.243Z level=INFO source=/app/vendor/github.com/cilium/hive/cell/lifecycle.go:192 msg="Stop hook executed" module=jobs function=*job.queuedJob.Stop detail="reconcile (reconciler.Register[...].func2 (.../statedb/reconciler/builder.go:84))" duration=85.866µs
    logger.go:256: time=2026-03-17T14:39:12.243Z level=INFO source=/app/vendor/github.com/cilium/hive/cell/lifecycle.go:192 msg="Stop hook executed" module=jobs function=*job.queuedJob.Stop detail="sync-local-node (node.NewLocalNodeStore.func1.1 (pkg/node/local_node_store.go:118))" duration=1.208µs
    logger.go:256: time=2026-03-17T14:39:12.243Z level=INFO source=/app/vendor/github.com/cilium/hive/hive.go:405 msg="Stopped hive" duration=744.237µs
=== CONT  TestScript/shared_cluster.txtar
    scripttest.go:253: 2026-03-17T14:39:12Z
    scripttest.go:255: $WORK=/tmp/TestScriptshared_cluster.txtar131580075/001
=== NAME  TestScript/headless.txtar
    scripttest.go:72: (command "* envoy/cmp envoy3.expected" failed, retrying in 100ms...)
        resources not equal
        --- <actual>
        +++ envoy3.expected
        @@ -1,6 +1,21 @@
         policy-trigger-count:
           1
        +endpoints:test/echo:80:
        +  cluster_name: "test/echo:80"
        +  endpoints: {
        +    lb_endpoints: {
        +      endpoint: {
        +        address: {
        +          socket_address: {
        +            address: "10.244.1.1"
        +            port_value: 8080
        +          }
        +        }
        +      }
        +    }
        +  }
        +
         listener:test/envoy-lb-listener/envoy-lb-listener:
           name: "test/envoy-lb-listener/envoy-lb-listener"
           address: {
             socket_address: {

        (to update expected files run test again with -scripttest.update)
=== NAME  TestScript/shared_cluster.txtar
    logger.go:256: time=2026-03-17T14:39:12.257Z level=INFO source=/app/pkg/loadbalancer/config.go:371 msg="option bpf-sock-rev-map-max set by dynamic sizing to 262144"
    scripttest.go:72:
        [stdout]
        DATADIR=/app/pkg/ciliumenvoyconfig/testdata
        PWD=/tmp/TestScriptshared_cluster.txtar131580075/001
        WORK=/tmp/TestScriptshared_cluster.txtar131580075/001
        TMPDIR=/tmp/TestScriptshared_cluster.txtar131580075/001/tmp
    scripttest.go:72: # Test sharing of a cluster resource between two CiliumEnvoyConfigs.
        # Add a node address for NodePort services (0.000s)
        > db/insert node-addresses addrv4.yaml
    logger.go:256: time=2026-03-17T14:39:12.261Z level=INFO source=/app/vendor/github.com/cilium/hive/hive.go:385 msg="Starting hive"
    logger.go:256: time=2026-03-17T14:39:12.263Z level=INFO source=/app/vendor/github.com/cilium/hive/cell/lifecycle.go:147 msg="Start hook executed" module=jobs function=*job.queuedJob.Start detail="reconcile (reconciler.Register[...].func2 (.../statedb/reconciler/builder.go:84))" duration=1.48µs
    logger.go:256: time=2026-03-17T14:39:12.263Z level=INFO source=/app/vendor/github.com/cilium/hive/cell/lifecycle.go:147 msg="Start hook executed" module=jobs function=*job.queuedJob.Start detail="refresh (reconciler.Register[...].func3 (.../statedb/reconciler/builder.go:86))" duration=1.123µs
    logger.go:256: time=2026-03-17T14:39:12.263Z level=INFO source=/app/vendor/github.com/cilium/hive/cell/lifecycle.go:147 msg="Start hook executed" module=jobs function=*job.queuedJob.Start detail="sync-local-node (node.NewLocalNodeStore.func1.1 (pkg/node/local_node_store.go:118))" duration=29.971µs
    logger.go:256: time=2026-03-17T14:39:12.265Z level=INFO source=/app/vendor/github.com/cilium/hive/hive.go:389 msg="Started hive" duration=3.620011ms
    scripttest.go:72: # Start the hive and wait for tables to be synchronized before adding k8s objects. (0.005s)
        > hive start
    scripttest.go:72: # Set up the services and endpoints (0.017s)
        > k8s/add service.yaml
        > db/cmp services services.table
        > k8s/add endpointslice.yaml
        > db/cmp backends backends.table
    scripttest.go:72: # cecA.yaml adds a listener and redirects the service to it, (0.000s)
        > k8s/add cecA.yaml
    scripttest.go:72: # Wait for ingestion before we add cecB.yaml.
        > !* db/empty envoy-resources
=== NAME  TestScript/ingress-headless.txtar
    scripttest.go:72: # Wait a bit before adding the service "details-headless-endpoint-slices". The bug caused
        # CEC controller not to process this due to the wrong StateDB watch channel.
        # The wait needs to be higher than the wait duration in the [cecController.processLoop]. (0.201s)
        > sleep 200ms
        > k8s/add svc-headless-endpoint-slice.yaml
=== NAME  TestScript/shared_cluster.txtar
    logger.go:256: time=2026-03-17T14:39:12.315Z level=INFO source=/app/pkg/ciliumenvoyconfig/script_test.go:511 msg=AckProxyPort listener=test/listener-a/listener
=== NAME  TestScript/anyport.txtar
    logger.go:256: time=2026-03-17T14:39:12.336Z level=INFO source=/app/pkg/ciliumenvoyconfig/script_test.go:527 msg=ReleaseProxyPort listener=test/envoy-lb-listener/envoy-lb-listener
    scripttest.go:72: (command "* db/empty ciliumenvoyconfigs envoy-resources" failed, retrying in 100ms...)
    scripttest.go:72: (command "* db/empty ciliumenvoyconfigs envoy-resources" succeeded after 1 retries in 0.100s)
        > db/cmp services services.table
    scripttest.go:72: # The listener should now be deleted. (0.000s)
        > * envoy/cmp envoy4.expected
    scripttest.go:72: # ---------------------------------------------
    logger.go:256: time=2026-03-17T14:39:12.338Z level=INFO source=/app/vendor/github.com/cilium/hive/hive.go:401 msg="Stopping hive"
    logger.go:256: time=2026-03-17T14:39:12.338Z level=ERROR source=/app/pkg/hive/health/provider.go:223 msg="failed to delete reporter status tree" module=health error="provider is stopped, no more updates will take place"
    logger.go:256: time=2026-03-17T14:39:12.338Z level=INFO source=/app/vendor/github.com/cilium/hive/cell/lifecycle.go:192 msg="Stop hook executed" module=jobs function=*job.queuedJob.Stop detail="refresh (reconciler.Register[...].func3 (.../statedb/reconciler/builder.go:86))" duration=192.031µs
    logger.go:256: time=2026-03-17T14:39:12.338Z level=ERROR source=/app/pkg/hive/health/provider.go:199 msg="failed to upsert ok health status" module=health error="provider is stopped, no more updates will take place"
    logger.go:256: time=2026-03-17T14:39:12.339Z level=ERROR source=/app/pkg/hive/health/provider.go:223 msg="failed to delete reporter status tree" module=health error="provider is stopped, no more updates will take place"
    logger.go:256: time=2026-03-17T14:39:12.339Z level=INFO source=/app/vendor/github.com/cilium/hive/cell/lifecycle.go:192 msg="Stop hook executed" module=jobs function=*job.queuedJob.Stop detail="reconcile (reconciler.Register[...].func2 (.../statedb/reconciler/builder.go:84))" duration=293.84µs
    logger.go:256: time=2026-03-17T14:39:12.339Z level=INFO source=/app/vendor/github.com/cilium/hive/cell/lifecycle.go:192 msg="Stop hook executed" module=jobs function=*job.queuedJob.Stop detail="sync-local-node (node.NewLocalNodeStore.func1.1 (pkg/node/local_node_store.go:118))" duration=1.631µs
    logger.go:256: time=2026-03-17T14:39:12.339Z level=INFO source=/app/vendor/github.com/cilium/hive/hive.go:405 msg="Stopped hive" duration=1.508398ms
=== CONT  TestScript/terminating.txtar
    scripttest.go:253: 2026-03-17T14:39:12Z
    scripttest.go:255: $WORK=/tmp/TestScriptterminating.txtar1112119899/001
    logger.go:256: time=2026-03-17T14:39:12.348Z level=INFO source=/app/pkg/loadbalancer/config.go:371 msg="option bpf-sock-rev-map-max set by dynamic sizing to 262144"
    scripttest.go:72:
        [stdout]
        DATADIR=/app/pkg/ciliumenvoyconfig/testdata
        PWD=/tmp/TestScriptterminating.txtar1112119899/001
        WORK=/tmp/TestScriptterminating.txtar1112119899/001
        TMPDIR=/tmp/TestScriptterminating.txtar1112119899/001/tmp
    logger.go:256: time=2026-03-17T14:39:12.353Z level=INFO source=/app/vendor/github.com/cilium/hive/hive.go:385 msg="Starting hive"
    logger.go:256: time=2026-03-17T14:39:12.354Z level=INFO source=/app/vendor/github.com/cilium/hive/cell/lifecycle.go:147 msg="Start hook executed" module=jobs function=*job.queuedJob.Start detail="sync-local-node (node.NewLocalNodeStore.func1.1 (pkg/node/local_node_store.go:118))" duration=1.118µs
    logger.go:256: time=2026-03-17T14:39:12.355Z level=INFO source=/app/vendor/github.com/cilium/hive/hive.go:389 msg="Started hive" duration=1.517876ms
    scripttest.go:72: # Terminating backends should be synced towards Envoy only when no active backends
        # are available.
        # Start the hive and wait for tables to be synchronized before adding k8s objects. (0.002s)
        > hive start
    logger.go:256: time=2026-03-17T14:39:12.355Z level=INFO source=/app/vendor/github.com/cilium/hive/cell/lifecycle.go:147 msg="Start hook executed" module=jobs function=*job.queuedJob.Start detail="reconcile (reconciler.Register[...].func2 (.../statedb/reconciler/builder.go:84))" duration=4.854µs
    logger.go:256: time=2026-03-17T14:39:12.355Z level=INFO source=/app/vendor/github.com/cilium/hive/cell/lifecycle.go:147 msg="Start hook executed" module=jobs function=*job.queuedJob.Start detail="refresh (reconciler.Register[...].func3 (.../statedb/reconciler/builder.go:86))" duration=993ns
    scripttest.go:72: # Set up the services and endpoints. We start with two backends
        # 10.244.1.1 and 10.244.1.2 and both are in active state. (0.020s)
        > k8s/add service.yaml
        > db/cmp services services.table
        > k8s/add endpointslice.yaml
        > db/cmp backends backends.table
=== NAME  TestScript/shared_cluster.txtar
    scripttest.go:72: (command "!* db/empty envoy-resources" failed, retrying in 100ms...)
=== NAME  TestScript/terminating.txtar
    logger.go:256: time=2026-03-17T14:39:12.406Z level=INFO source=/app/pkg/ciliumenvoyconfig/script_test.go:511 msg=AckProxyPort listener=test/envoy-lb-listener/envoy-lb-listener
    scripttest.go:72: # Add the CiliumEnvoyConfig and wait for it to be ingested. Both
        # backends are synced. (0.032s)
        > k8s/add cec.yaml
        > db/cmp ciliumenvoyconfigs cec.table
        > db/cmp envoy-resources envoy-resources.table
    scripttest.go:72: # Check that both services are now redirected to L7 proxy. (0.000s)
        > db/cmp services services_redirected.table
        > db/cmp frontends frontends.table
=== NAME  TestScript/shared_cluster.txtar
    logger.go:256: time=2026-03-17T14:39:12.416Z level=INFO source=/app/pkg/ciliumenvoyconfig/script_test.go:511 msg=AckProxyPort listener=test/listener-b/listener
    scripttest.go:72: (command "!* db/empty envoy-resources" succeeded after 1 retries in 0.101s)
        # cecB.yaml adds an internal listener and just pulls the backends without
        # redirection. (0.031s)
        > k8s/add cecB.yaml
        > db/cmp ciliumenvoyconfigs cec.table
        > db/cmp envoy-resources envoy-resources.table
    scripttest.go:72: # Check that both services are now redirected to proxy. (0.000s)
        > db/cmp services services_redirected.table
        > db/cmp frontends frontends.table
    scripttest.go:72: # Check BPF maps. The service should have L7 redirect set. (0.000s)
        > lb/maps-dump lbmaps.out
        > * cmp lbmaps.out lbmaps.expected
=== NAME  TestScript/ingress-headless.txtar
    scripttest.go:72: # We should now see the details-headless-endpoint-slice endpoint. (0.103s)
        > db/cmp envoy-resources envoy-resources.table
    scripttest.go:72: #####
    logger.go:256: time=2026-03-17T14:39:12.417Z level=INFO source=/app/vendor/github.com/cilium/hive/hive.go:401 msg="Stopping hive"
    logger.go:256: time=2026-03-17T14:39:12.418Z level=ERROR source=/app/pkg/hive/health/provider.go:223 msg="failed to delete reporter status tree" module=health error="provider is stopped, no more updates will take place"
    logger.go:256: time=2026-03-17T14:39:12.418Z level=INFO source=/app/vendor/github.com/cilium/hive/cell/lifecycle.go:192 msg="Stop hook executed" module=jobs function=*job.queuedJob.Stop detail="refresh (reconciler.Register[...].func3 (.../statedb/reconciler/builder.go:86))" duration=51.66µs
    logger.go:256: time=2026-03-17T14:39:12.418Z level=ERROR source=/app/pkg/hive/health/provider.go:223 msg="failed to delete reporter status tree" module=health error="provider is stopped, no more updates will take place"
    logger.go:256: time=2026-03-17T14:39:12.418Z level=INFO source=/app/vendor/github.com/cilium/hive/cell/lifecycle.go:192 msg="Stop hook executed" module=jobs function=*job.queuedJob.Stop detail="reconcile (reconciler.Register[...].func2 (.../statedb/reconciler/builder.go:84))" duration=38.085µs
    logger.go:256: time=2026-03-17T14:39:12.418Z level=INFO source=/app/vendor/github.com/cilium/hive/cell/lifecycle.go:192 msg="Stop hook executed" module=jobs function=*job.queuedJob.Stop detail="sync-local-node (node.NewLocalNodeStore.func1.1 (pkg/node/local_node_store.go:118))" duration=995ns
    logger.go:256: time=2026-03-17T14:39:12.418Z level=INFO source=/app/vendor/github.com/cilium/hive/hive.go:405 msg="Stopped hive" duration=829.349µs
=== CONT  TestScript/namespaced.txtar
=== NAME  TestScript/shared_cluster.txtar
    scripttest.go:72: # Check that right updates towards Envoy happened.
        # We should have two listeners and one cluster. (0.002s)
        > * envoy/cmp envoy1.expected
=== NAME  TestScript/namespaced.txtar
    scripttest.go:253: 2026-03-17T14:39:12Z
    scripttest.go:255: $WORK=/tmp/TestScriptnamespaced.txtar3352916244/001
    logger.go:256: time=2026-03-17T14:39:12.447Z level=INFO source=/app/pkg/loadbalancer/config.go:371 msg="option bpf-sock-rev-map-max set by dynamic sizing to 262144"
=== NAME  TestScript/headless.txtar
    scripttest.go:72: (command "* envoy/cmp envoy3.expected" failed, retrying in 200ms...)
    scripttest.go:72: (command "* envoy/cmp envoy3.expected" succeeded after 2 retries in 0.305s)
        # Adding an unrelated service does not trigger updates. (0.001s)
        > k8s/add unrelated_service.yaml unrelated_endpointslice.yaml
    scripttest.go:72: # No updates should happen. (0.001s)
        > envoy/cmp envoy3.expected
        > k8s/delete unrelated_service.yaml unrelated_endpointslice.yaml
    scripttest.go:72: # Remove the CEC (0.000s)
        > k8s/delete cec.yaml
    scripttest.go:72: # Check tables, the redirect should be gone and ciliumenvoyconfigs should be empty.
        > * db/empty ciliumenvoyconfigs
=== NAME  TestScript/namespaced.txtar
    scripttest.go:72:
        [stdout]
        DATADIR=/app/pkg/ciliumenvoyconfig/testdata
        PWD=/tmp/TestScriptnamespaced.txtar3352916244/001
        WORK=/tmp/TestScriptnamespaced.txtar3352916244/001
        TMPDIR=/tmp/TestScriptnamespaced.txtar3352916244/001/tmp
    scripttest.go:72: # Test handling of CiliumEnvoyConfig
        # Add a node address for NodePort services (0.000s)
        > db/insert node-addresses addrv4.yaml
    logger.go:256: time=2026-03-17T14:39:12.462Z level=INFO source=/app/vendor/github.com/cilium/hive/hive.go:385 msg="Starting hive"
    logger.go:256: time=2026-03-17T14:39:12.462Z level=INFO source=/app/vendor/github.com/cilium/hive/cell/lifecycle.go:147 msg="Start hook executed" module=jobs function=*job.queuedJob.Start detail="sync-local-node (node.NewLocalNodeStore.func1.1 (pkg/node/local_node_store.go:118))" duration=1.042µs
    logger.go:256: time=2026-03-17T14:39:12.462Z level=INFO source=/app/vendor/github.com/cilium/hive/hive.go:389 msg="Started hive" duration=219.593µs
    scripttest.go:72: # Start the hive and wait for tables to be synchronized before adding k8s objects. (0.000s)
        > hive start
    logger.go:256: time=2026-03-17T14:39:12.463Z level=INFO source=/app/vendor/github.com/cilium/hive/cell/lifecycle.go:147 msg="Start hook executed" module=jobs function=*job.queuedJob.Start detail="reconcile (reconciler.Register[...].func2 (.../statedb/reconciler/builder.go:84))" duration=2.752µs
    logger.go:256: time=2026-03-17T14:39:12.463Z level=INFO source=/app/vendor/github.com/cilium/hive/cell/lifecycle.go:147 msg="Start hook executed" module=jobs function=*job.queuedJob.Start detail="refresh (reconciler.Register[...].func3 (.../statedb/reconciler/builder.go:86))" duration=1.32µs
    scripttest.go:72: # Set up the services and endpoints (0.022s)
        > k8s/add service.yaml
        > db/cmp services services.table
        > k8s/add endpointslice.yaml
        > db/cmp backends backends.table
=== NAME  TestScript/terminating.txtar
    scripttest.go:72: # Mark one backend as terminating. Only 10.244.1.2 should now be
        # pushed to Envoy. (0.100s)
        > k8s/update endpointslice-1-terminating.yaml
        > db/cmp backends backends-1-terminating.table
        > db/cmp envoy-resources envoy-resources-1-terminating.table
=== NAME  TestScript/namespaced.txtar
    logger.go:256: time=2026-03-17T14:39:12.513Z level=INFO source=/app/pkg/ciliumenvoyconfig/script_test.go:511 msg=AckProxyPort listener=test/envoy-lb-listener/envoy-lb-listener
    scripttest.go:72: # Add the CiliumEnvoyConfig and wait for it to be ingested. (0.030s)
        > k8s/add cec.yaml
        > db/cmp ciliumenvoyconfigs cec.table
        > db/cmp envoy-resources envoy-resources.table
    scripttest.go:72: # Check that both services are now redirected to proxy. (0.000s)
        > db/cmp services services_redirected.table
        > db/cmp frontends frontends.table
    scripttest.go:72: # Check BPF maps. The service should have L7 redirect set. (0.000s)
        > lb/maps-dump lbmaps.out
        > * cmp lbmaps.out lbmaps.expected
    scripttest.go:72: # Check that right updates towards Envoy happened. (0.000s)
        > * envoy/cmp envoy1.expected
    scripttest.go:72: # Test the processing other way around, e.g. CEC exists before
        # the service. Start by dropping the backends. (0.019s)
        > k8s/delete endpointslice.yaml
    scripttest.go:72: # Backends towards Envoy should be dropped.
        > * envoy/cmp envoy2.expected
        resources not equal
        --- <actual>
        +++ envoy2.expected
        @@ -1,21 +1,6 @@
         policy-trigger-count:
           1
        -endpoints:test/echo:80:
        -  cluster_name: "test/echo:80"
        -  endpoints: {
        -    lb_endpoints: {
        -      endpoint: {
        -        address: {
        -          socket_address: {
        -            address: "10.244.1.1"
        -            port_value: 8080
        -          }
        -        }
        -      }
        -    }
        -  }
        -
         listener:test/envoy-lb-listener/envoy-lb-listener:
           name: "test/envoy-lb-listener/envoy-lb-listener"
           address: {
             socket_address: {

        (to update expected files run test again with -scripttest.update)
=== NAME  TestScript/headless.txtar
    scripttest.go:72: (command "* db/empty ciliumenvoyconfigs" failed, retrying in 100ms...)
    scripttest.go:72: (command "* db/empty ciliumenvoyconfigs" succeeded after 1 retries in 0.101s)
        > db/cmp services services.table
    scripttest.go:72: # The listener should now be deleted.
        > * envoy/cmp envoy4.expected
        resources not equal
        --- <actual>
        +++ envoy4.expected
        @@ -1,46 +1,3 @@
         policy-trigger-count:
        -  1
        -endpoints:test/echo:80:
        -  cluster_name: "test/echo:80"
        -  endpoints: {
        -    lb_endpoints: {
        -      endpoint: {
        -        address: {
        -          socket_address: {
        -            address: "10.244.1.1"
        -            port_value: 8080
        -          }
        -        }
        -      }
        -    }
        -  }
        -
        -listener:test/envoy-lb-listener/envoy-lb-listener:
        -  name: "test/envoy-lb-listener/envoy-lb-listener"
        -  address: {
        -    socket_address: {
        -      address: "127.0.0.1"
        -      port_value: 1000
        -    }
        -  }
        -  additional_addresses: {
        -    address: {
        -      socket_address: {
        -        address: "::1"
        -        port_value: 1000
        -      }
        -    }
        -  }
        -  listener_filters: {
        -    name: "cilium.bpf_metadata"
        -    typed_config: {
        -      [type.googleapis.com/cilium.BpfMetadata]: {
        -        bpf_root: "/sys/fs/bpf"
        -        use_original_source_address: true
        -        proxy_id: 1000
        -        ipcache_name: "cilium_ipcache_v2"
        -      }
        -    }
        -  }
        -
        +  2


        (to update expected files run test again with -scripttest.update)
=== NAME  TestScript/shared_cluster.txtar
    scripttest.go:72: # Removing cecA.yaml won't affect the endpoints of cecB.yaml. (0.146s)
        > k8s/delete cecA.yaml
        > db/cmp envoy-resources envoy-resources-only-b.table
    logger.go:256: time=2026-03-17T14:39:12.566Z level=INFO source=/app/pkg/ciliumenvoyconfig/script_test.go:527 msg=ReleaseProxyPort listener=test/listener-a/listener
    scripttest.go:72: # Check envoy updates. Should still have a listener-b and endpoints.
        > * envoy/cmp envoy2.expected
        resources not equal
        --- <actual>
        +++ envoy2.expected
        @@ -1,52 +1,6 @@
         policy-trigger-count:
        -  2
        -clusters:test/listener-a/test:echo:80:
        -  name: "test/listener-a/test:echo:80"
        -  eds_cluster_config: {
        -    service_name: "test/echo:80"
        -  }
        -  connect_timeout: {
        -    seconds: 5
        -  }
        -  circuit_breakers: {
        -    thresholds: {
        -      max_connections: {
        -        value: 1024
        -      }
        -      max_requests: {
        -        value: 1024
        -      }
        -      max_retries: {
        -        value: 128
        -      }
        -    }
        -  }
        -  typed_extension_protocol_options: {
        -    key: "envoy.extensions.upstreams.http.v3.HttpProtocolOptions"
        -    value: {
        -      [type.googleapis.com/envoy.extensions.upstreams.http.v3.HttpProtocolOptions]: {
        -        use_downstream_protocol_config: {
        -          http2_protocol_options: {}
        -        }
        -        http_filters: {
        -          name: "cilium.l7policy"
        -          typed_config: {
        -            [type.googleapis.com/cilium.L7Policy]: {
        -              access_log_path: "envoy/sockets/access_log.sock"
        -            }
        -          }
        -        }
        -        http_filters: {
        -          name: "envoy.filters.http.upstream_codec"
        -          typed_config: {
        -            [type.googleapis.com/envoy.extensions.filters.http.upstream_codec.v3.UpstreamCodec]: {}
        -          }
        -        }
        -      }
        -    }
        -  }
        -
        +  3
         clusters:test/listener-b/test:echo:80:
           name: "test/listener-b/test:echo:80"
           eds_cluster_config: {
             service_name: "test/echo:80"
        @@ -82,37 +36,8 @@
               }
             }
           }

        -listener:test/listener-a/listener:
        -  name: "test/listener-a/listener"
        -  address: {
        -    socket_address: {
        -      address: "127.0.0.1"
        -      port_value: 1000
        -    }
        -  }
        -  additional_addresses: {
        -    address: {
        -      socket_address: {
        -        address: "::1"
        -        port_value: 1000
        -      }
        -    }
        -  }
        -  listener_filters: {
        -    name: "cilium.bpf_metadata"
        -    typed_config: {
        -      [type.googleapis.com/cilium.BpfMetadata]: {
        -        bpf_root: "/sys/fs/bpf"
        -        use_original_source_address: true
        -        is_l7lb: true
        -        proxy_id: 1000
        -        ipcache_name: "cilium_ipcache_v2"
        -      }
        -    }
        -  }
        -
         listener:test/listener-b/listener:
           name: "test/listener-b/listener"
           address: {
             socket_address: {

        (to update expected files run test again with -scripttest.update)
=== NAME  TestScript/headless.txtar
    logger.go:256: time=2026-03-17T14:39:12.587Z level=INFO source=/app/pkg/ciliumenvoyconfig/script_test.go:527 msg=ReleaseProxyPort listener=test/envoy-lb-listener/envoy-lb-listener
=== NAME  TestScript/terminating.txtar
    scripttest.go:72: # Mark both as terminating. Now both backends should be synced again since they're
        # used as fallbacks. (0.101s)
        > k8s/update endpointslice-both-terminating.yaml
        > db/cmp backends backends-both-terminating.table
        > db/cmp envoy-resources envoy-resources.table
    scripttest.go:72: # ---------------------------------------------
    logger.go:256: time=2026-03-17T14:39:12.609Z level=INFO source=/app/vendor/github.com/cilium/hive/hive.go:401 msg="Stopping hive"
    logger.go:256: time=2026-03-17T14:39:12.610Z level=ERROR source=/app/pkg/hive/health/provider.go:223 msg="failed to delete reporter status tree" module=health error="provider is stopped, no more updates will take place"
    logger.go:256: time=2026-03-17T14:39:12.610Z level=INFO source=/app/vendor/github.com/cilium/hive/cell/lifecycle.go:192 msg="Stop hook executed" module=jobs function=*job.queuedJob.Stop detail="refresh (reconciler.Register[...].func3 (.../statedb/reconciler/builder.go:86))" duration=47.12µs
    logger.go:256: time=2026-03-17T14:39:12.610Z level=ERROR source=/app/pkg/hive/health/provider.go:223 msg="failed to delete reporter status tree" module=health error="provider is stopped, no more updates will take place"
    logger.go:256: time=2026-03-17T14:39:12.610Z level=INFO source=/app/vendor/github.com/cilium/hive/cell/lifecycle.go:192 msg="Stop hook executed" module=jobs function=*job.queuedJob.Stop detail="reconcile (reconciler.Register[...].func2 (.../statedb/reconciler/builder.go:84))" duration=37.016µs
    logger.go:256: time=2026-03-17T14:39:12.610Z level=INFO source=/app/vendor/github.com/cilium/hive/cell/lifecycle.go:192 msg="Stop hook executed" module=jobs function=*job.queuedJob.Stop detail="sync-local-node (node.NewLocalNodeStore.func1.1 (pkg/node/local_node_store.go:118))" duration=773ns
    logger.go:256: time=2026-03-17T14:39:12.610Z level=INFO source=/app/vendor/github.com/cilium/hive/hive.go:405 msg="Stopped hive" duration=818.299µs
=== CONT  TestScript/backendservices.txtar
    scripttest.go:253: 2026-03-17T14:39:12Z
    scripttest.go:255: $WORK=/tmp/TestScriptbackendservices.txtar3480030849/001
    logger.go:256: time=2026-03-17T14:39:12.622Z level=INFO source=/app/pkg/loadbalancer/config.go:371 msg="option bpf-sock-rev-map-max set by dynamic sizing to 262144"
    scripttest.go:72:
        [stdout]
        DATADIR=/app/pkg/ciliumenvoyconfig/testdata
        PWD=/tmp/TestScriptbackendservices.txtar3480030849/001
        WORK=/tmp/TestScriptbackendservices.txtar3480030849/001
        TMPDIR=/tmp/TestScriptbackendservices.txtar3480030849/001/tmp
    logger.go:256: time=2026-03-17T14:39:12.627Z level=INFO source=/app/vendor/github.com/cilium/hive/hive.go:385 msg="Starting hive"
    logger.go:256: time=2026-03-17T14:39:12.629Z level=INFO source=/app/vendor/github.com/cilium/hive/cell/lifecycle.go:147 msg="Start hook executed" module=jobs function=*job.queuedJob.Start detail="sync-local-node (node.NewLocalNodeStore.func1.1 (pkg/node/local_node_store.go:118))" duration=2.816µs
    logger.go:256: time=2026-03-17T14:39:12.629Z level=INFO source=/app/vendor/github.com/cilium/hive/hive.go:389 msg="Started hive" duration=1.66963ms
    scripttest.go:72: # Test handling of CiliumEnvoyConfig with backend services. (0.002s)
        > hive start
    logger.go:256: time=2026-03-17T14:39:12.630Z level=INFO source=/app/vendor/github.com/cilium/hive/cell/lifecycle.go:147 msg="Start hook executed" module=jobs function=*job.queuedJob.Start detail="reconcile (reconciler.Register[...].func2 (.../statedb/reconciler/builder.go:84))" duration=1.947µs
    logger.go:256: time=2026-03-17T14:39:12.630Z level=INFO source=/app/vendor/github.com/cilium/hive/cell/lifecycle.go:147 msg="Start hook executed" module=jobs function=*job.queuedJob.Start detail="refresh (reconciler.Register[...].func3 (.../statedb/reconciler/builder.go:86))" duration=2.167µs
=== NAME  TestScript/namespaced.txtar
    scripttest.go:72: (command "* envoy/cmp envoy2.expected" failed, retrying in 100ms...)
    scripttest.go:72: (command "* envoy/cmp envoy2.expected" succeeded after 1 retries in 0.102s)
        # Drop the service (0.000s)
        > k8s/delete service.yaml
    scripttest.go:72: # Services should be empty
        > * db/empty services
=== NAME  TestScript/backendservices.txtar
    scripttest.go:72: # Set up the services and endpoints. Add the test/frontend first and wait for it
        # to reconcile. (0.010s)
        > k8s/add service.yaml endpointslice.yaml
        > db/cmp frontends frontends1.table
    scripttest.go:72: # Add the first backend service with named ports. The 'http' one
        # will be matched and the backend with port 9080 chosen. The
        # existence of the alternative port name (http-alt) should not
        # affect the matching. Wait for frontends to be reconciled for
        # deterministic ID allocation. (0.010s)
        > k8s/add be_service.yaml be_endpointslice.yaml
        > db/cmp frontends frontends2.table
    scripttest.go:72: # Then add a second one with unnamed ports. (0.010s)
        > k8s/add be_service_unnamed_port.yaml be_endpointslice_unnamed_port.yaml
        > db/cmp services services.table
=== NAME  TestScript/headless.txtar
    scripttest.go:72: (command "* envoy/cmp envoy4.expected" failed, retrying in 100ms...)
    scripttest.go:72: (command "* envoy/cmp envoy4.expected" succeeded after 1 retries in 0.108s)
        # ---------------------------------------------
    logger.go:256: time=2026-03-17T14:39:12.669Z level=INFO source=/app/vendor/github.com/cilium/hive/hive.go:401 msg="Stopping hive"
    logger.go:256: time=2026-03-17T14:39:12.669Z level=ERROR source=/app/pkg/hive/health/provider.go:223 msg="failed to delete reporter status tree" module=health error="provider is stopped, no more updates will take place"
    logger.go:256: time=2026-03-17T14:39:12.669Z level=INFO source=/app/vendor/github.com/cilium/hive/cell/lifecycle.go:192 msg="Stop hook executed" module=jobs function=*job.queuedJob.Stop detail="refresh (reconciler.Register[...].func3 (.../statedb/reconciler/builder.go:86))" duration=43.539µs
    logger.go:256: time=2026-03-17T14:39:12.670Z level=ERROR source=/app/pkg/hive/health/provider.go:223 msg="failed to delete reporter status tree" module=health error="provider is stopped, no more updates will take place"
    logger.go:256: time=2026-03-17T14:39:12.670Z level=INFO source=/app/vendor/github.com/cilium/hive/cell/lifecycle.go:192 msg="Stop hook executed" module=jobs function=*job.queuedJob.Stop detail="reconcile (reconciler.Register[...].func2 (.../statedb/reconciler/builder.go:84))" duration=37.86µs
    logger.go:256: time=2026-03-17T14:39:12.670Z level=INFO source=/app/vendor/github.com/cilium/hive/cell/lifecycle.go:192 msg="Stop hook executed" module=jobs function=*job.queuedJob.Stop detail="sync-local-node (node.NewLocalNodeStore.func1.1 (pkg/node/local_node_store.go:118))" duration=1.018µs
    logger.go:256: time=2026-03-17T14:39:12.670Z level=INFO source=/app/vendor/github.com/cilium/hive/hive.go:405 msg="Stopped hive" duration=847.046µs
=== CONT  TestScript/marshalling.txtar
=== NAME  TestScript/shared_cluster.txtar
    scripttest.go:72: (command "* envoy/cmp envoy2.expected" failed, retrying in 100ms...)
    scripttest.go:72: (command "* envoy/cmp envoy2.expected" succeeded after 1 retries in 0.106s)
        # Removing cecB.yaml will clean up everything. (0.000s)
        > k8s/delete cecB.yaml
    scripttest.go:72: # Tables are empty
        > * db/empty ciliumenvoyconfigs envoy-resources
=== NAME  TestScript/marshalling.txtar
    scripttest.go:253: 2026-03-17T14:39:12Z
    scripttest.go:255: $WORK=/tmp/TestScriptmarshalling.txtar4213574514/001
=== NAME  TestScript/backendservices.txtar
    scripttest.go:72: # Add the CiliumEnvoyConfig and wait for it to be ingested. (0.021s)
        > k8s/add cec.yaml
        > db/cmp ciliumenvoyconfigs cec.table
    logger.go:256: time=2026-03-17T14:39:12.681Z level=INFO source=/app/pkg/ciliumenvoyconfig/script_test.go:511 msg=AckProxyPort listener=test/ingress/listener
    scripttest.go:72: # Check that service is now redirected to proxy. (0.001s)
        > db/cmp services services_redirected.table
        > db/cmp frontends frontends3.table
        > db/cmp envoy-resources envoy-resources.table
    scripttest.go:72: # Check BPF maps. The service should have L7 redirect set. (0.000s)
        > lb/maps-dump lbmaps.out
        > * cmp lbmaps.out lbmaps.expected
    scripttest.go:72: # Check that right updates towards Envoy happened. (0.000s)
        > * envoy/cmp envoy1.expected
    scripttest.go:72: # Cleanup (0.000s)
        > k8s/delete cec.yaml
=== NAME  TestScript/marshalling.txtar
    logger.go:256: time=2026-03-17T14:39:12.696Z level=INFO source=/app/pkg/loadbalancer/config.go:371 msg="option bpf-sock-rev-map-max set by dynamic sizing to 262144"
    scripttest.go:72:
        [stdout]
        DATADIR=/app/pkg/ciliumenvoyconfig/testdata
        PWD=/tmp/TestScriptmarshalling.txtar4213574514/001
        WORK=/tmp/TestScriptmarshalling.txtar4213574514/001
        TMPDIR=/tmp/TestScriptmarshalling.txtar4213574514/001/tmp
    logger.go:256: time=2026-03-17T14:39:12.708Z level=INFO source=/app/vendor/github.com/cilium/hive/hive.go:385 msg="Starting hive"
    logger.go:256: time=2026-03-17T14:39:12.708Z level=INFO source=/app/vendor/github.com/cilium/hive/cell/lifecycle.go:147 msg="Start hook executed" module=jobs function=*job.queuedJob.Start detail="sync-local-node (node.NewLocalNodeStore.func1.1 (pkg/node/local_node_store.go:118))" duration=1.01µs
    logger.go:256: time=2026-03-17T14:39:12.708Z level=INFO source=/app/vendor/github.com/cilium/hive/hive.go:389 msg="Started hive" duration=293.555µs
    scripttest.go:72: # Test the JSON marshalling for Table[CEC] and Table[EnvoyResource]
        # Start the hive and wait for tables to be synchronized before adding k8s objects. (0.000s)
        > hive start
    logger.go:256: time=2026-03-17T14:39:12.710Z level=INFO source=/app/vendor/github.com/cilium/hive/cell/lifecycle.go:147 msg="Start hook executed" module=jobs function=*job.queuedJob.Start detail="reconcile (reconciler.Register[...].func2 (.../statedb/reconciler/builder.go:84))" duration=4.02µs
    logger.go:256: time=2026-03-17T14:39:12.710Z level=INFO source=/app/vendor/github.com/cilium/hive/cell/lifecycle.go:147 msg="Start hook executed" module=jobs function=*job.queuedJob.Start detail="refresh (reconciler.Register[...].func3 (.../statedb/reconciler/builder.go:86))" duration=1.782µs
=== NAME  TestScript/namespaced.txtar
    scripttest.go:72: (command "* db/empty services" failed, retrying in 100ms...)
=== NAME  TestScript/marshalling.txtar
    logger.go:256: time=2026-03-17T14:39:12.761Z level=INFO source=/app/pkg/ciliumenvoyconfig/script_test.go:511 msg=AckProxyPort listener=test/envoy-lb-listener/envoy-lb-listener
    scripttest.go:72: # Add the objects and wait for it to be ingested. (0.053s)
        > k8s/add service.yaml endpointslice.yaml cec.yaml
        > db/cmp ciliumenvoyconfigs cec.table
        > db/cmp envoy-resources envoy-resources.table
=== NAME  TestScript/shared_cluster.txtar
    scripttest.go:72: (command "* db/empty ciliumenvoyconfigs envoy-resources" failed, retrying in 100ms...)
=== NAME  TestScript/marshalling.txtar
    scripttest.go:72: # Test JSON marshalling (0.012s)
        > db/show ciliumenvoyconfigs --format=json --out=actual.json
        > cmp actual.json cec-expected.json
        > db/show envoy-resources --format=json --out=actual.json
        > sed '"updated-at":.*' '"updated-at": <redacted>,' actual.json
        > sed '"id":.*' '"id": <redacted>,' actual.json
        > cmp actual.json envoy-resources-expected.json
    scripttest.go:72: #####
    logger.go:256: time=2026-03-17T14:39:12.774Z level=INFO source=/app/vendor/github.com/cilium/hive/hive.go:401 msg="Stopping hive"
    logger.go:256: time=2026-03-17T14:39:12.775Z level=ERROR source=/app/pkg/hive/health/provider.go:223 msg="failed to delete reporter status tree" module=health error="provider is stopped, no more updates will take place"
    logger.go:256: time=2026-03-17T14:39:12.775Z level=INFO source=/app/vendor/github.com/cilium/hive/cell/lifecycle.go:192 msg="Stop hook executed" module=jobs function=*job.queuedJob.Stop detail="refresh (reconciler.Register[...].func3 (.../statedb/reconciler/builder.go:86))" duration=95.846µs
    logger.go:256: time=2026-03-17T14:39:12.775Z level=ERROR source=/app/pkg/hive/health/provider.go:223 msg="failed to delete reporter status tree" module=health error="provider is stopped, no more updates will take place"
    logger.go:256: time=2026-03-17T14:39:12.775Z level=INFO source=/app/vendor/github.com/cilium/hive/cell/lifecycle.go:192 msg="Stop hook executed" module=jobs function=*job.queuedJob.Stop detail="reconcile (reconciler.Register[...].func2 (.../statedb/reconciler/builder.go:84))" duration=93.83µs
    logger.go:256: time=2026-03-17T14:39:12.775Z level=INFO source=/app/vendor/github.com/cilium/hive/cell/lifecycle.go:192 msg="Stop hook executed" module=jobs function=*job.queuedJob.Stop detail="sync-local-node (node.NewLocalNodeStore.func1.1 (pkg/node/local_node_store.go:118))" duration=1.248µs
    logger.go:256: time=2026-03-17T14:39:12.775Z level=INFO source=/app/vendor/github.com/cilium/hive/hive.go:405 msg="Stopped hive" duration=1.214099ms
=== NAME  TestScript/backendservices.txtar
    logger.go:256: time=2026-03-17T14:39:12.782Z level=INFO source=/app/pkg/ciliumenvoyconfig/script_test.go:527 msg=ReleaseProxyPort listener=test/ingress/listener
    scripttest.go:72: # Proxy redirect should be gone and CEC table should be empty (0.100s)
        > db/cmp services services.table
        > * db/empty ciliumenvoyconfigs envoy-resources
    scripttest.go:72: # The listener should now be deleted. (0.000s)
        > * envoy/cmp envoy2.expected
    scripttest.go:72: # ---------------------------------------------
    logger.go:256: time=2026-03-17T14:39:12.783Z level=INFO source=/app/vendor/github.com/cilium/hive/hive.go:401 msg="Stopping hive"
    logger.go:256: time=2026-03-17T14:39:12.784Z level=ERROR source=/app/pkg/hive/health/provider.go:223 msg="failed to delete reporter status tree" module=health error="provider is stopped, no more updates will take place"
    logger.go:256: time=2026-03-17T14:39:12.784Z level=INFO source=/app/vendor/github.com/cilium/hive/cell/lifecycle.go:192 msg="Stop hook executed" module=jobs function=*job.queuedJob.Stop detail="refresh (reconciler.Register[...].func3 (.../statedb/reconciler/builder.go:86))" duration=69.87µs
    logger.go:256: time=2026-03-17T14:39:12.784Z level=ERROR source=/app/pkg/hive/health/provider.go:223 msg="failed to delete reporter status tree" module=health error="provider is stopped, no more updates will take place"
    logger.go:256: time=2026-03-17T14:39:12.784Z level=INFO source=/app/vendor/github.com/cilium/hive/cell/lifecycle.go:192 msg="Stop hook executed" module=jobs function=*job.queuedJob.Stop detail="reconcile (reconciler.Register[...].func2 (.../statedb/reconciler/builder.go:84))" duration=67.201µs
    logger.go:256: time=2026-03-17T14:39:12.784Z level=INFO source=/app/vendor/github.com/cilium/hive/cell/lifecycle.go:192 msg="Stop hook executed" module=jobs function=*job.queuedJob.Stop detail="sync-local-node (node.NewLocalNodeStore.func1.1 (pkg/node/local_node_store.go:118))" duration=1.039µs
    logger.go:256: time=2026-03-17T14:39:12.784Z level=INFO source=/app/vendor/github.com/cilium/hive/hive.go:405 msg="Stopped hive" duration=807.278µs
=== NAME  TestScript/shared_cluster.txtar
    logger.go:256: time=2026-03-17T14:39:12.818Z level=INFO source=/app/pkg/ciliumenvoyconfig/script_test.go:527 msg=ReleaseProxyPort listener=test/listener-b/listener
=== NAME  TestScript/namespaced.txtar
    scripttest.go:72: (command "* db/empty services" succeeded after 1 retries in 0.101s)
        # Add back the service and endpoints (0.109s)
        > k8s/add service.yaml endpointslice.yaml
        > db/cmp services services_redirected.table
    scripttest.go:72: # Check again that updates happened. (0.000s)
        > * envoy/cmp envoy3.expected
    scripttest.go:72: # Change the service name in the CEC and check that
        # proxy redirect gets removed. (0.102s)
        > cp cec.yaml cec2.yaml
        > replace 'name: echo' 'name: echo2' cec2.yaml
        > k8s/update cec2.yaml
        > db/cmp services services.table
    scripttest.go:72: # Revert and then check that deleting the CEC results in
        # proxy redirect and listeners being removed. (0.016s)
        > k8s/update cec.yaml
        > db/cmp services services_redirected.table
        > k8s/delete cec.yaml
=== NAME  TestScript/shared_cluster.txtar
    scripttest.go:72: (command "* db/empty ciliumenvoyconfigs envoy-resources" failed, retrying in 200ms...)
    scripttest.go:72: (command "* db/empty ciliumenvoyconfigs envoy-resources" succeeded after 2 retries in 0.310s)
        # No resources for Envoy (0.000s)
        > * envoy/cmp envoy3.expected
    scripttest.go:72: # ---------------------------------------------
    logger.go:256: time=2026-03-17T14:39:12.981Z level=INFO source=/app/vendor/github.com/cilium/hive/hive.go:401 msg="Stopping hive"
    logger.go:256: time=2026-03-17T14:39:12.982Z level=INFO source=/app/vendor/github.com/cilium/hive/cell/lifecycle.go:192 msg="Stop hook executed" module=jobs function=*job.queuedJob.Stop detail="sync-local-node (node.NewLocalNodeStore.func1.1 (pkg/node/local_node_store.go:118))" duration=1.272µs
    logger.go:256: time=2026-03-17T14:39:12.982Z level=ERROR source=/app/pkg/hive/health/provider.go:223 msg="failed to delete reporter status tree" module=health error="provider is stopped, no more updates will take place"
    logger.go:256: time=2026-03-17T14:39:12.982Z level=INFO source=/app/vendor/github.com/cilium/hive/cell/lifecycle.go:192 msg="Stop hook executed" module=jobs function=*job.queuedJob.Stop detail="refresh (reconciler.Register[...].func3 (.../statedb/reconciler/builder.go:86))" duration=31.663µs
    logger.go:256: time=2026-03-17T14:39:12.982Z level=ERROR source=/app/pkg/hive/health/provider.go:223 msg="failed to delete reporter status tree" module=health error="provider is stopped, no more updates will take place"
    logger.go:256: time=2026-03-17T14:39:12.982Z level=INFO source=/app/vendor/github.com/cilium/hive/cell/lifecycle.go:192 msg="Stop hook executed" module=jobs function=*job.queuedJob.Stop detail="reconcile (reconciler.Register[...].func2 (.../statedb/reconciler/builder.go:84))" duration=70.478µs
    logger.go:256: time=2026-03-17T14:39:12.982Z level=INFO source=/app/vendor/github.com/cilium/hive/hive.go:405 msg="Stopped hive" duration=835.001µs
=== NAME  TestScript/namespaced.txtar
    logger.go:256: time=2026-03-17T14:39:13.065Z level=INFO source=/app/pkg/ciliumenvoyconfig/script_test.go:527 msg=ReleaseProxyPort listener=test/envoy-lb-listener/envoy-lb-listener
    scripttest.go:72: # Proxy redirect should be gone and CEC/resources empty. (0.101s)
        > db/cmp services services.table
        > * db/empty ciliumenvoyconfigs envoy-resources
    scripttest.go:72: # The listener should now be deleted. (0.000s)
        > * envoy/cmp envoy4.expected
    scripttest.go:72: # ---------------------------------------------
    logger.go:256: time=2026-03-17T14:39:13.066Z level=INFO source=/app/vendor/github.com/cilium/hive/hive.go:401 msg="Stopping hive"
    logger.go:256: time=2026-03-17T14:39:13.066Z level=ERROR source=/app/pkg/hive/health/provider.go:223 msg="failed to delete reporter status tree" module=health error="provider is stopped, no more updates will take place"
    logger.go:256: time=2026-03-17T14:39:13.066Z level=INFO source=/app/vendor/github.com/cilium/hive/cell/lifecycle.go:192 msg="Stop hook executed" module=jobs function=*job.queuedJob.Stop detail="refresh (reconciler.Register[...].func3 (.../statedb/reconciler/builder.go:86))" duration=72.394µs
    logger.go:256: time=2026-03-17T14:39:13.066Z level=ERROR source=/app/pkg/hive/health/provider.go:223 msg="failed to delete reporter status tree" module=health error="provider is stopped, no more updates will take place"
    logger.go:256: time=2026-03-17T14:39:13.066Z level=INFO source=/app/vendor/github.com/cilium/hive/cell/lifecycle.go:192 msg="Stop hook executed" module=jobs function=*job.queuedJob.Stop detail="reconcile (reconciler.Register[...].func2 (.../statedb/reconciler/builder.go:84))" duration=43.71µs
    logger.go:256: time=2026-03-17T14:39:13.066Z level=INFO source=/app/vendor/github.com/cilium/hive/cell/lifecycle.go:192 msg="Stop hook executed" module=jobs function=*job.queuedJob.Stop detail="sync-local-node (node.NewLocalNodeStore.func1.1 (pkg/node/local_node_store.go:118))" duration=1.065µs
    logger.go:256: time=2026-03-17T14:39:13.066Z level=INFO source=/app/vendor/github.com/cilium/hive/hive.go:405 msg="Stopped hive" duration=814.991µs
--- PASS: TestScript (0.00s)
    --- PASS: TestScript/labels.txtar (0.19s)
    --- PASS: TestScript/ingress.txtar (0.08s)
    --- PASS: TestScript/clusterwide.txtar (0.42s)
    --- PASS: TestScript/anyport.txtar (0.53s)
    --- PASS: TestScript/ingress-headless.txtar (0.34s)
    --- PASS: TestScript/terminating.txtar (0.27s)
    --- PASS: TestScript/headless.txtar (0.86s)
    --- PASS: TestScript/marshalling.txtar (0.11s)
    --- PASS: TestScript/backendservices.txtar (0.17s)
    --- PASS: TestScript/shared_cluster.txtar (0.74s)
    --- PASS: TestScript/namespaced.txtar (0.65s)
PASS
ok  	github.com/cilium/cilium/pkg/ciliumenvoyconfig	1.368s
=== RUN   TestHandleCleanup
--- PASS: TestHandleCleanup (0.00s)
PASS
ok  	github.com/cilium/cilium/pkg/cleanup	0.007s
=== RUN   TestHint
--- PASS: TestHint (0.00s)
=== RUN   TestClusterReadiness
--- PASS: TestClusterReadiness (0.00s)
=== RUN   TestNumReadyClusters
--- PASS: TestNumReadyClusters (0.00s)
=== RUN   TestFormStatusResponse
--- PASS: TestFormStatusResponse (0.00s)
PASS
ok  	github.com/cilium/cilium/pkg/client	0.023s
